[2025-07-02 10:35:44] local.INFO: owner {"id":1,"name":"Gabriel","surname":"Kochem","cpf":"08805166901","email":"gabikochem55@gmail.com","uuse_id":"ORlXJ9Fc6J","active":1,"created_at":"2025-05-26T10:45:58.000000Z","updated_at":"2025-05-26T10:45:58.000000Z"}  
[2025-07-02 10:35:47] local.INFO: Passou o login, token: 34|HrHCUlXeoChXR0smWYwaYxaTxKKqBWS1dgAUEQkoab2ddcbb  
[2025-07-02 21:53:44] local.INFO: owner {"id":1,"name":"Gabriel","surname":"Kochem","cpf":"08805166901","email":"gabikochem55@gmail.com","uuse_id":"Sq55KazkrO","active":1,"created_at":"2025-05-21T00:38:43.000000Z","updated_at":"2025-05-21T00:38:43.000000Z"}  
[2025-07-02 21:53:45] local.INFO: Passou o login, token: 42|FTTzviv7sXljiu10iRER0PF76ogRi4aW30eUtPysfe3c092a  
[2025-07-02 22:16:18] local.INFO: -- checkLogin --  
[2025-07-02 22:16:18] local.INFO: Estava logado  
[2025-07-02 22:16:26] local.INFO: -- checkLogin --  
[2025-07-02 22:16:26] local.INFO: Estava logado  
[2025-07-02 22:16:29] local.INFO: -- checkLogin --  
[2025-07-02 22:16:29] local.INFO: Estava logado  
[2025-07-02 22:16:46] local.INFO: -- checkLogin --  
[2025-07-02 22:16:46] local.INFO: Estava logado  
[2025-07-02 22:16:47] local.INFO: -- checkLogin --  
[2025-07-02 22:16:47] local.INFO: Estava logado  
[2025-07-02 22:16:58] local.INFO: -- checkLogin --  
[2025-07-02 22:16:58] local.INFO: Estava logado  
[2025-07-02 22:18:15] local.INFO: -- checkLogin --  
[2025-07-02 22:18:15] local.INFO: Estava logado  
[2025-07-02 22:22:40] local.INFO: -- checkLogin --  
[2025-07-02 22:22:40] local.INFO: Estava logado  
[2025-07-02 22:44:51] local.INFO: -- checkLogin --  
[2025-07-02 22:44:51] local.INFO: Estava logado  
[2025-07-02 22:45:32] local.INFO: -- checkLogin --  
[2025-07-02 22:45:32] local.INFO: Estava logado  
[2025-07-02 22:46:18] local.INFO: -- checkLogin --  
[2025-07-02 22:46:18] local.INFO: Estava logado  
[2025-07-02 22:46:20] local.INFO: -- checkLogin --  
[2025-07-02 22:46:20] local.INFO: Estava logado  
[2025-07-02 22:51:07] local.INFO: -- checkLogin --  
[2025-07-02 22:51:07] local.INFO: Estava logado  
