[2025-08-19 17:03:14] local.INFO: Vai buscar todas as NFC-e ativas da table = PDV  
[2025-08-19 17:05:28] local.DEBUG: array (
  0 => 
  array (
    'id' => 1,
    'product_code' => 1,
    'product' => 'Produto correto',
    'active' => 1,
    'barcode' => 0,
    'barcode_internal' => 0,
    'cfop' => '5102',
    'csosncst' => '102',
    'amount' => 1,
    'sale_price' => 20,
  ),
)  
[2025-08-19 17:05:28] local.INFO: -- Iniciou o saveSale() line 149 --   
[2025-08-19 17:05:28] local.INFO: pdvData:   
[2025-08-19 17:05:28] local.INFO: -- Iniciou o saveProducts() line 90 --   
[2025-08-19 17:05:28] local.DEBUG: array (
  'id' => 1,
  'product_code' => 1,
  'product' => 'Produto correto',
  'active' => 1,
  'barcode' => 0,
  'barcode_internal' => 0,
  'cfop' => '5102',
  'csosncst' => '102',
  'amount' => 1,
  'sale_price' => 20,
)  
[2025-08-19 17:05:30] local.DEBUG: array (
  0 => 
  array (
    'id' => 1,
    'product_code' => 1,
    'product' => 'Produto correto',
    'active' => 1,
    'barcode' => 0,
    'barcode_internal' => 0,
    'cfop' => '5102',
    'csosncst' => '102',
    'amount' => 1,
    'sale_price' => 20,
  ),
)  
[2025-08-19 17:05:30] local.INFO: -- Iniciou o saveSale() line 149 --   
[2025-08-19 17:05:30] local.INFO: pdvData:   
[2025-08-19 17:05:30] local.INFO: -- Iniciou o saveProducts() line 90 --   
[2025-08-19 17:05:30] local.DEBUG: array (
  'id' => 1,
  'product_code' => 1,
  'product' => 'Produto correto',
  'active' => 1,
  'barcode' => 0,
  'barcode_internal' => 0,
  'cfop' => '5102',
  'csosncst' => '102',
  'amount' => 1,
  'sale_price' => 20,
)  
[2025-08-19 17:05:48] local.DEBUG: array (
  0 => 
  array (
    'id' => 1,
    'product_code' => 1,
    'product' => 'Produto correto',
    'active' => 1,
    'barcode' => 0,
    'barcode_internal' => 0,
    'cfop' => '5102',
    'csosncst' => '102',
    'amount' => 1,
    'sale_price' => 20,
  ),
)  
[2025-08-19 17:05:48] local.INFO: -- Iniciou o saveSale() line 149 --   
[2025-08-19 17:05:48] local.INFO: pdvData:   
[2025-08-19 17:05:48] local.INFO: -- Iniciou o saveProducts() line 90 --   
[2025-08-19 17:05:48] local.DEBUG: array (
  'id' => 1,
  'product_code' => 1,
  'product' => 'Produto correto',
  'active' => 1,
  'barcode' => 0,
  'barcode_internal' => 0,
  'cfop' => '5102',
  'csosncst' => '102',
  'amount' => 1,
  'sale_price' => 20,
)  
[2025-08-19 17:08:25] local.DEBUG: array (
  0 => 
  array (
    'id' => 1,
    'product_code' => 1,
    'product' => 'Produto correto',
    'active' => 1,
    'barcode' => 0,
    'barcode_internal' => 0,
    'cfop' => '5102',
    'csosncst' => '102',
    'amount' => 1,
    'sale_price' => 20,
  ),
)  
[2025-08-19 17:08:25] local.INFO: -- Iniciou o saveSale() line 149 --   
[2025-08-19 17:08:25] local.INFO: pdvData:   
[2025-08-19 17:08:25] local.INFO: -- Iniciou o saveProducts() line 90 --   
[2025-08-19 17:08:25] local.DEBUG: array (
  'id' => 1,
  'product_code' => 1,
  'product' => 'Produto correto',
  'active' => 1,
  'barcode' => 0,
  'barcode_internal' => 0,
  'cfop' => '5102',
  'csosncst' => '102',
  'amount' => 1,
  'sale_price' => 20,
)  
[2025-08-19 17:09:17] local.INFO: Vai fazer a busca das vendas com campo: is_nfce_nm = null e canceled = 0  
[2025-08-19 17:09:17] local.INFO: -- Iniciou o finalizeSale() line 222 --   
[2025-08-19 17:09:17] local.INFO: Memória usada PDVRepository::class, finalizeSale: 23068672  
[2025-08-19 17:09:17] local.INFO: PDV pelo issuer_ud {"pdv":{"App\\Models\\EcommerceModels\\PDV":{"id":4,"pdv_code":4,"issuer_id":1,"description":"Venda Nota Manual N° 4","issue_date":"2025-08-19","n_nfce":null,"customer_code":1,"chart_of_account_code":null,"cost_center_code":null,"customer":"Consumidor Padrão","gross_value":"20.00","net_value":"20.00","discount":"0.00","addition":"0.00","user_id":1,"user":"Gabriel","finished":0,"canceled":0,"is_nfce_nm":"nm","status":"Pendente","active":1}}} 
[2025-08-19 17:09:17] local.INFO: Vai procurar a(s) formas de pagamento  
[2025-08-19 17:09:17] local.DEBUG: Formas de pagamento:  [{"App\\Models\\EcommerceModels\\PaymentForms":{"id":1,"payment_code":1,"issuer_id":1,"especie":"Dinheiro","tipo_lancamento":"Caixa","payments_form_type":"DINHEIRO","pix_key":null,"bank_key":null,"other_key":null,"active":1}}] 
[2025-08-19 17:09:17] local.INFO: Tipo de venda NM/NFCE: nm  
[2025-08-19 17:09:17] local.INFO: Retorno do pagamento: 1  
[2025-08-19 17:09:17] local.INFO: Pagamento bem sucessido, vai alterar o PDV: {"id":4,"pdv_code":4,"issuer_id":1,"description":"Venda Nota Manual N\u00b0 4","issue_date":"2025-08-19","n_nfce":null,"customer_code":1,"chart_of_account_code":null,"cost_center_code":null,"customer":"Consumidor Padr\u00e3o","gross_value":"20.00","net_value":"20.00","discount":"0.00","addition":"0.00","user_id":1,"user":"Gabriel","finished":0,"canceled":0,"is_nfce_nm":"nm","status":"Pendente","active":1}  
[2025-08-19 17:09:17] local.INFO: $type nm  
[2025-08-19 17:09:17] local.INFO: Tipo de venda: NFC-e/NMnm  
[2025-08-19 17:09:17] local.INFO: Buscar e alterar os produtos, pdv_code = 4  
[2025-08-19 17:09:17] local.INFO: Alteração dentro do for = 4  
[2025-08-19 17:09:25] local.INFO: Vai buscar todas as NFC-e ativas da table = PDV  
[2025-08-19 17:09:45] local.DEBUG: array (
  0 => 
  array (
    'id' => 1,
    'product_code' => 1,
    'product' => 'Produto correto',
    'active' => 1,
    'barcode' => 0,
    'barcode_internal' => 0,
    'cfop' => '5102',
    'csosncst' => '102',
    'amount' => 1,
    'sale_price' => 20,
  ),
)  
[2025-08-19 17:09:45] local.INFO: -- Iniciou o saveSale() line 149 --   
[2025-08-19 17:09:45] local.INFO: pdvData:   
[2025-08-19 17:09:45] local.INFO: -- Iniciou o saveProducts() line 90 --   
[2025-08-19 17:09:45] local.DEBUG: array (
  'id' => 1,
  'product_code' => 1,
  'product' => 'Produto correto',
  'active' => 1,
  'barcode' => 0,
  'barcode_internal' => 0,
  'cfop' => '5102',
  'csosncst' => '102',
  'amount' => 1,
  'sale_price' => 20,
)  
[2025-08-19 17:09:53] local.INFO: Vai fazer a busca das vendas com campo: is_nfce_nm = null e canceled = 0  
[2025-08-19 17:09:53] local.INFO: -- Iniciou o finalizeSale() line 222 --   
[2025-08-19 17:09:53] local.INFO: Memória usada PDVRepository::class, finalizeSale: 23068672  
[2025-08-19 17:09:53] local.INFO: PDV pelo issuer_ud {"pdv":{"App\\Models\\EcommerceModels\\PDV":{"id":5,"pdv_code":5,"issuer_id":1,"description":"Venda Nota Manual N° 5","issue_date":"2025-08-19","n_nfce":null,"customer_code":1,"chart_of_account_code":null,"cost_center_code":null,"customer":"Consumidor Padrão","gross_value":"20.00","net_value":"20.00","discount":"0.00","addition":"0.00","user_id":1,"user":"Gabriel","finished":0,"canceled":0,"is_nfce_nm":"nm","status":"Pendente","active":1}}} 
[2025-08-19 17:09:53] local.INFO: Vai procurar a(s) formas de pagamento  
[2025-08-19 17:09:53] local.DEBUG: Formas de pagamento:  [{"App\\Models\\EcommerceModels\\PaymentForms":{"id":1,"payment_code":1,"issuer_id":1,"especie":"Dinheiro","tipo_lancamento":"Caixa","payments_form_type":"DINHEIRO","pix_key":null,"bank_key":null,"other_key":null,"active":1}}] 
[2025-08-19 17:09:53] local.INFO: Tipo de venda NM/NFCE: nm  
[2025-08-19 17:09:53] local.INFO: Retorno do pagamento: 1  
[2025-08-19 17:09:53] local.INFO: Pagamento bem sucessido, vai alterar o PDV: {"id":5,"pdv_code":5,"issuer_id":1,"description":"Venda Nota Manual N\u00b0 5","issue_date":"2025-08-19","n_nfce":null,"customer_code":1,"chart_of_account_code":null,"cost_center_code":null,"customer":"Consumidor Padr\u00e3o","gross_value":"20.00","net_value":"20.00","discount":"0.00","addition":"0.00","user_id":1,"user":"Gabriel","finished":0,"canceled":0,"is_nfce_nm":"nm","status":"Pendente","active":1}  
[2025-08-19 17:09:53] local.INFO: $type nm  
[2025-08-19 17:09:53] local.INFO: Tipo de venda: NFC-e/NMnm  
[2025-08-19 17:09:53] local.INFO: Buscar e alterar os produtos, pdv_code = 5  
[2025-08-19 17:09:53] local.INFO: Alteração dentro do for = 5  
[2025-08-19 17:09:58] local.INFO: Vai buscar todas as NFC-e ativas da table = PDV  
[2025-08-19 17:10:22] local.INFO: Vai fazer a busca das vendas com campo: is_nfce_nm = null e canceled = 0  
[2025-08-19 17:10:31] local.INFO: Vai fazer a busca das vendas com campo: is_nfce_nm = null e canceled = 0  
[2025-08-19 17:10:31] local.INFO: -- Iniciou o finalizeSale() line 222 --   
[2025-08-19 17:10:31] local.INFO: Memória usada PDVRepository::class, finalizeSale: 23068672  
[2025-08-19 17:10:31] local.INFO: PDV pelo issuer_ud {"pdv":{"App\\Models\\EcommerceModels\\PDV":{"id":3,"pdv_code":3,"issuer_id":1,"description":"Venda Nota Manual N° 3","issue_date":"2025-08-19","n_nfce":null,"customer_code":1,"chart_of_account_code":null,"cost_center_code":null,"customer":"Consumidor Padrão","gross_value":"20.00","net_value":"20.00","discount":"0.00","addition":"0.00","user_id":1,"user":"Gabriel","finished":0,"canceled":0,"is_nfce_nm":"nm","status":"Pendente","active":1}}} 
[2025-08-19 17:10:31] local.INFO: Vai procurar a(s) formas de pagamento  
[2025-08-19 17:10:31] local.DEBUG: Formas de pagamento:  [{"App\\Models\\EcommerceModels\\PaymentForms":{"id":1,"payment_code":1,"issuer_id":1,"especie":"Dinheiro","tipo_lancamento":"Caixa","payments_form_type":"DINHEIRO","pix_key":null,"bank_key":null,"other_key":null,"active":1}}] 
[2025-08-19 17:10:31] local.INFO: Tipo de venda NM/NFCE: nm  
[2025-08-19 17:10:31] local.INFO: Retorno do pagamento: 1  
[2025-08-19 17:10:31] local.INFO: Pagamento bem sucessido, vai alterar o PDV: {"id":3,"pdv_code":3,"issuer_id":1,"description":"Venda Nota Manual N\u00b0 3","issue_date":"2025-08-19","n_nfce":null,"customer_code":1,"chart_of_account_code":null,"cost_center_code":null,"customer":"Consumidor Padr\u00e3o","gross_value":"20.00","net_value":"20.00","discount":"0.00","addition":"0.00","user_id":1,"user":"Gabriel","finished":0,"canceled":0,"is_nfce_nm":"nm","status":"Pendente","active":1}  
[2025-08-19 17:10:31] local.INFO: $type nm  
[2025-08-19 17:10:31] local.INFO: Tipo de venda: NFC-e/NMnm  
[2025-08-19 17:10:31] local.INFO: Buscar e alterar os produtos, pdv_code = 3  
[2025-08-19 17:10:31] local.INFO: Alteração dentro do for = 3  
[2025-08-19 17:10:42] local.INFO: Vai buscar todas as NFC-e ativas da table = PDV  
[2025-08-19 17:11:09] local.INFO: Vai fazer a busca das vendas com campo: is_nfce_nm = null e canceled = 0  
[2025-08-19 17:11:26] local.INFO: Vai fazer a busca das vendas com campo: is_nfce_nm = null e canceled = 0  
[2025-08-19 17:11:26] local.INFO: -- Iniciou o finalizeSale() line 222 --   
[2025-08-19 17:11:26] local.INFO: Memória usada PDVRepository::class, finalizeSale: 23068672  
[2025-08-19 17:11:26] local.INFO: PDV pelo issuer_ud {"pdv":{"App\\Models\\EcommerceModels\\PDV":{"id":1,"pdv_code":1,"issuer_id":1,"description":"Venda Nota Manual N° 1","issue_date":"2025-08-19","n_nfce":null,"customer_code":1,"chart_of_account_code":null,"cost_center_code":null,"customer":"Consumidor Padrão","gross_value":"20.00","net_value":"20.00","discount":"0.00","addition":"0.00","user_id":1,"user":"Gabriel","finished":0,"canceled":0,"is_nfce_nm":"nm","status":"Pendente","active":1}}} 
[2025-08-19 17:11:26] local.INFO: Vai procurar a(s) formas de pagamento  
[2025-08-19 17:11:26] local.DEBUG: Formas de pagamento:  [{"App\\Models\\EcommerceModels\\PaymentForms":{"id":1,"payment_code":1,"issuer_id":1,"especie":"Dinheiro","tipo_lancamento":"Caixa","payments_form_type":"DINHEIRO","pix_key":null,"bank_key":null,"other_key":null,"active":1}}] 
[2025-08-19 17:11:26] local.INFO: Tipo de venda NM/NFCE: nm  
[2025-08-19 17:11:26] local.INFO: Retorno do pagamento: 1  
[2025-08-19 17:11:26] local.INFO: Pagamento bem sucessido, vai alterar o PDV: {"id":1,"pdv_code":1,"issuer_id":1,"description":"Venda Nota Manual N\u00b0 1","issue_date":"2025-08-19","n_nfce":null,"customer_code":1,"chart_of_account_code":null,"cost_center_code":null,"customer":"Consumidor Padr\u00e3o","gross_value":"20.00","net_value":"20.00","discount":"0.00","addition":"0.00","user_id":1,"user":"Gabriel","finished":0,"canceled":0,"is_nfce_nm":"nm","status":"Pendente","active":1}  
[2025-08-19 17:11:26] local.INFO: $type nm  
[2025-08-19 17:11:26] local.INFO: Tipo de venda: NFC-e/NMnm  
[2025-08-19 17:11:26] local.INFO: Buscar e alterar os produtos, pdv_code = 1  
[2025-08-19 17:11:26] local.INFO: Alteração dentro do for = 1  
[2025-08-19 17:11:34] local.INFO: Vai buscar todas as NFC-e ativas da table = PDV  
[2025-08-19 17:14:14] local.INFO: Vai buscar todas as NFC-e ativas da table = PDV  
