<<<<<<< HEAD
[2025-05-13 16:44:44] local.INFO: Memória usada ConfigController::class, __construct: 20971520  
[2025-05-13 16:44:44] local.INFO: ConfigController: $issuer_id 3  
[2025-05-13 16:44:44] local.INFO: Buscando todas as espécies na table: payments  
[2025-05-13 16:47:22] local.INFO: Buscando todas as espécies na table: payments  
[2025-05-13 16:48:07] local.INFO: Buscando todas as espécies na table: payments  
[2025-05-13 16:48:24] local.INFO: Buscando todas as espécies na table: payments  
[2025-05-13 16:48:38] local.INFO: Memória usada CashRegisterRepository::class, getAll: 20971520  
[2025-05-13 16:48:40] local.INFO: Memória usada ConfigController::class, __construct: 20971520  
[2025-05-13 16:48:40] local.INFO: ConfigController: $issuer_id 3  
[2025-05-13 16:48:41] local.INFO: Buscando todas as espécies na table: payments  
[2025-05-13 16:50:05] local.INFO: Memória usada ConfigController::class, __construct: 20971520  
[2025-05-13 16:50:05] local.INFO: ConfigController: $issuer_id 3  
[2025-05-13 16:50:06] local.INFO: Buscando todas as espécies na table: payments  
[2025-05-13 16:50:16] local.INFO: Memória usada ConfigController::class, __construct: 20971520  
[2025-05-13 16:50:16] local.INFO: ConfigController: $issuer_id 3  
[2025-05-13 16:50:16] local.INFO: Buscando todas as espécies na table: payments  
[2025-05-13 16:55:57] local.INFO: Buscando todas as espécies na table: payments  
=======
[2025-05-12 16:30:15] local.INFO: owner {"id":1,"name":"Jo\u00e3o","surname":"Lodi","cpf":"11505315921","email":"joaolodi01@gmail.com","uuse_id":"xZdG3vsrC9","active":1,"created_at":"2025-05-08T11:11:06.000000Z","updated_at":"2025-05-08T11:11:06.000000Z"}  
[2025-05-12 16:30:18] local.INFO: Passou o login, token: 3|meAvuLgoMI3BtK43f11cZV54JGXP1zCDYwdVwSpQ62fe4676  
[2025-05-12 16:30:26] local.INFO: owner {"id":1,"name":"Jo\u00e3o","surname":"Lodi","cpf":"11505315921","email":"joaolodi01@gmail.com","uuse_id":"xZdG3vsrC9","active":1,"created_at":"2025-05-08T11:11:06.000000Z","updated_at":"2025-05-08T11:11:06.000000Z"}  
[2025-05-12 16:30:26] local.INFO: Passou o login, token: 4|Fzf1EJKK1YEmWGh66wbzooag6TTEa12smhw5Brgz0af00bee  
[2025-05-12 16:30:29] local.INFO: Memória usada no RegisterIssuerRepository 23068672  
[2025-05-12 16:30:53] local.INFO: Memória usada CashRegisterRepository::class, getAll: 23068672  
[2025-05-12 16:35:15] local.INFO: Memória usada CashRegisterRepository::class, getAll: 23068672  
[2025-05-12 16:53:02] local.INFO: Memória usada CashRegisterRepository::class, getAll: 23068672  
[2025-05-12 16:53:39] local.INFO: Memória usada CashRegisterRepository::class, getAll: 23068672  
[2025-05-12 16:53:42] local.INFO: Memória usada CashRegisterRepository::class, getAll: 23068672  
[2025-05-12 16:53:43] local.INFO: Memória usada CashRegisterRepository::class, getAll: 23068672  
[2025-05-12 16:53:47] local.INFO: Memória usada CashRegisterRepository::class, getAll: 23068672  
[2025-05-12 16:53:52] local.INFO: Memória usada CashRegisterRepository::class, getAll: 23068672  
[2025-05-12 16:53:53] local.INFO: Memória usada CashRegisterRepository::class, getAll: 23068672  
[2025-05-12 16:54:19] local.INFO: Memória usada CashRegisterRepository::class, getAll: 23068672  
[2025-05-12 16:54:31] local.INFO: Memória usada CashRegisterRepository::class, getAll: 20971520  
[2025-05-12 16:55:28] local.INFO: Memória usada CashRegisterRepository::class, getAll: 23068672  
[2025-05-12 16:55:48] local.INFO: Memória usada CashRegisterRepository::class, getAll: 23068672  
[2025-05-12 16:55:50] local.INFO: Memória usada CashRegisterRepository::class, getAll: 23068672  
[2025-05-12 16:55:59] local.INFO: Memória usada ConfigController::class, __construct: 23068672  
[2025-05-12 16:55:59] local.INFO: ConfigController: $issuer_id 1  
[2025-05-12 16:55:59] local.INFO: Memória usada no RegisterIssuerRepository 20971520  
[2025-05-12 16:56:00] local.INFO: Memória usada ConfigController::class, __construct: 23068672  
[2025-05-12 16:56:00] local.INFO: ConfigController: $issuer_id 1  
[2025-05-12 16:56:00] local.INFO: Memória usada ConfigController::class, __construct: 20971520  
[2025-05-12 16:56:00] local.INFO: ConfigController: $issuer_id 1  
[2025-05-12 16:56:48] local.INFO: Memória usada CashRegisterRepository::class, getAll: 23068672  
[2025-05-12 16:56:51] local.INFO: Memória usada CashRegisterRepository::class, getAll: 20971520  
[2025-05-12 16:56:58] local.INFO: ProductsRepository: getAll: 1 issuer: {"id":1,"company_name":"Sgbr Sistemas","trade_name":"Sgbr Sistemas","cnpj":"17089484000190","cpf":null,"uf":"SC","address":"Rua Ricardo Jo\u00e3o Angoneze","number":"243","cep":"89705228","ie":"11111111111111","im":"111111111111","main_activity":"Com\u00e9rcio varejista especializado de equipamentos e suprimentos de inform\u00e1tica","cod_cnae":1111111111,"cnae":"Com\u00e9rcio varejista especializado de equipamentos e suprimentos de inform\u00e1tica","cod_crt":2,"crt":"Lucro real","date_of_foundation":"2012-10-30","owner_id":1,"active":1,"created_at":"2025-05-08T11:11:20.000000Z","updated_at":"2025-05-08T11:11:44.000000Z"}  
[2025-05-12 16:57:03] local.INFO: ProductsRepository: getAll: 1 issuer: {"id":1,"company_name":"Sgbr Sistemas","trade_name":"Sgbr Sistemas","cnpj":"17089484000190","cpf":null,"uf":"SC","address":"Rua Ricardo Jo\u00e3o Angoneze","number":"243","cep":"89705228","ie":"11111111111111","im":"111111111111","main_activity":"Com\u00e9rcio varejista especializado de equipamentos e suprimentos de inform\u00e1tica","cod_cnae":1111111111,"cnae":"Com\u00e9rcio varejista especializado de equipamentos e suprimentos de inform\u00e1tica","cod_crt":2,"crt":"Lucro real","date_of_foundation":"2012-10-30","owner_id":1,"active":1,"created_at":"2025-05-08T11:11:20.000000Z","updated_at":"2025-05-08T11:11:44.000000Z"}  
[2025-05-12 16:58:01] local.INFO: ProductsRepository: getAll: 1 issuer: {"id":1,"company_name":"Sgbr Sistemas","trade_name":"Sgbr Sistemas","cnpj":"17089484000190","cpf":null,"uf":"SC","address":"Rua Ricardo Jo\u00e3o Angoneze","number":"243","cep":"89705228","ie":"11111111111111","im":"111111111111","main_activity":"Com\u00e9rcio varejista especializado de equipamentos e suprimentos de inform\u00e1tica","cod_cnae":1111111111,"cnae":"Com\u00e9rcio varejista especializado de equipamentos e suprimentos de inform\u00e1tica","cod_crt":2,"crt":"Lucro real","date_of_foundation":"2012-10-30","owner_id":1,"active":1,"created_at":"2025-05-08T11:11:20.000000Z","updated_at":"2025-05-08T11:11:44.000000Z"}  
[2025-05-12 16:59:08] local.INFO: ProductsRepository: getAll: 1 issuer: {"id":1,"company_name":"Sgbr Sistemas","trade_name":"Sgbr Sistemas","cnpj":"17089484000190","cpf":null,"uf":"SC","address":"Rua Ricardo Jo\u00e3o Angoneze","number":"243","cep":"89705228","ie":"11111111111111","im":"111111111111","main_activity":"Com\u00e9rcio varejista especializado de equipamentos e suprimentos de inform\u00e1tica","cod_cnae":1111111111,"cnae":"Com\u00e9rcio varejista especializado de equipamentos e suprimentos de inform\u00e1tica","cod_crt":2,"crt":"Lucro real","date_of_foundation":"2012-10-30","owner_id":1,"active":1,"created_at":"2025-05-08T11:11:20.000000Z","updated_at":"2025-05-08T11:11:44.000000Z"}  
[2025-05-12 17:00:24] local.INFO: Memória usada CashRegisterRepository::class, getAll: 23068672  
[2025-05-12 17:00:35] local.INFO: ProductsRepository: getAll: 1 issuer: {"id":1,"company_name":"Sgbr Sistemas","trade_name":"Sgbr Sistemas","cnpj":"17089484000190","cpf":null,"uf":"SC","address":"Rua Ricardo Jo\u00e3o Angoneze","number":"243","cep":"89705228","ie":"11111111111111","im":"111111111111","main_activity":"Com\u00e9rcio varejista especializado de equipamentos e suprimentos de inform\u00e1tica","cod_cnae":1111111111,"cnae":"Com\u00e9rcio varejista especializado de equipamentos e suprimentos de inform\u00e1tica","cod_crt":2,"crt":"Lucro real","date_of_foundation":"2012-10-30","owner_id":1,"active":1,"created_at":"2025-05-08T11:11:20.000000Z","updated_at":"2025-05-08T11:11:44.000000Z"}  
[2025-05-12 17:01:09] local.INFO: ProductsRepository: getAll: 1 issuer: {"id":1,"company_name":"Sgbr Sistemas","trade_name":"Sgbr Sistemas","cnpj":"17089484000190","cpf":null,"uf":"SC","address":"Rua Ricardo Jo\u00e3o Angoneze","number":"243","cep":"89705228","ie":"11111111111111","im":"111111111111","main_activity":"Com\u00e9rcio varejista especializado de equipamentos e suprimentos de inform\u00e1tica","cod_cnae":1111111111,"cnae":"Com\u00e9rcio varejista especializado de equipamentos e suprimentos de inform\u00e1tica","cod_crt":2,"crt":"Lucro real","date_of_foundation":"2012-10-30","owner_id":1,"active":1,"created_at":"2025-05-08T11:11:20.000000Z","updated_at":"2025-05-08T11:11:44.000000Z"}  
[2025-05-12 17:02:53] local.INFO: ProductsRepository: getAll: 1 issuer: {"id":1,"company_name":"Sgbr Sistemas","trade_name":"Sgbr Sistemas","cnpj":"17089484000190","cpf":null,"uf":"SC","address":"Rua Ricardo Jo\u00e3o Angoneze","number":"243","cep":"89705228","ie":"11111111111111","im":"111111111111","main_activity":"Com\u00e9rcio varejista especializado de equipamentos e suprimentos de inform\u00e1tica","cod_cnae":1111111111,"cnae":"Com\u00e9rcio varejista especializado de equipamentos e suprimentos de inform\u00e1tica","cod_crt":2,"crt":"Lucro real","date_of_foundation":"2012-10-30","owner_id":1,"active":1,"created_at":"2025-05-08T11:11:20.000000Z","updated_at":"2025-05-08T11:11:44.000000Z"}  
[2025-05-12 17:03:15] local.INFO: ProductsRepository: getAll: 1 issuer: {"id":1,"company_name":"Sgbr Sistemas","trade_name":"Sgbr Sistemas","cnpj":"17089484000190","cpf":null,"uf":"SC","address":"Rua Ricardo Jo\u00e3o Angoneze","number":"243","cep":"89705228","ie":"11111111111111","im":"111111111111","main_activity":"Com\u00e9rcio varejista especializado de equipamentos e suprimentos de inform\u00e1tica","cod_cnae":1111111111,"cnae":"Com\u00e9rcio varejista especializado de equipamentos e suprimentos de inform\u00e1tica","cod_crt":2,"crt":"Lucro real","date_of_foundation":"2012-10-30","owner_id":1,"active":1,"created_at":"2025-05-08T11:11:20.000000Z","updated_at":"2025-05-08T11:11:44.000000Z"}  
[2025-05-12 17:03:18] local.INFO: Memória usada CashRegisterRepository::class, getAll: 23068672  
[2025-05-12 17:03:22] local.INFO: Memória usada CashRegisterRepository::class, getAll: 20971520  
[2025-05-12 17:47:35] local.INFO: Memória usada CashRegisterRepository::class, getAll: 23068672  
[2025-05-12 17:47:38] local.INFO: Memória usada CashRegisterRepository::class, getAll: 23068672  
[2025-05-12 17:47:43] local.INFO: Memória usada ConfigController::class, __construct: 23068672  
[2025-05-12 17:47:43] local.INFO: ConfigController: $issuer_id 1  
[2025-05-12 17:47:44] local.INFO: Iniciou getAll PaymentsRepository  
[2025-05-12 17:47:44] local.INFO: Buscando por emitente  
[2025-05-12 17:47:44] local.INFO: Resultado: {"id":1,"company_name":"Sgbr Sistemas","trade_name":"Sgbr Sistemas","cnpj":"17089484000190","cpf":null,"uf":"SC","address":"Rua Ricardo Jo\u00e3o Angoneze","number":"243","cep":"89705228","ie":"11111111111111","im":"111111111111","main_activity":"Com\u00e9rcio varejista especializado de equipamentos e suprimentos de inform\u00e1tica","cod_cnae":1111111111,"cnae":"Com\u00e9rcio varejista especializado de equipamentos e suprimentos de inform\u00e1tica","cod_crt":2,"crt":"Lucro real","date_of_foundation":"2012-10-30","owner_id":1,"active":1,"created_at":"2025-05-08T11:11:20.000000Z","updated_at":"2025-05-08T11:11:44.000000Z"}  
[2025-05-12 17:57:58] local.INFO: Memória usada ConfigController::class, __construct: 23068672  
[2025-05-12 17:57:58] local.INFO: ConfigController: $issuer_id 1  
[2025-05-12 17:57:59] local.INFO: Iniciou getAll PaymentsRepository  
[2025-05-12 17:57:59] local.INFO: Buscando por emitente  
[2025-05-12 17:57:59] local.INFO: Resultado: {"id":1,"company_name":"Sgbr Sistemas","trade_name":"Sgbr Sistemas","cnpj":"17089484000190","cpf":null,"uf":"SC","address":"Rua Ricardo Jo\u00e3o Angoneze","number":"243","cep":"89705228","ie":"11111111111111","im":"111111111111","main_activity":"Com\u00e9rcio varejista especializado de equipamentos e suprimentos de inform\u00e1tica","cod_cnae":1111111111,"cnae":"Com\u00e9rcio varejista especializado de equipamentos e suprimentos de inform\u00e1tica","cod_crt":2,"crt":"Lucro real","date_of_foundation":"2012-10-30","owner_id":1,"active":1,"created_at":"2025-05-08T11:11:20.000000Z","updated_at":"2025-05-08T11:11:44.000000Z"}  
[2025-05-12 17:58:05] local.INFO: Memória usada ConfigController::class, __construct: 23068672  
[2025-05-12 17:58:05] local.INFO: ConfigController: $issuer_id 1  
[2025-05-12 17:58:05] local.INFO: Iniciou getAll PaymentsRepository  
[2025-05-12 17:58:05] local.INFO: Buscando por emitente  
[2025-05-12 17:58:05] local.INFO: Resultado: {"id":1,"company_name":"Sgbr Sistemas","trade_name":"Sgbr Sistemas","cnpj":"17089484000190","cpf":null,"uf":"SC","address":"Rua Ricardo Jo\u00e3o Angoneze","number":"243","cep":"89705228","ie":"11111111111111","im":"111111111111","main_activity":"Com\u00e9rcio varejista especializado de equipamentos e suprimentos de inform\u00e1tica","cod_cnae":1111111111,"cnae":"Com\u00e9rcio varejista especializado de equipamentos e suprimentos de inform\u00e1tica","cod_crt":2,"crt":"Lucro real","date_of_foundation":"2012-10-30","owner_id":1,"active":1,"created_at":"2025-05-08T11:11:20.000000Z","updated_at":"2025-05-08T11:11:44.000000Z"}  
[2025-05-12 17:58:08] local.INFO: Memória usada CashRegisterRepository::class, getAll: 23068672  
[2025-05-12 17:58:09] local.INFO: Iniciou getAll PaymentsRepository  
[2025-05-12 17:58:09] local.INFO: Buscando por emitente  
[2025-05-12 17:58:09] local.INFO: Resultado: {"id":1,"company_name":"Sgbr Sistemas","trade_name":"Sgbr Sistemas","cnpj":"17089484000190","cpf":null,"uf":"SC","address":"Rua Ricardo Jo\u00e3o Angoneze","number":"243","cep":"89705228","ie":"11111111111111","im":"111111111111","main_activity":"Com\u00e9rcio varejista especializado de equipamentos e suprimentos de inform\u00e1tica","cod_cnae":1111111111,"cnae":"Com\u00e9rcio varejista especializado de equipamentos e suprimentos de inform\u00e1tica","cod_crt":2,"crt":"Lucro real","date_of_foundation":"2012-10-30","owner_id":1,"active":1,"created_at":"2025-05-08T11:11:20.000000Z","updated_at":"2025-05-08T11:11:44.000000Z"}  
[2025-05-12 17:58:09] local.INFO: Memória usada ConfigController::class, __construct: 20971520  
[2025-05-12 17:58:09] local.INFO: ConfigController: $issuer_id 1  
[2025-05-13 16:52:32] local.INFO: owner {"id":1,"name":"Jo\u00e3o","surname":"Lodi","cpf":"11505315921","email":"joaolodi01@gmail.com","uuse_id":"xZdG3vsrC9","active":1,"created_at":"2025-05-08T11:11:06.000000Z","updated_at":"2025-05-08T11:11:06.000000Z"}  
[2025-05-13 16:52:34] local.INFO: Passou o login, token: 5|sWgk3M7MrHoowI7oSDonMeEoYkOWE8FKrNzySuw94b07ff20  
[2025-05-13 16:52:37] local.INFO: owner {"id":1,"name":"Jo\u00e3o","surname":"Lodi","cpf":"11505315921","email":"joaolodi01@gmail.com","uuse_id":"xZdG3vsrC9","active":1,"created_at":"2025-05-08T11:11:06.000000Z","updated_at":"2025-05-08T11:11:06.000000Z"}  
[2025-05-13 16:52:37] local.INFO: Passou o login, token: 6|dmF0hqhfLtnginScJgQHyo43O4E26VD2RFDLXPBJ8d4d3f6c  
[2025-05-13 16:52:39] local.INFO: Memória usada no RegisterIssuerRepository 23068672  
[2025-05-13 16:52:44] local.INFO: Memória usada CashRegisterRepository::class, getAll: 23068672  
[2025-05-13 16:52:46] local.INFO: Memória usada ConfigController::class, __construct: 23068672  
[2025-05-13 16:52:46] local.INFO: ConfigController: $issuer_id 1  
[2025-05-13 16:52:47] local.INFO: Iniciou getAll PaymentsRepository  
[2025-05-13 16:52:47] local.INFO: Buscando por emitente  
[2025-05-13 16:52:47] local.INFO: Resultado: {"id":1,"company_name":"Sgbr Sistemas","trade_name":"Sgbr Sistemas","cnpj":"17089484000190","cpf":null,"uf":"SC","address":"Rua Ricardo Jo\u00e3o Angoneze","number":"243","cep":"89705228","ie":"11111111111111","im":"111111111111","main_activity":"Com\u00e9rcio varejista especializado de equipamentos e suprimentos de inform\u00e1tica","cod_cnae":1111111111,"cnae":"Com\u00e9rcio varejista especializado de equipamentos e suprimentos de inform\u00e1tica","cod_crt":2,"crt":"Lucro real","date_of_foundation":"2012-10-30","owner_id":1,"active":1,"created_at":"2025-05-08T11:11:20.000000Z","updated_at":"2025-05-08T11:11:44.000000Z"}  
[2025-05-13 16:53:31] local.INFO: Memória usada CashRegisterRepository::class, getAll: 23068672  
[2025-05-13 16:53:32] local.INFO: Iniciou getAll PaymentsRepository  
[2025-05-13 16:53:32] local.INFO: Buscando por emitente  
[2025-05-13 16:53:32] local.INFO: Resultado: {"id":1,"company_name":"Sgbr Sistemas","trade_name":"Sgbr Sistemas","cnpj":"17089484000190","cpf":null,"uf":"SC","address":"Rua Ricardo Jo\u00e3o Angoneze","number":"243","cep":"89705228","ie":"11111111111111","im":"111111111111","main_activity":"Com\u00e9rcio varejista especializado de equipamentos e suprimentos de inform\u00e1tica","cod_cnae":1111111111,"cnae":"Com\u00e9rcio varejista especializado de equipamentos e suprimentos de inform\u00e1tica","cod_crt":2,"crt":"Lucro real","date_of_foundation":"2012-10-30","owner_id":1,"active":1,"created_at":"2025-05-08T11:11:20.000000Z","updated_at":"2025-05-08T11:11:44.000000Z"}  
[2025-05-13 16:53:32] local.INFO: Memória usada ConfigController::class, __construct: 20971520  
[2025-05-13 16:53:32] local.INFO: ConfigController: $issuer_id 1  
[2025-05-13 16:54:41] local.INFO: Memória usada CashRegisterRepository::class, getAll: 20971520  
[2025-05-13 16:54:46] local.INFO: Memória usada CashRegisterRepository::class, getAll: 20971520  
[2025-05-13 16:54:47] local.INFO: Memória usada ConfigController::class, __construct: 23068672  
[2025-05-13 16:54:47] local.INFO: ConfigController: $issuer_id 1  
[2025-05-13 16:54:47] local.INFO: Iniciou getAll PaymentsRepository  
[2025-05-13 16:54:47] local.INFO: Buscando por emitente  
[2025-05-13 16:54:47] local.INFO: Resultado: {"id":1,"company_name":"Sgbr Sistemas","trade_name":"Sgbr Sistemas","cnpj":"17089484000190","cpf":null,"uf":"SC","address":"Rua Ricardo Jo\u00e3o Angoneze","number":"243","cep":"89705228","ie":"11111111111111","im":"111111111111","main_activity":"Com\u00e9rcio varejista especializado de equipamentos e suprimentos de inform\u00e1tica","cod_cnae":1111111111,"cnae":"Com\u00e9rcio varejista especializado de equipamentos e suprimentos de inform\u00e1tica","cod_crt":2,"crt":"Lucro real","date_of_foundation":"2012-10-30","owner_id":1,"active":1,"created_at":"2025-05-08T11:11:20.000000Z","updated_at":"2025-05-08T11:11:44.000000Z"}  
[2025-05-13 16:54:51] local.INFO: -- Vai iniciar criação no CAIXA, dados: --  
[2025-05-13 16:54:51] local.INFO: array (
  0 => 
  array (
    'issuer_id' => 1,
    'description' => 'Registro Manual',
    'document' => 1,
    'customer_id' => 1,
    'especie_id' => 0,
    'date_register' => '2025-05-13',
    'input_value' => 100,
    'output_value' => 0,
    'user_id' => 1,
  ),
)  
[2025-05-13 16:54:51] local.INFO: Vai criar 1 registro:   
[2025-05-13 16:54:51] local.INFO: array (
  'Dados' => 
  array (
    'issuer_id' => 1,
    'description' => 'Registro Manual',
    'document' => 1,
    'customer_id' => 1,
    'especie_id' => 0,
    'date_register' => '2025-05-13',
    'input_value' => 100,
    'output_value' => 0,
    'user_id' => 1,
  ),
)  
>>>>>>> 0dc4b47e97225b2d5986377d43c13a9d4e24ecbd
[2025-05-13 17:03:37] local.INFO: Memória usada CashRegisterRepository::class, getAll: 20971520  
[2025-05-13 17:04:32] local.INFO: Memória usada CashRegisterRepository::class, getAll: 20971520  
[2025-05-13 17:07:41] local.INFO: Memória usada CashRegisterRepository::class, getAll: 20971520  
[2025-05-13 17:08:12] local.INFO: Memória usada CashRegisterRepository::class, getAll: 20971520  
[2025-05-13 17:08:16] local.INFO: Memória usada CashRegisterRepository::class, getAll: 20971520  
[2025-05-13 17:08:18] local.INFO: Memória usada CashRegisterRepository::class, getAll: 20971520  
[2025-05-13 17:08:28] local.INFO: Memória usada CashRegisterRepository::class, getAll: 20971520  
[2025-05-13 17:08:53] local.INFO: Memória usada CashRegisterRepository::class, getAll: 20971520  
[2025-05-13 17:26:54] local.INFO: Memória usada CashRegisterRepository::class, getAll: 23068672  
[2025-05-13 17:49:05] local.ERROR: App\Http\Controllers\EcommerceController\CashRegisterController::getAll(): Argument #1 ($issuer_id) must be of type int, string given, called in C:\Code\ProjetoWeb\api\vendor\laravel\framework\src\Illuminate\Routing\ControllerDispatcher.php on line 47 {"userId":1,"exception":"[object] (TypeError(code: 0): App\\Http\\Controllers\\EcommerceController\\CashRegisterController::getAll(): Argument #1 ($issuer_id) must be of type int, string given, called in C:\\Code\\ProjetoWeb\\api\\vendor\\laravel\\framework\\src\\Illuminate\\Routing\\ControllerDispatcher.php on line 47 at C:\\Code\\ProjetoWeb\\api\\app\\Http\\Controllers\\EcommerceController\\CashRegisterController.php:17)
[stacktrace]
#0 C:\\Code\\ProjetoWeb\\api\\vendor\\laravel\\framework\\src\\Illuminate\\Routing\\ControllerDispatcher.php(47): App\\Http\\Controllers\\EcommerceController\\CashRegisterController->getAll()
#1 C:\\Code\\ProjetoWeb\\api\\vendor\\laravel\\framework\\src\\Illuminate\\Routing\\Route.php(266): Illuminate\\Routing\\ControllerDispatcher->dispatch()
#2 C:\\Code\\ProjetoWeb\\api\\vendor\\laravel\\framework\\src\\Illuminate\\Routing\\Route.php(212): Illuminate\\Routing\\Route->runController()
#3 C:\\Code\\ProjetoWeb\\api\\vendor\\laravel\\framework\\src\\Illuminate\\Routing\\Router.php(808): Illuminate\\Routing\\Route->run()
#4 C:\\Code\\ProjetoWeb\\api\\vendor\\laravel\\framework\\src\\Illuminate\\Pipeline\\Pipeline.php(170): Illuminate\\Routing\\Router->{closure:Illuminate\\Routing\\Router::runRouteWithinStack():807}()
#5 C:\\Code\\ProjetoWeb\\api\\vendor\\laravel\\framework\\src\\Illuminate\\Routing\\Middleware\\SubstituteBindings.php(51): Illuminate\\Pipeline\\Pipeline->{closure:Illuminate\\Pipeline\\Pipeline::prepareDestination():168}()
#6 C:\\Code\\ProjetoWeb\\api\\vendor\\laravel\\framework\\src\\Illuminate\\Pipeline\\Pipeline.php(209): Illuminate\\Routing\\Middleware\\SubstituteBindings->handle()
#7 C:\\Code\\ProjetoWeb\\api\\vendor\\laravel\\framework\\src\\Illuminate\\Auth\\Middleware\\Authenticate.php(64): Illuminate\\Pipeline\\Pipeline->{closure:{closure:Illuminate\\Pipeline\\Pipeline::carry():184}:185}()
#8 C:\\Code\\ProjetoWeb\\api\\vendor\\laravel\\framework\\src\\Illuminate\\Pipeline\\Pipeline.php(209): Illuminate\\Auth\\Middleware\\Authenticate->handle()
#9 C:\\Code\\ProjetoWeb\\api\\vendor\\laravel\\framework\\src\\Illuminate\\Pipeline\\Pipeline.php(127): Illuminate\\Pipeline\\Pipeline->{closure:{closure:Illuminate\\Pipeline\\Pipeline::carry():184}:185}()
#10 C:\\Code\\ProjetoWeb\\api\\vendor\\laravel\\framework\\src\\Illuminate\\Routing\\Router.php(807): Illuminate\\Pipeline\\Pipeline->then()
#11 C:\\Code\\ProjetoWeb\\api\\vendor\\laravel\\framework\\src\\Illuminate\\Routing\\Router.php(786): Illuminate\\Routing\\Router->runRouteWithinStack()
#12 C:\\Code\\ProjetoWeb\\api\\vendor\\laravel\\framework\\src\\Illuminate\\Routing\\Router.php(750): Illuminate\\Routing\\Router->runRoute()
#13 C:\\Code\\ProjetoWeb\\api\\vendor\\laravel\\framework\\src\\Illuminate\\Routing\\Router.php(739): Illuminate\\Routing\\Router->dispatchToRoute()
#14 C:\\Code\\ProjetoWeb\\api\\vendor\\laravel\\framework\\src\\Illuminate\\Foundation\\Http\\Kernel.php(201): Illuminate\\Routing\\Router->dispatch()
#15 C:\\Code\\ProjetoWeb\\api\\vendor\\laravel\\framework\\src\\Illuminate\\Pipeline\\Pipeline.php(170): Illuminate\\Foundation\\Http\\Kernel->{closure:Illuminate\\Foundation\\Http\\Kernel::dispatchToRouter():198}()
#16 C:\\Code\\ProjetoWeb\\api\\vendor\\laravel\\framework\\src\\Illuminate\\Foundation\\Http\\Middleware\\TransformsRequest.php(21): Illuminate\\Pipeline\\Pipeline->{closure:Illuminate\\Pipeline\\Pipeline::prepareDestination():168}()
#17 C:\\Code\\ProjetoWeb\\api\\vendor\\laravel\\framework\\src\\Illuminate\\Foundation\\Http\\Middleware\\ConvertEmptyStringsToNull.php(31): Illuminate\\Foundation\\Http\\Middleware\\TransformsRequest->handle()
#18 C:\\Code\\ProjetoWeb\\api\\vendor\\laravel\\framework\\src\\Illuminate\\Pipeline\\Pipeline.php(209): Illuminate\\Foundation\\Http\\Middleware\\ConvertEmptyStringsToNull->handle()
#19 C:\\Code\\ProjetoWeb\\api\\vendor\\laravel\\framework\\src\\Illuminate\\Foundation\\Http\\Middleware\\TransformsRequest.php(21): Illuminate\\Pipeline\\Pipeline->{closure:{closure:Illuminate\\Pipeline\\Pipeline::carry():184}:185}()
#20 C:\\Code\\ProjetoWeb\\api\\vendor\\laravel\\framework\\src\\Illuminate\\Foundation\\Http\\Middleware\\TrimStrings.php(51): Illuminate\\Foundation\\Http\\Middleware\\TransformsRequest->handle()
#21 C:\\Code\\ProjetoWeb\\api\\vendor\\laravel\\framework\\src\\Illuminate\\Pipeline\\Pipeline.php(209): Illuminate\\Foundation\\Http\\Middleware\\TrimStrings->handle()
#22 C:\\Code\\ProjetoWeb\\api\\vendor\\laravel\\framework\\src\\Illuminate\\Http\\Middleware\\ValidatePostSize.php(27): Illuminate\\Pipeline\\Pipeline->{closure:{closure:Illuminate\\Pipeline\\Pipeline::carry():184}:185}()
#23 C:\\Code\\ProjetoWeb\\api\\vendor\\laravel\\framework\\src\\Illuminate\\Pipeline\\Pipeline.php(209): Illuminate\\Http\\Middleware\\ValidatePostSize->handle()
#24 C:\\Code\\ProjetoWeb\\api\\vendor\\laravel\\framework\\src\\Illuminate\\Foundation\\Http\\Middleware\\PreventRequestsDuringMaintenance.php(110): Illuminate\\Pipeline\\Pipeline->{closure:{closure:Illuminate\\Pipeline\\Pipeline::carry():184}:185}()
#25 C:\\Code\\ProjetoWeb\\api\\vendor\\laravel\\framework\\src\\Illuminate\\Pipeline\\Pipeline.php(209): Illuminate\\Foundation\\Http\\Middleware\\PreventRequestsDuringMaintenance->handle()
#26 C:\\Code\\ProjetoWeb\\api\\vendor\\laravel\\framework\\src\\Illuminate\\Http\\Middleware\\HandleCors.php(62): Illuminate\\Pipeline\\Pipeline->{closure:{closure:Illuminate\\Pipeline\\Pipeline::carry():184}:185}()
#27 C:\\Code\\ProjetoWeb\\api\\vendor\\laravel\\framework\\src\\Illuminate\\Pipeline\\Pipeline.php(209): Illuminate\\Http\\Middleware\\HandleCors->handle()
#28 C:\\Code\\ProjetoWeb\\api\\vendor\\laravel\\framework\\src\\Illuminate\\Http\\Middleware\\TrustProxies.php(58): Illuminate\\Pipeline\\Pipeline->{closure:{closure:Illuminate\\Pipeline\\Pipeline::carry():184}:185}()
#29 C:\\Code\\ProjetoWeb\\api\\vendor\\laravel\\framework\\src\\Illuminate\\Pipeline\\Pipeline.php(209): Illuminate\\Http\\Middleware\\TrustProxies->handle()
#30 C:\\Code\\ProjetoWeb\\api\\vendor\\laravel\\framework\\src\\Illuminate\\Foundation\\Http\\Middleware\\InvokeDeferredCallbacks.php(22): Illuminate\\Pipeline\\Pipeline->{closure:{closure:Illuminate\\Pipeline\\Pipeline::carry():184}:185}()
#31 C:\\Code\\ProjetoWeb\\api\\vendor\\laravel\\framework\\src\\Illuminate\\Pipeline\\Pipeline.php(209): Illuminate\\Foundation\\Http\\Middleware\\InvokeDeferredCallbacks->handle()
#32 C:\\Code\\ProjetoWeb\\api\\vendor\\laravel\\framework\\src\\Illuminate\\Pipeline\\Pipeline.php(127): Illuminate\\Pipeline\\Pipeline->{closure:{closure:Illuminate\\Pipeline\\Pipeline::carry():184}:185}()
#33 C:\\Code\\ProjetoWeb\\api\\vendor\\laravel\\framework\\src\\Illuminate\\Foundation\\Http\\Kernel.php(176): Illuminate\\Pipeline\\Pipeline->then()
#34 C:\\Code\\ProjetoWeb\\api\\vendor\\laravel\\framework\\src\\Illuminate\\Foundation\\Http\\Kernel.php(145): Illuminate\\Foundation\\Http\\Kernel->sendRequestThroughRouter()
#35 C:\\Code\\ProjetoWeb\\api\\vendor\\laravel\\framework\\src\\Illuminate\\Foundation\\Application.php(1220): Illuminate\\Foundation\\Http\\Kernel->handle()
#36 C:\\Code\\ProjetoWeb\\api\\public\\index.php(17): Illuminate\\Foundation\\Application->handleRequest()
#37 C:\\Code\\ProjetoWeb\\api\\vendor\\laravel\\framework\\src\\Illuminate\\Foundation\\resources\\server.php(23): require_once('...')
#38 {main}
"} 
[2025-05-13 17:56:41] local.INFO: Memória usada CashRegisterRepository::class, getAll: 23068672  
[2025-05-13 18:56:12] local.INFO: Memória usada CashRegisterRepository::class, getAll: 23068672  
[2025-05-13 19:02:20] local.INFO: Memória usada ConfigController::class, __construct: 23068672  
[2025-05-13 19:02:20] local.INFO: ConfigController: $issuer_id 1  
[2025-05-13 19:02:21] local.INFO: Memória usada no RegisterIssuerRepository 23068672  
[2025-05-13 19:02:21] local.INFO: Memória usada ConfigController::class, __construct: 20971520  
[2025-05-13 19:02:21] local.INFO: ConfigController: $issuer_id 1  
[2025-05-13 19:02:21] local.INFO: Memória usada ConfigController::class, __construct: 20971520  
[2025-05-13 19:02:22] local.INFO: ConfigController: $issuer_id 1  
[2025-05-13 19:02:40] local.INFO: Memória usada ConfigController::class, __construct: 23068672  
[2025-05-13 19:02:40] local.INFO: ConfigController: $issuer_id 1  
[2025-05-13 19:02:41] local.INFO: Memória usada no RegisterIssuerRepository 23068672  
[2025-05-13 19:02:41] local.INFO: Memória usada ConfigController::class, __construct: 20971520  
[2025-05-13 19:02:41] local.INFO: ConfigController: $issuer_id 1  
[2025-05-13 19:02:42] local.INFO: Memória usada ConfigController::class, __construct: 23068672  
[2025-05-13 19:02:42] local.INFO: ConfigController: $issuer_id 1  
[2025-05-13 19:02:50] local.INFO: Memória usada ConfigController::class, __construct: 23068672  
[2025-05-13 19:02:50] local.INFO: ConfigController: $issuer_id 1  
[2025-05-13 19:02:51] local.INFO: Memória usada no RegisterIssuerRepository 23068672  
[2025-05-13 19:02:51] local.INFO: Memória usada ConfigController::class, __construct: 20971520  
[2025-05-13 19:02:51] local.INFO: ConfigController: $issuer_id 1  
[2025-05-13 19:02:51] local.INFO: Memória usada ConfigController::class, __construct: 20971520  
[2025-05-13 19:02:51] local.INFO: ConfigController: $issuer_id 1  
[2025-05-13 19:05:33] local.INFO: ProductsRepository: getAll: 1 issuer: {"id":1,"company_name":"Sgbr Sistemas","trade_name":"Sgbr Sistemas","cnpj":"17089484000190","cpf":null,"uf":"SC","address":"Rua Ricardo Jo\u00e3o Angoneze","number":"243","cep":"89705228","ie":"11111111111111","im":"111111111111","main_activity":"Com\u00e9rcio varejista especializado de equipamentos e suprimentos de inform\u00e1tica","cod_cnae":1111111111,"cnae":"Com\u00e9rcio varejista especializado de equipamentos e suprimentos de inform\u00e1tica","cod_crt":2,"crt":"Lucro real","date_of_foundation":"2012-10-30","owner_id":1,"active":1,"created_at":"2025-05-08T11:11:20.000000Z","updated_at":"2025-05-08T11:11:44.000000Z"}  
[2025-05-13 19:05:40] local.INFO: Memória usada no RegisterIssuerRepository 23068672  
[2025-05-13 19:05:43] local.INFO: Memória usada no RegisterIssuerRepository 20971520  
[2025-05-13 19:05:55] local.INFO: ProductsRepository: getAll: 1 issuer: {"id":1,"company_name":"Sgbr Sistemas","trade_name":"Sgbr Sistemas","cnpj":"17089484000190","cpf":null,"uf":"SC","address":"Rua Ricardo Jo\u00e3o Angoneze","number":"243","cep":"89705228","ie":"11111111111111","im":"111111111111","main_activity":"Com\u00e9rcio varejista especializado de equipamentos e suprimentos de inform\u00e1tica","cod_cnae":1111111111,"cnae":"Com\u00e9rcio varejista especializado de equipamentos e suprimentos de inform\u00e1tica","cod_crt":2,"crt":"Lucro real","date_of_foundation":"2012-10-30","owner_id":1,"active":1,"created_at":"2025-05-08T11:11:20.000000Z","updated_at":"2025-05-08T11:11:44.000000Z"}  
[2025-05-13 19:11:04] local.INFO: Memória usada CashRegisterRepository::class, getAll: 23068672  
[2025-05-13 19:28:21] local.ERROR: App\Http\Controllers\EcommerceController\CashRegisterController::getAll(): Argument #1 ($issuer_id) must be of type int, string given, called in C:\Code\ProjetoWeb\api\vendor\laravel\framework\src\Illuminate\Routing\ControllerDispatcher.php on line 47 {"userId":1,"exception":"[object] (TypeError(code: 0): App\\Http\\Controllers\\EcommerceController\\CashRegisterController::getAll(): Argument #1 ($issuer_id) must be of type int, string given, called in C:\\Code\\ProjetoWeb\\api\\vendor\\laravel\\framework\\src\\Illuminate\\Routing\\ControllerDispatcher.php on line 47 at C:\\Code\\ProjetoWeb\\api\\app\\Http\\Controllers\\EcommerceController\\CashRegisterController.php:17)
[stacktrace]
#0 C:\\Code\\ProjetoWeb\\api\\vendor\\laravel\\framework\\src\\Illuminate\\Routing\\ControllerDispatcher.php(47): App\\Http\\Controllers\\EcommerceController\\CashRegisterController->getAll()
#1 C:\\Code\\ProjetoWeb\\api\\vendor\\laravel\\framework\\src\\Illuminate\\Routing\\Route.php(266): Illuminate\\Routing\\ControllerDispatcher->dispatch()
#2 C:\\Code\\ProjetoWeb\\api\\vendor\\laravel\\framework\\src\\Illuminate\\Routing\\Route.php(212): Illuminate\\Routing\\Route->runController()
#3 C:\\Code\\ProjetoWeb\\api\\vendor\\laravel\\framework\\src\\Illuminate\\Routing\\Router.php(808): Illuminate\\Routing\\Route->run()
#4 C:\\Code\\ProjetoWeb\\api\\vendor\\laravel\\framework\\src\\Illuminate\\Pipeline\\Pipeline.php(170): Illuminate\\Routing\\Router->{closure:Illuminate\\Routing\\Router::runRouteWithinStack():807}()
#5 C:\\Code\\ProjetoWeb\\api\\vendor\\laravel\\framework\\src\\Illuminate\\Routing\\Middleware\\SubstituteBindings.php(51): Illuminate\\Pipeline\\Pipeline->{closure:Illuminate\\Pipeline\\Pipeline::prepareDestination():168}()
#6 C:\\Code\\ProjetoWeb\\api\\vendor\\laravel\\framework\\src\\Illuminate\\Pipeline\\Pipeline.php(209): Illuminate\\Routing\\Middleware\\SubstituteBindings->handle()
#7 C:\\Code\\ProjetoWeb\\api\\vendor\\laravel\\framework\\src\\Illuminate\\Auth\\Middleware\\Authenticate.php(64): Illuminate\\Pipeline\\Pipeline->{closure:{closure:Illuminate\\Pipeline\\Pipeline::carry():184}:185}()
#8 C:\\Code\\ProjetoWeb\\api\\vendor\\laravel\\framework\\src\\Illuminate\\Pipeline\\Pipeline.php(209): Illuminate\\Auth\\Middleware\\Authenticate->handle()
#9 C:\\Code\\ProjetoWeb\\api\\vendor\\laravel\\framework\\src\\Illuminate\\Pipeline\\Pipeline.php(127): Illuminate\\Pipeline\\Pipeline->{closure:{closure:Illuminate\\Pipeline\\Pipeline::carry():184}:185}()
#10 C:\\Code\\ProjetoWeb\\api\\vendor\\laravel\\framework\\src\\Illuminate\\Routing\\Router.php(807): Illuminate\\Pipeline\\Pipeline->then()
#11 C:\\Code\\ProjetoWeb\\api\\vendor\\laravel\\framework\\src\\Illuminate\\Routing\\Router.php(786): Illuminate\\Routing\\Router->runRouteWithinStack()
#12 C:\\Code\\ProjetoWeb\\api\\vendor\\laravel\\framework\\src\\Illuminate\\Routing\\Router.php(750): Illuminate\\Routing\\Router->runRoute()
#13 C:\\Code\\ProjetoWeb\\api\\vendor\\laravel\\framework\\src\\Illuminate\\Routing\\Router.php(739): Illuminate\\Routing\\Router->dispatchToRoute()
#14 C:\\Code\\ProjetoWeb\\api\\vendor\\laravel\\framework\\src\\Illuminate\\Foundation\\Http\\Kernel.php(201): Illuminate\\Routing\\Router->dispatch()
#15 C:\\Code\\ProjetoWeb\\api\\vendor\\laravel\\framework\\src\\Illuminate\\Pipeline\\Pipeline.php(170): Illuminate\\Foundation\\Http\\Kernel->{closure:Illuminate\\Foundation\\Http\\Kernel::dispatchToRouter():198}()
#16 C:\\Code\\ProjetoWeb\\api\\vendor\\laravel\\framework\\src\\Illuminate\\Foundation\\Http\\Middleware\\TransformsRequest.php(21): Illuminate\\Pipeline\\Pipeline->{closure:Illuminate\\Pipeline\\Pipeline::prepareDestination():168}()
#17 C:\\Code\\ProjetoWeb\\api\\vendor\\laravel\\framework\\src\\Illuminate\\Foundation\\Http\\Middleware\\ConvertEmptyStringsToNull.php(31): Illuminate\\Foundation\\Http\\Middleware\\TransformsRequest->handle()
#18 C:\\Code\\ProjetoWeb\\api\\vendor\\laravel\\framework\\src\\Illuminate\\Pipeline\\Pipeline.php(209): Illuminate\\Foundation\\Http\\Middleware\\ConvertEmptyStringsToNull->handle()
#19 C:\\Code\\ProjetoWeb\\api\\vendor\\laravel\\framework\\src\\Illuminate\\Foundation\\Http\\Middleware\\TransformsRequest.php(21): Illuminate\\Pipeline\\Pipeline->{closure:{closure:Illuminate\\Pipeline\\Pipeline::carry():184}:185}()
#20 C:\\Code\\ProjetoWeb\\api\\vendor\\laravel\\framework\\src\\Illuminate\\Foundation\\Http\\Middleware\\TrimStrings.php(51): Illuminate\\Foundation\\Http\\Middleware\\TransformsRequest->handle()
#21 C:\\Code\\ProjetoWeb\\api\\vendor\\laravel\\framework\\src\\Illuminate\\Pipeline\\Pipeline.php(209): Illuminate\\Foundation\\Http\\Middleware\\TrimStrings->handle()
#22 C:\\Code\\ProjetoWeb\\api\\vendor\\laravel\\framework\\src\\Illuminate\\Http\\Middleware\\ValidatePostSize.php(27): Illuminate\\Pipeline\\Pipeline->{closure:{closure:Illuminate\\Pipeline\\Pipeline::carry():184}:185}()
#23 C:\\Code\\ProjetoWeb\\api\\vendor\\laravel\\framework\\src\\Illuminate\\Pipeline\\Pipeline.php(209): Illuminate\\Http\\Middleware\\ValidatePostSize->handle()
#24 C:\\Code\\ProjetoWeb\\api\\vendor\\laravel\\framework\\src\\Illuminate\\Foundation\\Http\\Middleware\\PreventRequestsDuringMaintenance.php(110): Illuminate\\Pipeline\\Pipeline->{closure:{closure:Illuminate\\Pipeline\\Pipeline::carry():184}:185}()
#25 C:\\Code\\ProjetoWeb\\api\\vendor\\laravel\\framework\\src\\Illuminate\\Pipeline\\Pipeline.php(209): Illuminate\\Foundation\\Http\\Middleware\\PreventRequestsDuringMaintenance->handle()
#26 C:\\Code\\ProjetoWeb\\api\\vendor\\laravel\\framework\\src\\Illuminate\\Http\\Middleware\\HandleCors.php(62): Illuminate\\Pipeline\\Pipeline->{closure:{closure:Illuminate\\Pipeline\\Pipeline::carry():184}:185}()
#27 C:\\Code\\ProjetoWeb\\api\\vendor\\laravel\\framework\\src\\Illuminate\\Pipeline\\Pipeline.php(209): Illuminate\\Http\\Middleware\\HandleCors->handle()
#28 C:\\Code\\ProjetoWeb\\api\\vendor\\laravel\\framework\\src\\Illuminate\\Http\\Middleware\\TrustProxies.php(58): Illuminate\\Pipeline\\Pipeline->{closure:{closure:Illuminate\\Pipeline\\Pipeline::carry():184}:185}()
#29 C:\\Code\\ProjetoWeb\\api\\vendor\\laravel\\framework\\src\\Illuminate\\Pipeline\\Pipeline.php(209): Illuminate\\Http\\Middleware\\TrustProxies->handle()
#30 C:\\Code\\ProjetoWeb\\api\\vendor\\laravel\\framework\\src\\Illuminate\\Foundation\\Http\\Middleware\\InvokeDeferredCallbacks.php(22): Illuminate\\Pipeline\\Pipeline->{closure:{closure:Illuminate\\Pipeline\\Pipeline::carry():184}:185}()
#31 C:\\Code\\ProjetoWeb\\api\\vendor\\laravel\\framework\\src\\Illuminate\\Pipeline\\Pipeline.php(209): Illuminate\\Foundation\\Http\\Middleware\\InvokeDeferredCallbacks->handle()
#32 C:\\Code\\ProjetoWeb\\api\\vendor\\laravel\\framework\\src\\Illuminate\\Pipeline\\Pipeline.php(127): Illuminate\\Pipeline\\Pipeline->{closure:{closure:Illuminate\\Pipeline\\Pipeline::carry():184}:185}()
#33 C:\\Code\\ProjetoWeb\\api\\vendor\\laravel\\framework\\src\\Illuminate\\Foundation\\Http\\Kernel.php(176): Illuminate\\Pipeline\\Pipeline->then()
#34 C:\\Code\\ProjetoWeb\\api\\vendor\\laravel\\framework\\src\\Illuminate\\Foundation\\Http\\Kernel.php(145): Illuminate\\Foundation\\Http\\Kernel->sendRequestThroughRouter()
#35 C:\\Code\\ProjetoWeb\\api\\vendor\\laravel\\framework\\src\\Illuminate\\Foundation\\Application.php(1220): Illuminate\\Foundation\\Http\\Kernel->handle()
#36 C:\\Code\\ProjetoWeb\\api\\public\\index.php(17): Illuminate\\Foundation\\Application->handleRequest()
#37 C:\\Code\\ProjetoWeb\\api\\vendor\\laravel\\framework\\src\\Illuminate\\Foundation\\resources\\server.php(23): require_once('...')
#38 {main}
"} 
[2025-05-13 19:28:23] local.INFO: Memória usada CashRegisterRepository::class, getAll: 23068672  
