[2025-08-19 17:09:17] local.INFO: -- Inicio do registro no caixa, PayMentMethodService.php, linha 32 --  
[2025-08-19 17:09:17] local.INFO: maxDocument:   
[2025-08-19 17:09:17] local.INFO: Chamou o updateCurrentCash 
  
[2025-08-19 17:09:17] local.INFO: Last Cash box: {"id":1,"cash_register_code":1,"document":1,"issuer_id":1,"description":"Venda Nota Manual N\u00b0 4","pdv_code":4,"receive_code":null,"receive_document":null,"to_pay_code":null,"to_pay_document":null,"customer_code":1,"especie_code":1,"name":"Consumidor Padr\u00e3o","especie":"Dinheiro","date_register":"2025-08-19","input_value":"20.00","output_value":"0.00","real_balance":null,"origem":"pdv","user_id":1,"seller":"Gabriel","canceled":0,"created_at":"2025-08-19T17:09:17.000000Z","updated_at":"2025-08-19T17:09:17.000000Z"}  
[2025-08-19 17:09:17] local.INFO: actual Cash Box:   
[2025-08-19 17:09:53] local.INFO: -- Inicio do registro no caixa, PayMentMethodService.php, linha 32 --  
[2025-08-19 17:09:53] local.INFO: maxDocument: 1  
[2025-08-19 17:09:53] local.INFO: Chamou o updateCurrentCash 
  
[2025-08-19 17:09:53] local.INFO: Last Cash box: {"id":2,"cash_register_code":2,"document":2,"issuer_id":1,"description":"Venda Nota Manual N\u00b0 5","pdv_code":5,"receive_code":null,"receive_document":null,"to_pay_code":null,"to_pay_document":null,"customer_code":1,"especie_code":1,"name":"Consumidor Padr\u00e3o","especie":"Dinheiro","date_register":"2025-08-19","input_value":"20.00","output_value":"0.00","real_balance":null,"origem":"pdv","user_id":1,"seller":"Gabriel","canceled":0,"created_at":"2025-08-19T17:09:53.000000Z","updated_at":"2025-08-19T17:09:53.000000Z"}  
[2025-08-19 17:09:53] local.INFO: actual Cash Box: {"id":1,"cash_register_code":1,"document":1,"issuer_id":1,"description":"Venda Nota Manual N\u00b0 4","pdv_code":4,"receive_code":null,"receive_document":null,"to_pay_code":null,"to_pay_document":null,"customer_code":1,"especie_code":1,"name":"Consumidor Padr\u00e3o","especie":"Dinheiro","date_register":"2025-08-19","input_value":"20.00","output_value":"0.00","real_balance":"20.00","origem":"pdv","user_id":1,"seller":"Gabriel","canceled":0,"created_at":"2025-08-19T17:09:17.000000Z","updated_at":"2025-08-19T17:09:17.000000Z"}  
[2025-08-19 17:10:31] local.INFO: -- Inicio do registro no caixa, PayMentMethodService.php, linha 32 --  
[2025-08-19 17:10:31] local.INFO: maxDocument: 2  
[2025-08-19 17:10:31] local.INFO: Chamou o updateCurrentCash 
  
[2025-08-19 17:10:31] local.INFO: Last Cash box: {"id":3,"cash_register_code":3,"document":3,"issuer_id":1,"description":"Venda Nota Manual N\u00b0 3","pdv_code":3,"receive_code":null,"receive_document":null,"to_pay_code":null,"to_pay_document":null,"customer_code":1,"especie_code":1,"name":"Consumidor Padr\u00e3o","especie":"Dinheiro","date_register":"2025-08-19","input_value":"20.00","output_value":"0.00","real_balance":null,"origem":"pdv","user_id":1,"seller":"Gabriel","canceled":0,"created_at":"2025-08-19T17:10:31.000000Z","updated_at":"2025-08-19T17:10:31.000000Z"}  
[2025-08-19 17:10:31] local.INFO: actual Cash Box: {"id":2,"cash_register_code":2,"document":2,"issuer_id":1,"description":"Venda Nota Manual N\u00b0 5","pdv_code":5,"receive_code":null,"receive_document":null,"to_pay_code":null,"to_pay_document":null,"customer_code":1,"especie_code":1,"name":"Consumidor Padr\u00e3o","especie":"Dinheiro","date_register":"2025-08-19","input_value":"20.00","output_value":"0.00","real_balance":"40.00","origem":"pdv","user_id":1,"seller":"Gabriel","canceled":0,"created_at":"2025-08-19T17:09:53.000000Z","updated_at":"2025-08-19T17:09:53.000000Z"}  
[2025-08-19 17:11:26] local.INFO: -- Inicio do registro no caixa, PayMentMethodService.php, linha 32 --  
[2025-08-19 17:11:26] local.INFO: maxDocument: 3  
[2025-08-19 17:11:26] local.INFO: Chamou o updateCurrentCash 
  
[2025-08-19 17:11:26] local.INFO: Last Cash box: {"id":4,"cash_register_code":4,"document":4,"issuer_id":1,"description":"Venda Nota Manual N\u00b0 1","pdv_code":1,"receive_code":null,"receive_document":null,"to_pay_code":null,"to_pay_document":null,"customer_code":1,"especie_code":1,"name":"Consumidor Padr\u00e3o","especie":"Dinheiro","date_register":"2025-08-19","input_value":"20.00","output_value":"0.00","real_balance":null,"origem":"pdv","user_id":1,"seller":"Gabriel","canceled":0,"created_at":"2025-08-19T17:11:26.000000Z","updated_at":"2025-08-19T17:11:26.000000Z"}  
[2025-08-19 17:11:26] local.INFO: actual Cash Box: {"id":3,"cash_register_code":3,"document":3,"issuer_id":1,"description":"Venda Nota Manual N\u00b0 3","pdv_code":3,"receive_code":null,"receive_document":null,"to_pay_code":null,"to_pay_document":null,"customer_code":1,"especie_code":1,"name":"Consumidor Padr\u00e3o","especie":"Dinheiro","date_register":"2025-08-19","input_value":"20.00","output_value":"0.00","real_balance":"60.00","origem":"pdv","user_id":1,"seller":"Gabriel","canceled":0,"created_at":"2025-08-19T17:10:31.000000Z","updated_at":"2025-08-19T17:10:31.000000Z"}  
