[2025-07-17 02:44:27] local.DEBUG: array (
  0 => 
  array (
    'id' => 15,
    'product_code' => 15,
    'product' => 'Produto correto 6',
    'active' => 1,
    'barcode' => 0,
    'barcode_internal' => 0,
    'cfop' => '5102',
    'csosncst' => '102',
    'amount' => 16,
    'sale_price' => '20.00',
  ),
  1 => 
  array (
    'id' => 13,
    'product_code' => 13,
    'product' => 'Produto correto 4',
    'active' => 1,
    'barcode' => 0,
    'barcode_internal' => 0,
    'cfop' => '5102',
    'csosncst' => '102',
    'amount' => 13,
    'sale_price' => '20.00',
  ),
)  
[2025-07-17 02:44:27] local.INFO: -- Iniciou o saveSale() line 149 --   
[2025-07-17 02:44:27] local.INFO: pdvData:   
[2025-07-17 02:44:27] local.INFO: -- Iniciou o saveProducts() line 90 --   
[2025-07-17 02:44:27] local.DEBUG: array (
  'id' => 15,
  'product_code' => 15,
  'product' => 'Produto correto 6',
  'active' => 1,
  'barcode' => 0,
  'barcode_internal' => 0,
  'cfop' => '5102',
  'csosncst' => '102',
  'amount' => 16,
  'sale_price' => '20.00',
)  
[2025-07-17 02:44:27] local.DEBUG: array (
  'id' => 13,
  'product_code' => 13,
  'product' => 'Produto correto 4',
  'active' => 1,
  'barcode' => 0,
  'barcode_internal' => 0,
  'cfop' => '5102',
  'csosncst' => '102',
  'amount' => 13,
  'sale_price' => '20.00',
)  
[2025-07-17 02:44:37] local.INFO: Vai fazer a busca das vendas com campo: is_nfce_nm = null e canceled = 0  
[2025-07-17 02:44:37] local.INFO: -- Iniciou o finalizeSale() line 222 --   
[2025-07-17 02:44:37] local.INFO: Memória usada PDVRepository::class, finalizeSale: 25165824  
[2025-07-17 02:44:37] local.INFO: PDV pelo issuer_ud {"pdv":{"App\\Models\\EcommerceModels\\PDV":{"id":4,"pdv_code":4,"issuer_id":1,"description":"Venda Nota Manual N°","issue_date":"2025-07-17","n_nfce":null,"customer_id":1,"customer":"Consumidor Padrão","gross_value":"580.00","net_value":"580.00","discount":"0.00","addition":"0.00","user_id":1,"user":"Teste","finished":0,"canceled":0,"is_nfce_nm":"nm","status":"Pendente","active":1}}} 
[2025-07-17 02:44:37] local.INFO: Vai procurar a(s) formas de pagamento  
[2025-07-17 02:44:37] local.DEBUG: Formas de pagamento:  [{"App\\Models\\EcommerceModels\\PaymentForms":{"id":1,"payment_code":1,"issuer_id":1,"especie":"Dinheiro","tipo_lancamento":"Caixa","payments_form_type":"DINHEIRO","pix_key":null,"bank_key":null,"other_key":null,"active":1}}] 
[2025-07-17 02:44:37] local.INFO: Tipo de venda NM/NFCE: nm  
