[2025-07-23 03:46:22] local.INFO: Vai buscar todas as NFC-e ativas da table = PDV  
[2025-07-23 03:46:39] local.DEBUG: array (
  0 => 
  array (
    'id' => 1,
    'product_code' => 1,
    'product' => 'Produto correto',
    'active' => 1,
    'barcode' => 0,
    'barcode_internal' => 0,
    'cfop' => '5102',
    'csosncst' => '102',
    'amount' => 1,
    'sale_price' => 20,
  ),
)  
[2025-07-23 03:46:39] local.INFO: -- Iniciou o saveSale() line 149 --   
[2025-07-23 03:46:39] local.INFO: pdvData:   
[2025-07-23 03:46:39] local.INFO: -- Iniciou o saveProducts() line 90 --   
[2025-07-23 03:46:39] local.DEBUG: array (
  'id' => 1,
  'product_code' => 1,
  'product' => 'Produto correto',
  'active' => 1,
  'barcode' => 0,
  'barcode_internal' => 0,
  'cfop' => '5102',
  'csosncst' => '102',
  'amount' => 1,
  'sale_price' => 20,
)  
[2025-07-23 03:46:45] local.INFO: Vai fazer a busca das vendas com campo: is_nfce_nm = null e canceled = 0  
[2025-07-23 03:46:45] local.INFO: -- Iniciou o finalizeSale() line 222 --   
[2025-07-23 03:46:45] local.INFO: Memória usada PDVRepository::class, finalizeSale: 25165824  
[2025-07-23 03:46:45] local.INFO: PDV pelo issuer_ud {"pdv":{"App\\Models\\EcommerceModels\\PDV":{"id":1,"pdv_code":1,"issuer_id":1,"description":"Venda Nota Manual N° 1","issue_date":"2025-07-23","n_nfce":null,"customer_code":1,"chart_of_account_code":null,"cost_center_code":null,"customer":"Consumidor Padrão","gross_value":"20.00","net_value":"20.00","discount":"0.00","addition":"0.00","user_id":1,"user":"Gabriel","finished":0,"canceled":0,"is_nfce_nm":"nm","status":"Pendente","active":1}}} 
[2025-07-23 03:46:45] local.INFO: Vai procurar a(s) formas de pagamento  
[2025-07-23 03:46:45] local.DEBUG: Formas de pagamento:  [{"App\\Models\\EcommerceModels\\PaymentForms":{"id":1,"payment_code":1,"issuer_id":1,"especie":"Dinheiro","tipo_lancamento":"Caixa","payments_form_type":"DINHEIRO","pix_key":null,"bank_key":null,"other_key":null,"active":1}}] 
[2025-07-23 03:46:45] local.INFO: Tipo de venda NM/NFCE: nm  
[2025-07-23 03:46:45] local.INFO: Retorno do pagamento: 1  
[2025-07-23 03:46:45] local.INFO: Pagamento bem sucessido, vai alterar o PDV: {"id":1,"pdv_code":1,"issuer_id":1,"description":"Venda Nota Manual N\u00b0 1","issue_date":"2025-07-23","n_nfce":null,"customer_code":1,"chart_of_account_code":null,"cost_center_code":null,"customer":"Consumidor Padr\u00e3o","gross_value":"20.00","net_value":"20.00","discount":"0.00","addition":"0.00","user_id":1,"user":"Gabriel","finished":0,"canceled":0,"is_nfce_nm":"nm","status":"Pendente","active":1}  
[2025-07-23 03:46:45] local.INFO: $type nm  
[2025-07-23 03:46:45] local.INFO: Tipo de venda: NFC-e/NMnm  
[2025-07-23 03:46:45] local.INFO: Buscar e alterar os produtos, pdv_code = 1  
[2025-07-23 03:46:45] local.INFO: Alteração dentro do for = 1  
[2025-07-23 03:46:47] local.INFO: Vai buscar todas as NFC-e ativas da table = PDV  
[2025-07-23 03:48:15] local.INFO: Vai buscar todas as NFC-e ativas da table = PDV  
[2025-07-23 15:38:12] local.INFO: Vai buscar todas as NFC-e ativas da table = PDV  
[2025-07-23 15:38:55] local.DEBUG: array (
  0 => 
  array (
    'id' => 1,
    'product_code' => 1,
    'product' => 'Produto correto',
    'active' => 1,
    'barcode' => 0,
    'barcode_internal' => 0,
    'cfop' => '5102',
    'csosncst' => '102',
    'amount' => 1,
    'sale_price' => 20,
  ),
)  
[2025-07-23 15:38:55] local.INFO: -- Iniciou o saveSale() line 149 --   
[2025-07-23 15:38:55] local.INFO: pdvData:   
[2025-07-23 15:38:55] local.INFO: -- Iniciou o saveProducts() line 90 --   
[2025-07-23 15:38:55] local.DEBUG: array (
  'id' => 1,
  'product_code' => 1,
  'product' => 'Produto correto',
  'active' => 1,
  'barcode' => 0,
  'barcode_internal' => 0,
  'cfop' => '5102',
  'csosncst' => '102',
  'amount' => 1,
  'sale_price' => 20,
)  
[2025-07-23 15:39:01] local.INFO: Vai fazer a busca das vendas com campo: is_nfce_nm = null e canceled = 0  
[2025-07-23 15:39:01] local.INFO: -- Iniciou o finalizeSale() line 222 --   
[2025-07-23 15:39:01] local.INFO: Memória usada PDVRepository::class, finalizeSale: 25165824  
[2025-07-23 15:39:01] local.INFO: PDV pelo issuer_ud {"pdv":{"App\\Models\\EcommerceModels\\PDV":{"id":2,"pdv_code":2,"issuer_id":1,"description":"Venda Nota Manual N° 2","issue_date":"2025-07-23","n_nfce":null,"customer_code":1,"chart_of_account_code":null,"cost_center_code":null,"customer":"Consumidor Padrão","gross_value":"20.00","net_value":"20.00","discount":"0.00","addition":"0.00","user_id":1,"user":"Gabriel","finished":0,"canceled":0,"is_nfce_nm":"nm","status":"Pendente","active":1}}} 
[2025-07-23 15:39:01] local.INFO: Vai procurar a(s) formas de pagamento  
[2025-07-23 15:39:01] local.DEBUG: Formas de pagamento:  [{"App\\Models\\EcommerceModels\\PaymentForms":{"id":1,"payment_code":1,"issuer_id":1,"especie":"Dinheiro","tipo_lancamento":"Caixa","payments_form_type":"DINHEIRO","pix_key":null,"bank_key":null,"other_key":null,"active":1}},{"App\\Models\\EcommerceModels\\PaymentForms":{"id":2,"payment_code":2,"issuer_id":1,"especie":"PIX","tipo_lancamento":"Caixa","payments_form_type":"PIX","pix_key":null,"bank_key":null,"other_key":null,"active":1}}] 
[2025-07-23 15:39:01] local.INFO: Tipo de venda NM/NFCE: nm  
[2025-07-23 15:39:01] local.INFO: Retorno do pagamento: 1  
[2025-07-23 15:39:01] local.INFO: Pagamento bem sucessido, vai alterar o PDV: {"id":2,"pdv_code":2,"issuer_id":1,"description":"Venda Nota Manual N\u00b0 2","issue_date":"2025-07-23","n_nfce":null,"customer_code":1,"chart_of_account_code":null,"cost_center_code":null,"customer":"Consumidor Padr\u00e3o","gross_value":"20.00","net_value":"20.00","discount":"0.00","addition":"0.00","user_id":1,"user":"Gabriel","finished":0,"canceled":0,"is_nfce_nm":"nm","status":"Pendente","active":1}  
[2025-07-23 15:39:01] local.INFO: $type nm  
[2025-07-23 15:39:01] local.INFO: Tipo de venda: NFC-e/NMnm  
[2025-07-23 15:39:01] local.INFO: Buscar e alterar os produtos, pdv_code = 2  
[2025-07-23 15:39:01] local.INFO: Alteração dentro do for = 2  
[2025-07-23 15:39:05] local.INFO: Vai buscar todas as NFC-e ativas da table = PDV  
[2025-07-23 15:40:53] local.INFO: Vai buscar todas as NFC-e ativas da table = PDV  
[2025-07-23 15:53:03] local.INFO: Vai buscar todas as NFC-e ativas da table = PDV  
[2025-07-23 15:54:50] local.INFO: Vai buscar todas as NFC-e ativas da table = PDV  
[2025-07-23 15:59:12] local.INFO: Vai buscar todas as NFC-e ativas da table = PDV  
[2025-07-23 16:02:06] local.INFO: Vai buscar todas as NFC-e ativas da table = PDV  
[2025-07-23 16:02:38] local.INFO: Vai buscar todas as NFC-e ativas da table = PDV  
[2025-07-23 16:12:41] local.INFO: Vai buscar todas as NFC-e ativas da table = PDV  
[2025-07-23 16:15:10] local.INFO: Vai buscar todas as NFC-e ativas da table = PDV  
[2025-07-23 16:16:47] local.INFO: Vai buscar todas as NFC-e ativas da table = PDV  
[2025-07-23 16:16:58] local.INFO: Vai buscar todas as NFC-e ativas da table = PDV  
[2025-07-23 16:17:27] local.INFO: Vai buscar todas as NFC-e ativas da table = PDV  
[2025-07-23 16:18:06] local.INFO: Vai buscar todas as NFC-e ativas da table = PDV  
[2025-07-23 16:18:23] local.INFO: Vai buscar todas as NFC-e ativas da table = PDV  
[2025-07-23 16:19:12] local.INFO: Vai buscar todas as NFC-e ativas da table = PDV  
[2025-07-23 16:19:27] local.INFO: Vai buscar todas as NFC-e ativas da table = PDV  
