[2025-07-24 15:45:02] local.DEBUG: array (
  0 => 
  array (
    'id' => 1,
    'product_code' => 1,
    'product' => 'Produto correto',
    'active' => 1,
    'barcode' => 0,
    'barcode_internal' => 0,
    'cfop' => '5102',
    'csosncst' => '102',
    'amount' => 1,
    'sale_price' => 20,
  ),
)  
[2025-07-24 15:45:03] local.INFO: -- Iniciou o saveSale() line 149 --   
[2025-07-24 15:45:03] local.INFO: pdvData:   
[2025-07-24 15:45:03] local.INFO: -- Iniciou o saveProducts() line 90 --   
[2025-07-24 15:45:03] local.DEBUG: array (
  'id' => 1,
  'product_code' => 1,
  'product' => 'Produto correto',
  'active' => 1,
  'barcode' => 0,
  'barcode_internal' => 0,
  'cfop' => '5102',
  'csosncst' => '102',
  'amount' => 1,
  'sale_price' => 20,
)  
[2025-07-24 15:45:08] local.INFO: Vai fazer a busca das vendas com campo: is_nfce_nm = null e canceled = 0  
[2025-07-24 15:45:08] local.INFO: -- Iniciou o finalizeSale() line 222 --   
[2025-07-24 15:45:08] local.INFO: Memória usada PDVRepository::class, finalizeSale: 25165824  
[2025-07-24 15:45:08] local.INFO: PDV pelo issuer_ud {"pdv":{"App\\Models\\EcommerceModels\\PDV":{"id":7,"pdv_code":7,"issuer_id":1,"description":"Venda Nota Manual N° 7","issue_date":"2025-07-24","n_nfce":null,"customer_code":2,"chart_of_account_code":null,"cost_center_code":null,"customer":"AAAAAAAAA","gross_value":"20.00","net_value":"20.00","discount":"0.00","addition":"0.00","user_id":1,"user":"Gabriel","finished":0,"canceled":0,"is_nfce_nm":"nm","status":"Pendente","active":1}}} 
[2025-07-24 15:45:08] local.INFO: Vai procurar a(s) formas de pagamento  
[2025-07-24 15:45:08] local.DEBUG: Formas de pagamento:  [{"App\\Models\\EcommerceModels\\PaymentForms":{"id":1,"payment_code":1,"issuer_id":1,"especie":"Dinheiro","tipo_lancamento":"Caixa","payments_form_type":"DINHEIRO","pix_key":null,"bank_key":null,"other_key":null,"active":1}}] 
[2025-07-24 15:45:08] local.INFO: Tipo de venda NM/NFCE: nm  
[2025-07-24 15:45:08] local.INFO: Retorno do pagamento: 1  
[2025-07-24 15:45:08] local.INFO: Pagamento bem sucessido, vai alterar o PDV: {"id":7,"pdv_code":7,"issuer_id":1,"description":"Venda Nota Manual N\u00b0 7","issue_date":"2025-07-24","n_nfce":null,"customer_code":2,"chart_of_account_code":null,"cost_center_code":null,"customer":"AAAAAAAAA","gross_value":"20.00","net_value":"20.00","discount":"0.00","addition":"0.00","user_id":1,"user":"Gabriel","finished":0,"canceled":0,"is_nfce_nm":"nm","status":"Pendente","active":1}  
[2025-07-24 15:45:08] local.INFO: $type nm  
[2025-07-24 15:45:08] local.INFO: Tipo de venda: NFC-e/NMnm  
[2025-07-24 15:45:08] local.INFO: Buscar e alterar os produtos, pdv_code = 7  
[2025-07-24 15:45:08] local.INFO: Alteração dentro do for = 7  
[2025-07-24 21:11:33] local.INFO: Vai buscar todas as NFC-e ativas da table = PDV  
[2025-07-24 21:12:05] local.INFO: Vai buscar todas as NFC-e ativas da table = PDV  
[2025-07-24 21:12:22] local.INFO: Vai buscar todas as NFC-e ativas da table = PDV  
[2025-07-24 21:12:33] local.INFO: Vai buscar todas as NFC-e ativas da table = PDV  
[2025-07-24 21:13:29] local.INFO: Vai buscar todas as NFC-e ativas da table = PDV  
[2025-07-24 21:13:59] local.INFO: Vai buscar todas as NFC-e ativas da table = PDV  
[2025-07-24 21:14:24] local.INFO: Vai buscar todas as NFC-e ativas da table = PDV  
[2025-07-24 21:15:04] local.INFO: Vai buscar todas as NFC-e ativas da table = PDV  
[2025-07-24 21:16:43] local.INFO: Vai buscar todas as NFC-e ativas da table = PDV  
[2025-07-24 21:18:11] local.INFO: Vai buscar todas as NFC-e ativas da table = PDV  
[2025-07-24 21:18:50] local.INFO: Vai buscar todas as NFC-e ativas da table = PDV  
[2025-07-24 21:19:01] local.INFO: Vai buscar todas as NFC-e ativas da table = PDV  
[2025-07-24 21:21:31] local.INFO: Vai buscar todas as NFC-e ativas da table = PDV  
[2025-07-24 21:27:58] local.INFO: Vai buscar todas as NFC-e ativas da table = PDV  
[2025-07-24 21:28:14] local.INFO: Vai buscar todas as NFC-e ativas da table = PDV  
[2025-07-24 21:29:29] local.INFO: Vai buscar todas as NFC-e ativas da table = PDV  
[2025-07-24 21:32:45] local.INFO: Vai buscar todas as NFC-e ativas da table = PDV  
[2025-07-24 21:33:10] local.INFO: Vai buscar todas as NFC-e ativas da table = PDV  
[2025-07-24 21:34:06] local.INFO: Vai buscar todas as NFC-e ativas da table = PDV  
[2025-07-24 21:34:37] local.INFO: Vai buscar todas as NFC-e ativas da table = PDV  
[2025-07-24 21:34:44] local.INFO: Vai buscar todas as NFC-e ativas da table = PDV  
[2025-07-24 21:34:49] local.INFO: Vai buscar todas as NFC-e ativas da table = PDV  
[2025-07-24 21:35:04] local.INFO: Vai buscar todas as NFC-e ativas da table = PDV  
[2025-07-24 21:35:06] local.INFO: Vai buscar todas as NFC-e ativas da table = PDV  
[2025-07-24 21:35:51] local.INFO: Vai buscar todas as NFC-e ativas da table = PDV  
[2025-07-24 21:36:00] local.INFO: Vai buscar todas as NFC-e ativas da table = PDV  
[2025-07-24 21:36:11] local.INFO: Vai buscar todas as NFC-e ativas da table = PDV  
[2025-07-24 21:36:15] local.INFO: Vai buscar todas as NFC-e ativas da table = PDV  
[2025-07-24 21:36:18] local.INFO: Vai buscar todas as NFC-e ativas da table = PDV  
[2025-07-24 21:36:19] local.INFO: Vai buscar todas as NFC-e ativas da table = PDV  
[2025-07-24 21:36:58] local.INFO: Vai buscar todas as NFC-e ativas da table = PDV  
[2025-07-24 21:38:19] local.INFO: Vai buscar todas as NFC-e ativas da table = PDV  
[2025-07-24 21:40:00] local.INFO: Vai buscar todas as NFC-e ativas da table = PDV  
[2025-07-24 21:46:23] local.INFO: Vai buscar todas as NFC-e ativas da table = PDV  
[2025-07-24 21:46:35] local.INFO: Vai buscar todas as NFC-e ativas da table = PDV  
[2025-07-24 21:47:15] local.INFO: Vai buscar todas as NFC-e ativas da table = PDV  
[2025-07-24 21:47:41] local.INFO: Vai buscar todas as NFC-e ativas da table = PDV  
[2025-07-24 21:47:43] local.INFO: Vai buscar todas as NFC-e ativas da table = PDV  
[2025-07-24 21:49:16] local.INFO: Vai buscar todas as NFC-e ativas da table = PDV  
[2025-07-24 21:49:17] local.INFO: Vai buscar todas as NFC-e ativas da table = PDV  
[2025-07-24 21:49:24] local.INFO: Vai buscar todas as NFC-e ativas da table = PDV  
[2025-07-24 21:56:22] local.INFO: Vai buscar todas as NFC-e ativas da table = PDV  
[2025-07-24 22:04:13] local.INFO: Vai buscar todas as NFC-e ativas da table = PDV  
[2025-07-24 22:04:35] local.INFO: Vai buscar todas as NFC-e ativas da table = PDV  
[2025-07-24 22:04:37] local.INFO: Vai buscar todas as NFC-e ativas da table = PDV  
[2025-07-24 22:04:49] local.INFO: Vai buscar todas as NFC-e ativas da table = PDV  
[2025-07-24 22:05:34] local.INFO: Vai buscar todas as NFC-e ativas da table = PDV  
[2025-07-24 22:05:42] local.INFO: Vai buscar todas as NFC-e ativas da table = PDV  
[2025-07-24 22:06:17] local.INFO: Vai buscar todas as NFC-e ativas da table = PDV  
[2025-07-24 22:07:20] local.INFO: Vai buscar todas as NFC-e ativas da table = PDV  
[2025-07-24 22:07:33] local.INFO: Vai buscar todas as NFC-e ativas da table = PDV  
[2025-07-24 22:07:41] local.INFO: Vai buscar todas as NFC-e ativas da table = PDV  
[2025-07-24 22:07:46] local.INFO: Vai buscar todas as NFC-e ativas da table = PDV  
[2025-07-24 22:09:05] local.INFO: Vai buscar todas as NFC-e ativas da table = PDV  
[2025-07-24 22:11:53] local.INFO: Vai buscar todas as NFC-e ativas da table = PDV  
[2025-07-24 22:12:00] local.INFO: Vai buscar todas as NFC-e ativas da table = PDV  
[2025-07-24 22:13:00] local.INFO: Vai buscar todas as NFC-e ativas da table = PDV  
[2025-07-24 22:17:22] local.INFO: Vai buscar todas as NFC-e ativas da table = PDV  
[2025-07-24 22:17:39] local.INFO: Vai buscar todas as NFC-e ativas da table = PDV  
[2025-07-24 22:17:49] local.INFO: Vai buscar todas as NFC-e ativas da table = PDV  
[2025-07-24 22:18:01] local.INFO: Vai buscar todas as NFC-e ativas da table = PDV  
[2025-07-24 22:18:08] local.INFO: Vai buscar todas as NFC-e ativas da table = PDV  
[2025-07-24 22:18:10] local.INFO: Vai buscar todas as NFC-e ativas da table = PDV  
[2025-07-24 22:18:27] local.INFO: Vai buscar todas as NFC-e ativas da table = PDV  
[2025-07-24 22:26:07] local.INFO: Vai fazer a busca das vendas com campo: is_nfce_nm = null e canceled = 0  
[2025-07-24 22:28:15] local.INFO: Vai fazer a busca das vendas com campo: is_nfce_nm = null e canceled = 0  
[2025-07-24 22:29:01] local.INFO: Vai fazer a busca das vendas com campo: is_nfce_nm = null e canceled = 0  
[2025-07-24 22:29:13] local.INFO: Vai fazer a busca das vendas com campo: is_nfce_nm = null e canceled = 0  
[2025-07-24 22:30:56] local.INFO: Vai fazer a busca das vendas com campo: is_nfce_nm = null e canceled = 0  
[2025-07-24 22:31:25] local.INFO: Vai fazer a busca das vendas com campo: is_nfce_nm = null e canceled = 0  
[2025-07-24 22:31:54] local.INFO: Vai fazer a busca das vendas com campo: is_nfce_nm = null e canceled = 0  
[2025-07-24 22:32:03] local.INFO: Vai fazer a busca das vendas com campo: is_nfce_nm = null e canceled = 0  
[2025-07-24 22:32:55] local.INFO: Vai fazer a busca das vendas com campo: is_nfce_nm = null e canceled = 0  
[2025-07-24 22:38:33] local.INFO: Vai fazer a busca das vendas com campo: is_nfce_nm = null e canceled = 0  
[2025-07-24 22:41:51] local.INFO: Vai fazer a busca das vendas com campo: is_nfce_nm = null e canceled = 0  
[2025-07-24 22:44:12] local.INFO: Vai fazer a busca das vendas com campo: is_nfce_nm = null e canceled = 0  
[2025-07-24 22:44:52] local.INFO: Vai fazer a busca das vendas com campo: is_nfce_nm = null e canceled = 0  
[2025-07-24 22:45:16] local.INFO: Vai fazer a busca das vendas com campo: is_nfce_nm = null e canceled = 0  
[2025-07-24 22:45:25] local.INFO: Vai fazer a busca das vendas com campo: is_nfce_nm = null e canceled = 0  
[2025-07-24 22:46:15] local.INFO: Vai fazer a busca das vendas com campo: is_nfce_nm = null e canceled = 0  
[2025-07-24 22:46:53] local.INFO: Vai fazer a busca das vendas com campo: is_nfce_nm = null e canceled = 0  
[2025-07-24 22:48:01] local.INFO: Vai fazer a busca das vendas com campo: is_nfce_nm = null e canceled = 0  
[2025-07-24 22:48:53] local.INFO: Vai fazer a busca das vendas com campo: is_nfce_nm = null e canceled = 0  
[2025-07-24 22:49:01] local.INFO: Vai fazer a busca das vendas com campo: is_nfce_nm = null e canceled = 0  
[2025-07-24 22:49:05] local.INFO: Vai fazer a busca das vendas com campo: is_nfce_nm = null e canceled = 0  
[2025-07-24 22:49:30] local.INFO: Vai fazer a busca das vendas com campo: is_nfce_nm = null e canceled = 0  
[2025-07-24 22:50:31] local.INFO: Vai fazer a busca das vendas com campo: is_nfce_nm = null e canceled = 0  
[2025-07-24 22:50:43] local.INFO: Vai fazer a busca das vendas com campo: is_nfce_nm = null e canceled = 0  
[2025-07-24 22:53:27] local.DEBUG: array (
  0 => 
  array (
    'id' => 1,
    'product_code' => 1,
    'product' => 'Produto correto',
    'active' => 1,
    'barcode' => 0,
    'barcode_internal' => 0,
    'cfop' => '5102',
    'csosncst' => '102',
    'amount' => 1,
    'sale_price' => 20,
  ),
  1 => 
  array (
    'id' => 2,
    'product_code' => 2,
    'product' => 'Produto correto 1',
    'active' => 1,
    'barcode' => 0,
    'barcode_internal' => 0,
    'cfop' => '5102',
    'csosncst' => '102',
    'amount' => 1,
    'sale_price' => 20,
  ),
)  
[2025-07-24 22:53:27] local.INFO: -- Iniciou o saveSale() line 149 --   
[2025-07-24 22:53:27] local.INFO: pdvData:   
[2025-07-24 22:53:27] local.INFO: -- Iniciou o saveProducts() line 90 --   
[2025-07-24 22:53:27] local.DEBUG: array (
  'id' => 1,
  'product_code' => 1,
  'product' => 'Produto correto',
  'active' => 1,
  'barcode' => 0,
  'barcode_internal' => 0,
  'cfop' => '5102',
  'csosncst' => '102',
  'amount' => 1,
  'sale_price' => 20,
)  
[2025-07-24 22:53:27] local.DEBUG: array (
  'id' => 2,
  'product_code' => 2,
  'product' => 'Produto correto 1',
  'active' => 1,
  'barcode' => 0,
  'barcode_internal' => 0,
  'cfop' => '5102',
  'csosncst' => '102',
  'amount' => 1,
  'sale_price' => 20,
)  
[2025-07-24 22:53:30] local.INFO: Vai buscar todas as NFC-e ativas da table = PDV  
[2025-07-24 22:53:36] local.INFO: Vai buscar todas as NFC-e ativas da table = PDV  
[2025-07-24 22:53:50] local.INFO: Vai buscar todas as NFC-e ativas da table = PDV  
[2025-07-24 22:53:55] local.INFO: Vai buscar todas as NFC-e ativas da table = PDV  
[2025-07-24 22:54:10] local.INFO: Vai buscar todas as NFC-e ativas da table = PDV  
[2025-07-24 22:54:18] local.INFO: Vai fazer a busca das vendas com campo: is_nfce_nm = null e canceled = 0  
[2025-07-24 22:55:01] local.INFO: Vai fazer a busca das vendas com campo: is_nfce_nm = null e canceled = 0  
[2025-07-24 22:55:01] local.INFO: -- Iniciou o finalizeSale() line 222 --   
[2025-07-24 22:55:01] local.INFO: Memória usada PDVRepository::class, finalizeSale: 25165824  
[2025-07-24 22:55:01] local.INFO: PDV pelo issuer_ud {"pdv":{"App\\Models\\EcommerceModels\\PDV":{"id":8,"pdv_code":8,"issuer_id":1,"description":"Venda NFC-e N° 8","issue_date":"2025-07-24","n_nfce":8,"customer_code":1,"chart_of_account_code":null,"cost_center_code":null,"customer":"Consumidor Padrão","gross_value":"40.00","net_value":"40.00","discount":"0.00","addition":"0.00","user_id":1,"user":"Gabriel","finished":0,"canceled":0,"is_nfce_nm":"nm","status":"Pendente","active":1}}} 
[2025-07-24 22:55:01] local.INFO: Vai procurar a(s) formas de pagamento  
[2025-07-24 22:55:01] local.DEBUG: Formas de pagamento:  [{"App\\Models\\EcommerceModels\\PaymentForms":{"id":1,"payment_code":1,"issuer_id":1,"especie":"Dinheiro","tipo_lancamento":"Caixa","payments_form_type":"DINHEIRO","pix_key":null,"bank_key":null,"other_key":null,"active":1}},{"App\\Models\\EcommerceModels\\PaymentForms":{"id":2,"payment_code":2,"issuer_id":1,"especie":"PIX","tipo_lancamento":"Caixa","payments_form_type":"PIX","pix_key":null,"bank_key":null,"other_key":null,"active":1}}] 
[2025-07-24 22:55:01] local.INFO: Tipo de venda NM/NFCE: nm  
[2025-07-24 22:55:01] local.INFO: Retorno do pagamento: 1  
[2025-07-24 22:55:01] local.INFO: Pagamento bem sucessido, vai alterar o PDV: {"id":8,"pdv_code":8,"issuer_id":1,"description":"Venda NFC-e N\u00b0 8","issue_date":"2025-07-24","n_nfce":8,"customer_code":1,"chart_of_account_code":null,"cost_center_code":null,"customer":"Consumidor Padr\u00e3o","gross_value":"40.00","net_value":"40.00","discount":"0.00","addition":"0.00","user_id":1,"user":"Gabriel","finished":0,"canceled":0,"is_nfce_nm":"nm","status":"Pendente","active":1}  
[2025-07-24 22:55:01] local.INFO: $type nm  
[2025-07-24 22:55:01] local.INFO: Tipo de venda: NFC-e/NMnm  
[2025-07-24 22:55:01] local.INFO: Buscar e alterar os produtos, pdv_code = 8  
[2025-07-24 22:55:01] local.INFO: Alteração dentro do for = 8  
[2025-07-24 22:55:01] local.INFO: Alteração dentro do for = 8  
[2025-07-24 22:55:09] local.INFO: Vai buscar todas as NFC-e ativas da table = PDV  
[2025-07-24 22:55:13] local.INFO: Vai buscar todas as NFC-e ativas da table = PDV  
[2025-07-24 23:01:05] local.INFO: Vai buscar todas as NFC-e ativas da table = PDV  
[2025-07-24 23:01:27] local.DEBUG: array (
  0 => 
  array (
    'id' => 1,
    'product_code' => 1,
    'product' => 'Produto correto',
    'active' => 1,
    'barcode' => 0,
    'barcode_internal' => 0,
    'cfop' => '5102',
    'csosncst' => '102',
    'amount' => 1,
    'sale_price' => 20,
  ),
  1 => 
  array (
    'id' => 2,
    'product_code' => 2,
    'product' => 'Produto correto 1',
    'active' => 1,
    'barcode' => 0,
    'barcode_internal' => 0,
    'cfop' => '5102',
    'csosncst' => '102',
    'amount' => 3,
    'sale_price' => 20,
  ),
)  
[2025-07-24 23:01:27] local.INFO: -- Iniciou o saveSale() line 149 --   
[2025-07-24 23:01:37] local.DEBUG: array (
  0 => 
  array (
    'id' => 1,
    'product_code' => 1,
    'product' => 'Produto correto',
    'active' => 1,
    'barcode' => 0,
    'barcode_internal' => 0,
    'cfop' => '5102',
    'csosncst' => '102',
    'amount' => 1,
    'sale_price' => 20,
  ),
  1 => 
  array (
    'id' => 2,
    'product_code' => 2,
    'product' => 'Produto correto 1',
    'active' => 1,
    'barcode' => 0,
    'barcode_internal' => 0,
    'cfop' => '5102',
    'csosncst' => '102',
    'amount' => 3,
    'sale_price' => 20,
  ),
)  
[2025-07-24 23:01:37] local.INFO: -- Iniciou o saveSale() line 149 --   
[2025-07-24 23:01:37] local.INFO: pdvData:   
[2025-07-24 23:01:37] local.INFO: -- Iniciou o saveProducts() line 90 --   
[2025-07-24 23:01:37] local.DEBUG: array (
  'id' => 1,
  'product_code' => 1,
  'product' => 'Produto correto',
  'active' => 1,
  'barcode' => 0,
  'barcode_internal' => 0,
  'cfop' => '5102',
  'csosncst' => '102',
  'amount' => 1,
  'sale_price' => 20,
)  
[2025-07-24 23:01:37] local.DEBUG: array (
  'id' => 2,
  'product_code' => 2,
  'product' => 'Produto correto 1',
  'active' => 1,
  'barcode' => 0,
  'barcode_internal' => 0,
  'cfop' => '5102',
  'csosncst' => '102',
  'amount' => 3,
  'sale_price' => 20,
)  
[2025-07-24 23:02:13] local.INFO: Vai buscar todas as NFC-e ativas da table = PDV  
[2025-07-24 23:05:28] local.INFO: Vai fazer a busca das vendas com campo: is_nfce_nm = null e canceled = 0  
[2025-07-24 23:05:56] local.INFO: Vai fazer a busca das vendas com campo: is_nfce_nm = null e canceled = 0  
[2025-07-24 23:08:06] local.INFO: Vai fazer a busca das vendas com campo: is_nfce_nm = null e canceled = 0  
[2025-07-24 23:08:09] local.DEBUG: array (
  0 => 
  array (
    'id' => 10,
    'iten_pdv_code' => 10,
    'issuer_id' => 1,
    'pdv_code' => 9,
    'product_code' => 1,
    'product' => 'Produto correto',
    'cost_price' => '10.00',
    'sale_price' => '20.00',
    'cfop' => '5102',
    'csosncst' => '102',
    'ncm' => NULL,
    'cest' => NULL,
    'unit' => 'UN',
    'amount' => 1,
    'addition' => '0.00',
    'discount' => '0.00',
    'user_id' => 1,
    'seller' => 'Gabriel',
    'is_nfce_nm' => NULL,
    'finished' => 0,
  ),
  1 => 
  array (
    'id' => 11,
    'iten_pdv_code' => 11,
    'issuer_id' => 1,
    'pdv_code' => 9,
    'product_code' => 2,
    'product' => 'Produto correto 1',
    'cost_price' => '10.00',
    'sale_price' => '20.00',
    'cfop' => '5102',
    'csosncst' => '102',
    'ncm' => NULL,
    'cest' => NULL,
    'unit' => 'UN',
    'amount' => 3,
    'addition' => '0.00',
    'discount' => '0.00',
    'user_id' => 1,
    'seller' => 'Gabriel',
    'is_nfce_nm' => NULL,
    'finished' => 0,
  ),
)  
[2025-07-24 23:08:09] local.INFO: -- Iniciou o saveSale() line 149 --   
[2025-07-24 23:08:09] local.INFO: pdvData:   
[2025-07-24 23:08:09] local.INFO: -- Iniciou o saveProducts() line 90 --   
[2025-07-24 23:08:09] local.DEBUG: array (
  'id' => 10,
  'iten_pdv_code' => 10,
  'issuer_id' => 1,
  'pdv_code' => 9,
  'product_code' => 1,
  'product' => 'Produto correto',
  'cost_price' => '10.00',
  'sale_price' => '20.00',
  'cfop' => '5102',
  'csosncst' => '102',
  'ncm' => NULL,
  'cest' => NULL,
  'unit' => 'UN',
  'amount' => 1,
  'addition' => '0.00',
  'discount' => '0.00',
  'user_id' => 1,
  'seller' => 'Gabriel',
  'is_nfce_nm' => NULL,
  'finished' => 0,
)  
[2025-07-24 23:08:09] local.DEBUG: array (
  'id' => 11,
  'iten_pdv_code' => 11,
  'issuer_id' => 1,
  'pdv_code' => 9,
  'product_code' => 2,
  'product' => 'Produto correto 1',
  'cost_price' => '10.00',
  'sale_price' => '20.00',
  'cfop' => '5102',
  'csosncst' => '102',
  'ncm' => NULL,
  'cest' => NULL,
  'unit' => 'UN',
  'amount' => 3,
  'addition' => '0.00',
  'discount' => '0.00',
  'user_id' => 1,
  'seller' => 'Gabriel',
  'is_nfce_nm' => NULL,
  'finished' => 0,
)  
[2025-07-24 23:08:36] local.INFO: Vai fazer a busca das vendas com campo: is_nfce_nm = null e canceled = 0  
[2025-07-24 23:08:39] local.INFO: Vai fazer a busca das vendas com campo: is_nfce_nm = null e canceled = 0  
[2025-07-24 23:08:39] local.INFO: Vai buscar todas as NFC-e ativas da table = PDV  
[2025-07-24 23:08:40] local.INFO: Vai buscar todas as NFC-e ativas da table = PDV  
[2025-07-24 23:08:47] local.INFO: Vai buscar todas as NFC-e ativas da table = PDV  
[2025-07-24 23:08:50] local.INFO: Vai fazer a busca das vendas com campo: is_nfce_nm = null e canceled = 0  
[2025-07-24 23:08:54] local.DEBUG: array (
  0 => 
  array (
    'id' => 12,
    'iten_pdv_code' => 12,
    'issuer_id' => 1,
    'pdv_code' => 10,
    'product_code' => 1,
    'product' => 'Produto correto',
    'cost_price' => '10.00',
    'sale_price' => '20.00',
    'cfop' => '5102',
    'csosncst' => '102',
    'ncm' => NULL,
    'cest' => NULL,
    'unit' => 'UN',
    'amount' => 1,
    'addition' => '0.00',
    'discount' => '0.00',
    'user_id' => 1,
    'seller' => 'Gabriel',
    'is_nfce_nm' => NULL,
    'finished' => 0,
  ),
  1 => 
  array (
    'id' => 13,
    'iten_pdv_code' => 13,
    'issuer_id' => 1,
    'pdv_code' => 10,
    'product_code' => 2,
    'product' => 'Produto correto 1',
    'cost_price' => '10.00',
    'sale_price' => '20.00',
    'cfop' => '5102',
    'csosncst' => '102',
    'ncm' => NULL,
    'cest' => NULL,
    'unit' => 'UN',
    'amount' => 3,
    'addition' => '0.00',
    'discount' => '0.00',
    'user_id' => 1,
    'seller' => 'Gabriel',
    'is_nfce_nm' => NULL,
    'finished' => 0,
  ),
)  
[2025-07-24 23:08:54] local.INFO: -- Iniciou o saveSale() line 149 --   
[2025-07-24 23:08:54] local.INFO: pdvData:   
[2025-07-24 23:08:54] local.INFO: -- Iniciou o saveProducts() line 90 --   
[2025-07-24 23:08:54] local.DEBUG: array (
  'id' => 12,
  'iten_pdv_code' => 12,
  'issuer_id' => 1,
  'pdv_code' => 10,
  'product_code' => 1,
  'product' => 'Produto correto',
  'cost_price' => '10.00',
  'sale_price' => '20.00',
  'cfop' => '5102',
  'csosncst' => '102',
  'ncm' => NULL,
  'cest' => NULL,
  'unit' => 'UN',
  'amount' => 1,
  'addition' => '0.00',
  'discount' => '0.00',
  'user_id' => 1,
  'seller' => 'Gabriel',
  'is_nfce_nm' => NULL,
  'finished' => 0,
)  
[2025-07-24 23:08:54] local.DEBUG: array (
  'id' => 13,
  'iten_pdv_code' => 13,
  'issuer_id' => 1,
  'pdv_code' => 10,
  'product_code' => 2,
  'product' => 'Produto correto 1',
  'cost_price' => '10.00',
  'sale_price' => '20.00',
  'cfop' => '5102',
  'csosncst' => '102',
  'ncm' => NULL,
  'cest' => NULL,
  'unit' => 'UN',
  'amount' => 3,
  'addition' => '0.00',
  'discount' => '0.00',
  'user_id' => 1,
  'seller' => 'Gabriel',
  'is_nfce_nm' => NULL,
  'finished' => 0,
)  
[2025-07-24 23:08:56] local.INFO: Vai buscar todas as NFC-e ativas da table = PDV  
[2025-07-24 23:09:11] local.INFO: Vai buscar todas as NFC-e ativas da table = PDV  
[2025-07-24 23:10:12] local.INFO: Vai buscar todas as NFC-e ativas da table = PDV  
[2025-07-24 23:10:30] local.INFO: Vai buscar todas as NFC-e ativas da table = PDV  
