[2025-07-02 22:18:50] local.DEBUG: array (
  0 => 
  array (
    'id' => 1,
    'product_cod' => 1,
    'product' => 'teste',
    'active' => 1,
    'barcode' => 0,
    'barcode_internal' => 0,
    'cfop' => '1111',
    'csosncst' => '111',
    'amount' => 1,
    'sale_price' => '120.00',
  ),
)  
[2025-07-02 22:18:50] local.DEBUG: array (
  'id' => 1,
  'product_cod' => 1,
  'product' => 'teste',
  'active' => 1,
  'barcode' => 0,
  'barcode_internal' => 0,
  'cfop' => '1111',
  'csosncst' => '111',
  'amount' => 1,
  'sale_price' => '120.00',
)  
