[2025-07-10 15:03:41] local.DEBUG: array (
  0 => 
  array (
    'id' => 2,
    'product_cod' => 2,
    'product' => 'Produto importado',
    'active' => 1,
    'barcode' => 0,
    'barcode_internal' => 0,
    'cfop' => '5102',
    'csosncst' => '102',
    'amount' => 1,
    'sale_price' => '20.40',
  ),
)  
[2025-07-10 15:03:41] local.INFO: -- Iniciou o saveSale() line 172 --   
[2025-07-10 15:03:41] local.INFO: pdvData:   
[2025-07-10 15:03:41] local.INFO: -- Iniciou o saveProducts() line 90 --   
[2025-07-10 15:03:41] local.DEBUG: array (
  'id' => 2,
  'product_cod' => 2,
  'product' => 'Produto importado',
  'active' => 1,
  'barcode' => 0,
  'barcode_internal' => 0,
  'cfop' => '5102',
  'csosncst' => '102',
  'amount' => 1,
  'sale_price' => '20.40',
)  
