[2025-07-13 13:53:45] local.DEBUG: array (
  0 => 
  array (
    'id' => 1,
    'product_code' => 1,
    'product' => 'Produto correto',
    'active' => 1,
    'barcode' => 0,
    'barcode_internal' => 0,
    'cfop' => '5102',
    'csosncst' => '102',
    'amount' => 1,
    'sale_price' => '20.00',
  ),
  1 => 
  array (
    'id' => 2,
    'product_code' => 2,
    'product' => 'Produto correto 1',
    'active' => 1,
    'barcode' => 0,
    'barcode_internal' => 0,
    'cfop' => '5102',
    'csosncst' => '102',
    'amount' => 2,
    'sale_price' => '20.00',
  ),
)  
[2025-07-13 13:53:45] local.INFO: -- Iniciou o saveSale() line 172 --   
[2025-07-13 13:56:17] local.DEBUG: array (
  0 => 
  array (
    'id' => 1,
    'product_code' => 1,
    'product' => 'Produto correto',
    'active' => 1,
    'barcode' => 0,
    'barcode_internal' => 0,
    'cfop' => '5102',
    'csosncst' => '102',
    'amount' => 1,
    'sale_price' => '20.00',
  ),
  1 => 
  array (
    'id' => 2,
    'product_code' => 2,
    'product' => 'Produto correto 1',
    'active' => 1,
    'barcode' => 0,
    'barcode_internal' => 0,
    'cfop' => '5102',
    'csosncst' => '102',
    'amount' => 2,
    'sale_price' => '20.00',
  ),
)  
[2025-07-13 13:56:17] local.INFO: -- Iniciou o saveSale() line 172 --   
