[2025-07-01 00:14:59] local.DEBUG: array (
  0 => 
  array (
    'id' => 1,
    'product_cod' => 1,
    'product' => 'teste',
    'active' => 1,
    'barcode' => 0,
    'barcode_internal' => 0,
    'cfop' => '1111',
    'csosncst' => '111',
    'amount' => 1,
    'sale_price' => '120.00',
  ),
)  
[2025-07-01 00:15:00] local.DEBUG: array (
  'id' => 1,
  'product_cod' => 1,
  'product' => 'teste',
  'active' => 1,
  'barcode' => 0,
  'barcode_internal' => 0,
  'cfop' => '1111',
  'csosncst' => '111',
  'amount' => 1,
  'sale_price' => '120.00',
)  
[2025-07-01 00:32:39] local.DEBUG: array (
  0 => 
  array (
    'id' => 1,
    'product_cod' => 1,
    'product' => 'teste',
    'active' => 1,
    'barcode' => 0,
    'barcode_internal' => 0,
    'cfop' => '1111',
    'csosncst' => '111',
    'amount' => 1,
    'sale_price' => '120.00',
  ),
)  
[2025-07-01 00:32:39] local.DEBUG: array (
  'id' => 1,
  'product_cod' => 1,
  'product' => 'teste',
  'active' => 1,
  'barcode' => 0,
  'barcode_internal' => 0,
  'cfop' => '1111',
  'csosncst' => '111',
  'amount' => 1,
  'sale_price' => '120.00',
)  
[2025-07-01 00:35:32] local.DEBUG: array (
  0 => 
  array (
    'id' => 1,
    'product_cod' => 1,
    'product' => 'teste',
    'active' => 1,
    'barcode' => 0,
    'barcode_internal' => 0,
    'cfop' => '1111',
    'csosncst' => '111',
    'amount' => 1,
    'sale_price' => '120.00',
  ),
)  
[2025-07-01 00:35:32] local.DEBUG: array (
  'id' => 1,
  'product_cod' => 1,
  'product' => 'teste',
  'active' => 1,
  'barcode' => 0,
  'barcode_internal' => 0,
  'cfop' => '1111',
  'csosncst' => '111',
  'amount' => 1,
  'sale_price' => '120.00',
)  
[2025-07-01 00:43:16] local.DEBUG: array (
  0 => 
  array (
    'id' => 1,
    'product_cod' => 1,
    'product' => 'teste',
    'active' => 1,
    'barcode' => 0,
    'barcode_internal' => 0,
    'cfop' => '1111',
    'csosncst' => '111',
    'amount' => 1,
    'sale_price' => '120.00',
  ),
)  
[2025-07-01 00:43:16] local.DEBUG: array (
  'id' => 1,
  'product_cod' => 1,
  'product' => 'teste',
  'active' => 1,
  'barcode' => 0,
  'barcode_internal' => 0,
  'cfop' => '1111',
  'csosncst' => '111',
  'amount' => 1,
  'sale_price' => '120.00',
)  
[2025-07-01 01:16:09] local.DEBUG: array (
  0 => 
  array (
    'id' => 1,
    'product_cod' => 1,
    'product' => 'teste',
    'active' => 1,
    'barcode' => 0,
    'barcode_internal' => 0,
    'cfop' => '1111',
    'csosncst' => '111',
    'amount' => 1,
    'sale_price' => '120.00',
  ),
)  
[2025-07-01 01:16:09] local.DEBUG: array (
  'id' => 1,
  'product_cod' => 1,
  'product' => 'teste',
  'active' => 1,
  'barcode' => 0,
  'barcode_internal' => 0,
  'cfop' => '1111',
  'csosncst' => '111',
  'amount' => 1,
  'sale_price' => '120.00',
)  
[2025-07-01 01:49:52] local.DEBUG: array (
  0 => 
  array (
    'id' => 1,
    'product_cod' => 1,
    'product' => 'teste',
    'active' => 1,
    'barcode' => 0,
    'barcode_internal' => 0,
    'cfop' => '1111',
    'csosncst' => '111',
    'amount' => 1,
    'sale_price' => '120.00',
  ),
)  
[2025-07-01 01:49:52] local.DEBUG: array (
  'id' => 1,
  'product_cod' => 1,
  'product' => 'teste',
  'active' => 1,
  'barcode' => 0,
  'barcode_internal' => 0,
  'cfop' => '1111',
  'csosncst' => '111',
  'amount' => 1,
  'sale_price' => '120.00',
)  
