[2025-06-28 02:39:33] local.DEBUG: array (
  0 => 
  array (
    'id' => 1,
    'product_cod' => 1,
    'product' => 'teste',
    'active' => 1,
    'barcode' => 0,
    'barcode_internal' => 0,
    'cfop' => '1112',
    'csosncst' => '111',
    'amount' => 1,
    'sale_price' => '120.00',
  ),
  1 => 
  array (
    'id' => 1,
    'product_cod' => 1,
    'product' => 'teste',
    'active' => 1,
    'barcode' => 0,
    'barcode_internal' => 0,
    'cfop' => '1211',
    'csosncst' => '111',
    'amount' => 1,
    'sale_price' => '120.00',
  ),
)  
[2025-06-28 02:39:33] local.DEBUG: array (
  'id' => 1,
  'product_cod' => 1,
  'product' => 'teste',
  'active' => 1,
  'barcode' => 0,
  'barcode_internal' => 0,
  'cfop' => '1112',
  'csosncst' => '111',
  'amount' => 1,
  'sale_price' => '120.00',
)  
[2025-06-28 02:39:33] local.DEBUG: array (
  'id' => 1,
  'product_cod' => 1,
  'product' => 'teste',
  'active' => 1,
  'barcode' => 0,
  'barcode_internal' => 0,
  'cfop' => '1211',
  'csosncst' => '111',
  'amount' => 1,
  'sale_price' => '120.00',
)  
[2025-06-28 02:40:28] local.DEBUG: array (
  0 => 
  array (
    'id' => 1,
    'product_cod' => 1,
    'product' => 'teste',
    'active' => 1,
    'barcode' => 0,
    'barcode_internal' => 0,
    'cfop' => '1111',
    'csosncst' => 102,
    'amount' => '2',
    'sale_price' => '120.00',
  ),
  1 => 
  array (
    'id' => 1,
    'product_cod' => 1,
    'product' => 'teste',
    'active' => 1,
    'barcode' => 0,
    'barcode_internal' => 0,
    'cfop' => '1111',
    'csosncst' => '111',
    'amount' => 1,
    'sale_price' => '120.00',
  ),
)  
[2025-06-28 02:40:28] local.DEBUG: array (
  'id' => 1,
  'product_cod' => 1,
  'product' => 'teste',
  'active' => 1,
  'barcode' => 0,
  'barcode_internal' => 0,
  'cfop' => '1111',
  'csosncst' => 102,
  'amount' => '2',
  'sale_price' => '120.00',
)  
[2025-06-28 02:40:28] local.DEBUG: array (
  'id' => 1,
  'product_cod' => 1,
  'product' => 'teste',
  'active' => 1,
  'barcode' => 0,
  'barcode_internal' => 0,
  'cfop' => '1111',
  'csosncst' => '111',
  'amount' => 1,
  'sale_price' => '120.00',
)  
