[2025-02-11 16:49:12] local.INFO: O hotel foi encontrado  
[2025-02-11 16:49:12] local.INFO: Vai conferir as configurações de CEP  
[2025-02-11 16:49:12] local.INFO: Opção ativa vai alterar o endereço  
[2025-02-11 16:49:12] local.INFO: Chamou o checkAddress com, hotel: {"id":1,"name":"Nome da Empresa","cnpj":"000000000","email":"email@empresa.com","cep":"89711226","address":"Rua Alexandre Lorenzet","number":123,"number_of_rooms":10,"number_of_employees":10,"active":1,"created_at":"2025-02-10T16:45:29.000000Z","updated_at":"2025-02-10T16:45:51.000000Z"}  
[2025-02-11 16:49:12] local.INFO: Vai iniciar a consulta do CEP  
[2025-02-11 16:49:12] local.INFO: Terminou e encerrou a consulta, vai comparar o endereço do CEP  
[2025-02-11 16:49:12] local.INFO: Endereço Rua Alexandre Lorenzetrota: https://viacep.com.br/ws/89711226/json/  
[2025-02-11 16:49:13] local.INFO: O hotel foi encontrado  
[2025-02-11 16:49:13] local.INFO: Vai conferir as configurações de CEP  
[2025-02-11 16:49:13] local.INFO: Opção ativa vai alterar o endereço  
[2025-02-11 16:49:13] local.INFO: Chamou o checkAddress com, hotel: {"id":1,"name":"Nome da Empresa","cnpj":"000000000","email":"email@empresa.com","cep":"89711226","address":"Rua Alexandre Lorenzet","number":123,"number_of_rooms":10,"number_of_employees":10,"active":1,"created_at":"2025-02-10T16:45:29.000000Z","updated_at":"2025-02-10T16:45:51.000000Z"}  
[2025-02-11 16:49:13] local.INFO: Vai iniciar a consulta do CEP  
[2025-02-11 16:49:14] local.INFO: Terminou e encerrou a consulta, vai comparar o endereço do CEP  
[2025-02-11 16:49:14] local.INFO: Endereço Rua Alexandre Lorenzetrota: https://viacep.com.br/ws/89711226/json/  
[2025-02-11 16:49:14] local.INFO: O hotel foi encontrado  
[2025-02-11 16:49:14] local.INFO: Vai conferir as configurações de CEP  
[2025-02-11 16:49:14] local.INFO: Opção ativa vai alterar o endereço  
[2025-02-11 16:49:14] local.INFO: Chamou o checkAddress com, hotel: {"id":1,"name":"Nome da Empresa","cnpj":"000000000","email":"email@empresa.com","cep":"89711226","address":"Rua Alexandre Lorenzet","number":123,"number_of_rooms":10,"number_of_employees":10,"active":1,"created_at":"2025-02-10T16:45:29.000000Z","updated_at":"2025-02-10T16:45:51.000000Z"}  
[2025-02-11 16:49:14] local.INFO: Vai iniciar a consulta do CEP  
[2025-02-11 16:49:15] local.INFO: Terminou e encerrou a consulta, vai comparar o endereço do CEP  
[2025-02-11 16:49:15] local.INFO: Endereço Rua Alexandre Lorenzetrota: https://viacep.com.br/ws/89711226/json/  
[2025-02-11 16:49:15] local.INFO: O hotel foi encontrado  
[2025-02-11 16:49:15] local.INFO: Vai conferir as configurações de CEP  
[2025-02-11 16:49:15] local.INFO: Opção ativa vai alterar o endereço  
[2025-02-11 16:49:15] local.INFO: Chamou o checkAddress com, hotel: {"id":1,"name":"Nome da Empresa","cnpj":"000000000","email":"email@empresa.com","cep":"89711226","address":"Rua Alexandre Lorenzet","number":123,"number_of_rooms":10,"number_of_employees":10,"active":1,"created_at":"2025-02-10T16:45:29.000000Z","updated_at":"2025-02-10T16:45:51.000000Z"}  
[2025-02-11 16:49:15] local.INFO: Vai iniciar a consulta do CEP  
[2025-02-11 16:49:15] local.INFO: Terminou e encerrou a consulta, vai comparar o endereço do CEP  
[2025-02-11 16:49:15] local.INFO: Endereço Rua Alexandre Lorenzetrota: https://viacep.com.br/ws/89711226/json/  
[2025-02-11 16:49:34] local.INFO: O hotel foi encontrado  
[2025-02-11 16:49:34] local.INFO: Vai conferir as configurações de CEP  
[2025-02-11 16:49:34] local.INFO: Opção ativa vai alterar o endereço  
[2025-02-11 16:49:34] local.INFO: Chamou o checkAddress com, hotel: {"id":1,"name":"Nome da Empresa","cnpj":"000000000","email":"email@empresa.com","cep":"89711226","address":"Rua Alexandre Lorenzet","number":123,"number_of_rooms":10,"number_of_employees":10,"active":1,"created_at":"2025-02-10T16:45:29.000000Z","updated_at":"2025-02-10T16:45:51.000000Z"}  
[2025-02-11 16:49:34] local.INFO: Vai iniciar a consulta do CEP  
[2025-02-11 16:49:35] local.INFO: Terminou e encerrou a consulta, vai comparar o endereço do CEP  
[2025-02-11 16:49:35] local.INFO: Endereço Rua Alexandre Lorenzetrota: https://viacep.com.br/ws/89711226/json/  
[2025-02-11 16:49:35] local.INFO: O hotel foi encontrado  
[2025-02-11 16:49:35] local.INFO: Vai conferir as configurações de CEP  
[2025-02-11 16:49:35] local.INFO: Opção ativa vai alterar o endereço  
[2025-02-11 16:49:35] local.INFO: Chamou o checkAddress com, hotel: {"id":1,"name":"Nome da Empresa","cnpj":"000000000","email":"email@empresa.com","cep":"89711226","address":"Rua Alexandre Lorenzet","number":123,"number_of_rooms":10,"number_of_employees":10,"active":1,"created_at":"2025-02-10T16:45:29.000000Z","updated_at":"2025-02-10T16:45:51.000000Z"}  
[2025-02-11 16:49:35] local.INFO: Vai iniciar a consulta do CEP  
[2025-02-11 16:49:35] local.INFO: Terminou e encerrou a consulta, vai comparar o endereço do CEP  
[2025-02-11 16:49:35] local.INFO: Endereço Rua Alexandre Lorenzetrota: https://viacep.com.br/ws/89711226/json/  
[2025-02-11 16:49:55] local.INFO: O hotel foi encontrado  
[2025-02-11 16:49:55] local.INFO: Vai conferir as configurações de CEP  
[2025-02-11 16:49:55] local.INFO: Opção ativa vai alterar o endereço  
[2025-02-11 16:49:55] local.INFO: Chamou o checkAddress com, hotel: {"id":1,"name":"Nome da Empresa","cnpj":"000000000","email":"email@empresa.com","cep":"89711226","address":"Rua Alexandre Lorenzet","number":123,"number_of_rooms":10,"number_of_employees":10,"active":1,"created_at":"2025-02-10T16:45:29.000000Z","updated_at":"2025-02-10T16:45:51.000000Z"}  
[2025-02-11 16:49:55] local.INFO: Vai iniciar a consulta do CEP  
[2025-02-11 16:49:56] local.INFO: Terminou e encerrou a consulta, vai comparar o endereço do CEP  
[2025-02-11 16:49:56] local.INFO: Endereço Rua Alexandre Lorenzetrota: https://viacep.com.br/ws/89711226/json/  
[2025-02-11 16:49:56] local.INFO: O hotel foi encontrado  
[2025-02-11 16:49:56] local.INFO: Vai conferir as configurações de CEP  
[2025-02-11 16:49:56] local.INFO: Opção ativa vai alterar o endereço  
[2025-02-11 16:49:56] local.INFO: Chamou o checkAddress com, hotel: {"id":1,"name":"Nome da Empresa","cnpj":"000000000","email":"email@empresa.com","cep":"89711226","address":"Rua Alexandre Lorenzet","number":123,"number_of_rooms":10,"number_of_employees":10,"active":1,"created_at":"2025-02-10T16:45:29.000000Z","updated_at":"2025-02-10T16:45:51.000000Z"}  
[2025-02-11 16:49:56] local.INFO: Vai iniciar a consulta do CEP  
[2025-02-11 16:49:56] local.INFO: Terminou e encerrou a consulta, vai comparar o endereço do CEP  
[2025-02-11 16:49:56] local.INFO: Endereço Rua Alexandre Lorenzetrota: https://viacep.com.br/ws/89711226/json/  
[2025-02-11 16:49:59] local.INFO: O hotel foi encontrado  
[2025-02-11 16:49:59] local.INFO: Vai conferir as configurações de CEP  
[2025-02-11 16:49:59] local.INFO: Opção ativa vai alterar o endereço  
[2025-02-11 16:49:59] local.INFO: Chamou o checkAddress com, hotel: {"id":1,"name":"Nome da Empresa","cnpj":"000000000","email":"email@empresa.com","cep":"89711226","address":"Rua Alexandre Lorenzet","number":123,"number_of_rooms":10,"number_of_employees":10,"active":1,"created_at":"2025-02-10T16:45:29.000000Z","updated_at":"2025-02-10T16:45:51.000000Z"}  
[2025-02-11 16:49:59] local.INFO: Vai iniciar a consulta do CEP  
[2025-02-11 16:50:00] local.INFO: Terminou e encerrou a consulta, vai comparar o endereço do CEP  
[2025-02-11 16:50:00] local.INFO: Endereço Rua Alexandre Lorenzetrota: https://viacep.com.br/ws/89711226/json/  
[2025-02-11 16:50:00] local.INFO: O hotel foi encontrado  
[2025-02-11 16:50:00] local.INFO: Vai conferir as configurações de CEP  
[2025-02-11 16:50:00] local.INFO: Opção ativa vai alterar o endereço  
[2025-02-11 16:50:00] local.INFO: Chamou o checkAddress com, hotel: {"id":1,"name":"Nome da Empresa","cnpj":"000000000","email":"email@empresa.com","cep":"89711226","address":"Rua Alexandre Lorenzet","number":123,"number_of_rooms":10,"number_of_employees":10,"active":1,"created_at":"2025-02-10T16:45:29.000000Z","updated_at":"2025-02-10T16:45:51.000000Z"}  
[2025-02-11 16:50:00] local.INFO: Vai iniciar a consulta do CEP  
[2025-02-11 16:50:01] local.INFO: Terminou e encerrou a consulta, vai comparar o endereço do CEP  
[2025-02-11 16:50:01] local.INFO: Endereço Rua Alexandre Lorenzetrota: https://viacep.com.br/ws/89711226/json/  
[2025-02-11 16:50:14] local.INFO: O hotel foi encontrado  
[2025-02-11 16:50:14] local.INFO: Vai conferir as configurações de CEP  
[2025-02-11 16:50:14] local.INFO: Opção ativa vai alterar o endereço  
[2025-02-11 16:50:14] local.INFO: Chamou o checkAddress com, hotel: {"id":1,"name":"Nome da Empresa","cnpj":"000000000","email":"email@empresa.com","cep":"89711226","address":"Rua Alexandre Lorenzet","number":123,"number_of_rooms":10,"number_of_employees":10,"active":1,"created_at":"2025-02-10T16:45:29.000000Z","updated_at":"2025-02-10T16:45:51.000000Z"}  
[2025-02-11 16:50:14] local.INFO: Vai iniciar a consulta do CEP  
[2025-02-11 16:50:16] local.INFO: Terminou e encerrou a consulta, vai comparar o endereço do CEP  
[2025-02-11 16:50:16] local.INFO: Endereço Rua Alexandre Lorenzetrota: https://viacep.com.br/ws/89711226/json/  
[2025-02-11 16:50:16] local.INFO: O hotel foi encontrado  
[2025-02-11 16:50:16] local.INFO: Vai conferir as configurações de CEP  
[2025-02-11 16:50:16] local.INFO: Opção ativa vai alterar o endereço  
[2025-02-11 16:50:16] local.INFO: Chamou o checkAddress com, hotel: {"id":1,"name":"Nome da Empresa","cnpj":"000000000","email":"email@empresa.com","cep":"89711226","address":"Rua Alexandre Lorenzet","number":123,"number_of_rooms":10,"number_of_employees":10,"active":1,"created_at":"2025-02-10T16:45:29.000000Z","updated_at":"2025-02-10T16:45:51.000000Z"}  
[2025-02-11 16:50:16] local.INFO: Vai iniciar a consulta do CEP  
[2025-02-11 16:50:19] local.INFO: Terminou e encerrou a consulta, vai comparar o endereço do CEP  
[2025-02-11 16:50:19] local.INFO: Endereço Rua Alexandre Lorenzetrota: https://viacep.com.br/ws/89711226/json/  
[2025-02-11 16:50:22] local.INFO: O hotel foi encontrado  
[2025-02-11 16:50:22] local.INFO: Vai conferir as configurações de CEP  
[2025-02-11 16:50:22] local.INFO: Opção ativa vai alterar o endereço  
[2025-02-11 16:50:22] local.INFO: Chamou o checkAddress com, hotel: {"id":1,"name":"Nome da Empresa","cnpj":"000000000","email":"email@empresa.com","cep":"89711226","address":"Rua Alexandre Lorenzet","number":123,"number_of_rooms":10,"number_of_employees":10,"active":1,"created_at":"2025-02-10T16:45:29.000000Z","updated_at":"2025-02-10T16:45:51.000000Z"}  
[2025-02-11 16:50:22] local.INFO: Vai iniciar a consulta do CEP  
[2025-02-11 16:50:23] local.INFO: Terminou e encerrou a consulta, vai comparar o endereço do CEP  
[2025-02-11 16:50:23] local.INFO: Endereço Rua Alexandre Lorenzetrota: https://viacep.com.br/ws/89711226/json/  
[2025-02-11 16:50:23] local.INFO: O hotel foi encontrado  
[2025-02-11 16:50:23] local.INFO: Vai conferir as configurações de CEP  
[2025-02-11 16:50:23] local.INFO: Opção ativa vai alterar o endereço  
[2025-02-11 16:50:23] local.INFO: Chamou o checkAddress com, hotel: {"id":1,"name":"Nome da Empresa","cnpj":"000000000","email":"email@empresa.com","cep":"89711226","address":"Rua Alexandre Lorenzet","number":123,"number_of_rooms":10,"number_of_employees":10,"active":1,"created_at":"2025-02-10T16:45:29.000000Z","updated_at":"2025-02-10T16:45:51.000000Z"}  
[2025-02-11 16:50:23] local.INFO: Vai iniciar a consulta do CEP  
[2025-02-11 16:50:24] local.INFO: Terminou e encerrou a consulta, vai comparar o endereço do CEP  
[2025-02-11 16:50:24] local.INFO: Endereço Rua Alexandre Lorenzetrota: https://viacep.com.br/ws/89711226/json/  
[2025-02-11 16:50:26] local.INFO: O hotel foi encontrado  
[2025-02-11 16:50:26] local.INFO: Vai conferir as configurações de CEP  
[2025-02-11 16:50:26] local.INFO: Opção ativa vai alterar o endereço  
[2025-02-11 16:50:26] local.INFO: Chamou o checkAddress com, hotel: {"id":1,"name":"Nome da Empresa","cnpj":"000000000","email":"email@empresa.com","cep":"89711226","address":"Rua Alexandre Lorenzet","number":123,"number_of_rooms":10,"number_of_employees":10,"active":1,"created_at":"2025-02-10T16:45:29.000000Z","updated_at":"2025-02-10T16:45:51.000000Z"}  
[2025-02-11 16:50:26] local.INFO: Vai iniciar a consulta do CEP  
[2025-02-11 16:50:26] local.INFO: Terminou e encerrou a consulta, vai comparar o endereço do CEP  
[2025-02-11 16:50:26] local.INFO: Endereço Rua Alexandre Lorenzetrota: https://viacep.com.br/ws/89711226/json/  
[2025-02-11 16:50:26] local.INFO: O hotel foi encontrado  
[2025-02-11 16:50:26] local.INFO: Vai conferir as configurações de CEP  
[2025-02-11 16:50:26] local.INFO: Opção ativa vai alterar o endereço  
[2025-02-11 16:50:26] local.INFO: Chamou o checkAddress com, hotel: {"id":1,"name":"Nome da Empresa","cnpj":"000000000","email":"email@empresa.com","cep":"89711226","address":"Rua Alexandre Lorenzet","number":123,"number_of_rooms":10,"number_of_employees":10,"active":1,"created_at":"2025-02-10T16:45:29.000000Z","updated_at":"2025-02-10T16:45:51.000000Z"}  
[2025-02-11 16:50:26] local.INFO: Vai iniciar a consulta do CEP  
[2025-02-11 16:50:27] local.INFO: Terminou e encerrou a consulta, vai comparar o endereço do CEP  
[2025-02-11 16:50:27] local.INFO: Endereço Rua Alexandre Lorenzetrota: https://viacep.com.br/ws/89711226/json/  
[2025-02-11 16:50:31] local.INFO: O hotel foi encontrado  
[2025-02-11 16:50:31] local.INFO: Vai conferir as configurações de CEP  
[2025-02-11 16:50:31] local.INFO: Opção ativa vai alterar o endereço  
[2025-02-11 16:50:31] local.INFO: Chamou o checkAddress com, hotel: {"id":1,"name":"Nome da Empresa","cnpj":"000000000","email":"email@empresa.com","cep":"89711226","address":"Rua Alexandre Lorenzet","number":123,"number_of_rooms":10,"number_of_employees":10,"active":1,"created_at":"2025-02-10T16:45:29.000000Z","updated_at":"2025-02-10T16:45:51.000000Z"}  
[2025-02-11 16:50:31] local.INFO: Vai iniciar a consulta do CEP  
[2025-02-11 16:50:31] local.INFO: Terminou e encerrou a consulta, vai comparar o endereço do CEP  
[2025-02-11 16:50:31] local.INFO: Endereço Rua Alexandre Lorenzetrota: https://viacep.com.br/ws/89711226/json/  
[2025-02-11 16:50:31] local.INFO: O hotel foi encontrado  
[2025-02-11 16:50:31] local.INFO: Vai conferir as configurações de CEP  
[2025-02-11 16:50:31] local.INFO: Opção ativa vai alterar o endereço  
[2025-02-11 16:50:31] local.INFO: Chamou o checkAddress com, hotel: {"id":1,"name":"Nome da Empresa","cnpj":"000000000","email":"email@empresa.com","cep":"89711226","address":"Rua Alexandre Lorenzet","number":123,"number_of_rooms":10,"number_of_employees":10,"active":1,"created_at":"2025-02-10T16:45:29.000000Z","updated_at":"2025-02-10T16:45:51.000000Z"}  
[2025-02-11 16:50:31] local.INFO: Vai iniciar a consulta do CEP  
[2025-02-11 16:50:32] local.INFO: Terminou e encerrou a consulta, vai comparar o endereço do CEP  
[2025-02-11 16:50:32] local.INFO: Endereço Rua Alexandre Lorenzetrota: https://viacep.com.br/ws/89711226/json/  
[2025-02-11 16:50:38] local.INFO: O hotel foi encontrado  
[2025-02-11 16:50:38] local.INFO: Vai conferir as configurações de CEP  
[2025-02-11 16:50:38] local.INFO: Opção ativa vai alterar o endereço  
[2025-02-11 16:50:38] local.INFO: Chamou o checkAddress com, hotel: {"id":1,"name":"Nome da Empresa","cnpj":"000000000","email":"email@empresa.com","cep":"89711226","address":"Rua Alexandre Lorenzet","number":123,"number_of_rooms":10,"number_of_employees":10,"active":1,"created_at":"2025-02-10T16:45:29.000000Z","updated_at":"2025-02-10T16:45:51.000000Z"}  
[2025-02-11 16:50:38] local.INFO: Vai iniciar a consulta do CEP  
[2025-02-11 16:50:39] local.INFO: Terminou e encerrou a consulta, vai comparar o endereço do CEP  
[2025-02-11 16:50:39] local.INFO: Endereço Rua Alexandre Lorenzetrota: https://viacep.com.br/ws/89711226/json/  
[2025-02-11 16:50:39] local.INFO: O hotel foi encontrado  
[2025-02-11 16:50:39] local.INFO: Vai conferir as configurações de CEP  
[2025-02-11 16:50:39] local.INFO: Opção ativa vai alterar o endereço  
[2025-02-11 16:50:39] local.INFO: Chamou o checkAddress com, hotel: {"id":1,"name":"Nome da Empresa","cnpj":"000000000","email":"email@empresa.com","cep":"89711226","address":"Rua Alexandre Lorenzet","number":123,"number_of_rooms":10,"number_of_employees":10,"active":1,"created_at":"2025-02-10T16:45:29.000000Z","updated_at":"2025-02-10T16:45:51.000000Z"}  
[2025-02-11 16:50:39] local.INFO: Vai iniciar a consulta do CEP  
[2025-02-11 16:50:39] local.INFO: Terminou e encerrou a consulta, vai comparar o endereço do CEP  
[2025-02-11 16:50:39] local.INFO: Endereço Rua Alexandre Lorenzetrota: https://viacep.com.br/ws/89711226/json/  
[2025-02-11 16:50:45] local.INFO: O hotel foi encontrado  
[2025-02-11 16:50:45] local.INFO: Vai conferir as configurações de CEP  
[2025-02-11 16:50:45] local.INFO: Opção ativa vai alterar o endereço  
[2025-02-11 16:50:45] local.INFO: Chamou o checkAddress com, hotel: {"id":1,"name":"Nome da Empresa","cnpj":"000000000","email":"email@empresa.com","cep":"89711226","address":"Rua Alexandre Lorenzet","number":123,"number_of_rooms":10,"number_of_employees":10,"active":1,"created_at":"2025-02-10T16:45:29.000000Z","updated_at":"2025-02-10T16:45:51.000000Z"}  
[2025-02-11 16:50:45] local.INFO: Vai iniciar a consulta do CEP  
[2025-02-11 16:50:45] local.INFO: Terminou e encerrou a consulta, vai comparar o endereço do CEP  
[2025-02-11 16:50:45] local.INFO: Endereço Rua Alexandre Lorenzetrota: https://viacep.com.br/ws/89711226/json/  
[2025-02-11 16:50:45] local.INFO: O hotel foi encontrado  
[2025-02-11 16:50:45] local.INFO: Vai conferir as configurações de CEP  
[2025-02-11 16:50:45] local.INFO: Opção ativa vai alterar o endereço  
[2025-02-11 16:50:45] local.INFO: Chamou o checkAddress com, hotel: {"id":1,"name":"Nome da Empresa","cnpj":"000000000","email":"email@empresa.com","cep":"89711226","address":"Rua Alexandre Lorenzet","number":123,"number_of_rooms":10,"number_of_employees":10,"active":1,"created_at":"2025-02-10T16:45:29.000000Z","updated_at":"2025-02-10T16:45:51.000000Z"}  
[2025-02-11 16:50:45] local.INFO: Vai iniciar a consulta do CEP  
[2025-02-11 16:50:45] local.INFO: Terminou e encerrou a consulta, vai comparar o endereço do CEP  
[2025-02-11 16:50:45] local.INFO: Endereço Rua Alexandre Lorenzetrota: https://viacep.com.br/ws/89711226/json/  
[2025-02-11 16:50:49] local.INFO: O hotel foi encontrado  
[2025-02-11 16:50:49] local.INFO: Vai conferir as configurações de CEP  
[2025-02-11 16:50:49] local.INFO: Opção ativa vai alterar o endereço  
[2025-02-11 16:50:49] local.INFO: Chamou o checkAddress com, hotel: {"id":1,"name":"Nome da Empresa","cnpj":"000000000","email":"email@empresa.com","cep":"89711226","address":"Rua Alexandre Lorenzet","number":123,"number_of_rooms":10,"number_of_employees":10,"active":1,"created_at":"2025-02-10T16:45:29.000000Z","updated_at":"2025-02-10T16:45:51.000000Z"}  
[2025-02-11 16:50:49] local.INFO: Vai iniciar a consulta do CEP  
[2025-02-11 16:50:49] local.INFO: Terminou e encerrou a consulta, vai comparar o endereço do CEP  
[2025-02-11 16:50:49] local.INFO: Endereço Rua Alexandre Lorenzetrota: https://viacep.com.br/ws/89711226/json/  
[2025-02-11 16:50:49] local.INFO: O hotel foi encontrado  
[2025-02-11 16:50:49] local.INFO: Vai conferir as configurações de CEP  
[2025-02-11 16:50:49] local.INFO: Opção ativa vai alterar o endereço  
[2025-02-11 16:50:49] local.INFO: Chamou o checkAddress com, hotel: {"id":1,"name":"Nome da Empresa","cnpj":"000000000","email":"email@empresa.com","cep":"89711226","address":"Rua Alexandre Lorenzet","number":123,"number_of_rooms":10,"number_of_employees":10,"active":1,"created_at":"2025-02-10T16:45:29.000000Z","updated_at":"2025-02-10T16:45:51.000000Z"}  
[2025-02-11 16:50:49] local.INFO: Vai iniciar a consulta do CEP  
[2025-02-11 16:50:50] local.INFO: Terminou e encerrou a consulta, vai comparar o endereço do CEP  
[2025-02-11 16:50:50] local.INFO: Endereço Rua Alexandre Lorenzetrota: https://viacep.com.br/ws/89711226/json/  
[2025-02-11 16:50:50] local.INFO: O hotel foi encontrado  
[2025-02-11 16:50:50] local.INFO: Vai conferir as configurações de CEP  
[2025-02-11 16:50:50] local.INFO: Opção ativa vai alterar o endereço  
[2025-02-11 16:50:50] local.INFO: Chamou o checkAddress com, hotel: {"id":1,"name":"Nome da Empresa","cnpj":"000000000","email":"email@empresa.com","cep":"89711226","address":"Rua Alexandre Lorenzet","number":123,"number_of_rooms":10,"number_of_employees":10,"active":1,"created_at":"2025-02-10T16:45:29.000000Z","updated_at":"2025-02-10T16:45:51.000000Z"}  
[2025-02-11 16:50:50] local.INFO: Vai iniciar a consulta do CEP  
[2025-02-11 16:50:50] local.INFO: Terminou e encerrou a consulta, vai comparar o endereço do CEP  
[2025-02-11 16:50:50] local.INFO: Endereço Rua Alexandre Lorenzetrota: https://viacep.com.br/ws/89711226/json/  
[2025-02-11 16:50:50] local.INFO: O hotel foi encontrado  
[2025-02-11 16:50:50] local.INFO: Vai conferir as configurações de CEP  
[2025-02-11 16:50:50] local.INFO: Opção ativa vai alterar o endereço  
[2025-02-11 16:50:50] local.INFO: Chamou o checkAddress com, hotel: {"id":1,"name":"Nome da Empresa","cnpj":"000000000","email":"email@empresa.com","cep":"89711226","address":"Rua Alexandre Lorenzet","number":123,"number_of_rooms":10,"number_of_employees":10,"active":1,"created_at":"2025-02-10T16:45:29.000000Z","updated_at":"2025-02-10T16:45:51.000000Z"}  
[2025-02-11 16:50:50] local.INFO: Vai iniciar a consulta do CEP  
[2025-02-11 16:50:51] local.INFO: Terminou e encerrou a consulta, vai comparar o endereço do CEP  
[2025-02-11 16:50:51] local.INFO: Endereço Rua Alexandre Lorenzetrota: https://viacep.com.br/ws/89711226/json/  
[2025-02-11 16:50:57] local.INFO: O hotel foi encontrado  
[2025-02-11 16:50:57] local.INFO: Vai conferir as configurações de CEP  
[2025-02-11 16:50:57] local.INFO: Opção ativa vai alterar o endereço  
[2025-02-11 16:50:57] local.INFO: Chamou o checkAddress com, hotel: {"id":1,"name":"Nome da Empresa","cnpj":"000000000","email":"email@empresa.com","cep":"89711226","address":"Rua Alexandre Lorenzet","number":123,"number_of_rooms":10,"number_of_employees":10,"active":1,"created_at":"2025-02-10T16:45:29.000000Z","updated_at":"2025-02-10T16:45:51.000000Z"}  
[2025-02-11 16:50:57] local.INFO: Vai iniciar a consulta do CEP  
[2025-02-11 16:50:57] local.INFO: Terminou e encerrou a consulta, vai comparar o endereço do CEP  
[2025-02-11 16:50:57] local.INFO: Endereço Rua Alexandre Lorenzetrota: https://viacep.com.br/ws/89711226/json/  
[2025-02-11 16:50:57] local.INFO: O hotel foi encontrado  
[2025-02-11 16:50:57] local.INFO: Vai conferir as configurações de CEP  
[2025-02-11 16:50:57] local.INFO: Opção ativa vai alterar o endereço  
[2025-02-11 16:50:57] local.INFO: Chamou o checkAddress com, hotel: {"id":1,"name":"Nome da Empresa","cnpj":"000000000","email":"email@empresa.com","cep":"89711226","address":"Rua Alexandre Lorenzet","number":123,"number_of_rooms":10,"number_of_employees":10,"active":1,"created_at":"2025-02-10T16:45:29.000000Z","updated_at":"2025-02-10T16:45:51.000000Z"}  
[2025-02-11 16:50:57] local.INFO: Vai iniciar a consulta do CEP  
[2025-02-11 16:50:58] local.INFO: Terminou e encerrou a consulta, vai comparar o endereço do CEP  
[2025-02-11 16:50:58] local.INFO: Endereço Rua Alexandre Lorenzetrota: https://viacep.com.br/ws/89711226/json/  
[2025-02-11 16:55:49] local.INFO: O hotel foi encontrado  
[2025-02-11 16:55:49] local.INFO: Vai conferir as configurações de CEP  
[2025-02-11 16:55:49] local.INFO: Opção ativa vai alterar o endereço  
[2025-02-11 16:55:49] local.INFO: Chamou o checkAddress com, hotel: {"id":1,"name":"Nome da Empresa","cnpj":"000000000","email":"email@empresa.com","cep":"89711226","address":"Rua Alexandre Lorenzet","number":123,"number_of_rooms":10,"number_of_employees":10,"active":1,"created_at":"2025-02-10T16:45:29.000000Z","updated_at":"2025-02-10T16:45:51.000000Z"}  
[2025-02-11 16:55:49] local.INFO: Vai iniciar a consulta do CEP  
[2025-02-11 16:55:49] local.INFO: Terminou e encerrou a consulta, vai comparar o endereço do CEP  
[2025-02-11 16:55:49] local.INFO: Endereço Rua Alexandre Lorenzetrota: https://viacep.com.br/ws/89711226/json/  
[2025-02-11 16:55:49] local.INFO: O hotel foi encontrado  
[2025-02-11 16:55:49] local.INFO: Vai conferir as configurações de CEP  
[2025-02-11 16:55:49] local.INFO: Opção ativa vai alterar o endereço  
[2025-02-11 16:55:49] local.INFO: Chamou o checkAddress com, hotel: {"id":1,"name":"Nome da Empresa","cnpj":"000000000","email":"email@empresa.com","cep":"89711226","address":"Rua Alexandre Lorenzet","number":123,"number_of_rooms":10,"number_of_employees":10,"active":1,"created_at":"2025-02-10T16:45:29.000000Z","updated_at":"2025-02-10T16:45:51.000000Z"}  
[2025-02-11 16:55:49] local.INFO: Vai iniciar a consulta do CEP  
[2025-02-11 16:55:50] local.INFO: Terminou e encerrou a consulta, vai comparar o endereço do CEP  
[2025-02-11 16:55:50] local.INFO: Endereço Rua Alexandre Lorenzetrota: https://viacep.com.br/ws/89711226/json/  
[2025-02-11 16:55:58] local.INFO: O hotel foi encontrado  
[2025-02-11 16:55:58] local.INFO: Vai conferir as configurações de CEP  
[2025-02-11 16:55:58] local.INFO: Opção ativa vai alterar o endereço  
[2025-02-11 16:55:58] local.INFO: Chamou o checkAddress com, hotel: {"id":1,"name":"Nome da Empresa","cnpj":"000000000","email":"email@empresa.com","cep":"89711226","address":"Rua Alexandre Lorenzet","number":123,"number_of_rooms":10,"number_of_employees":10,"active":1,"created_at":"2025-02-10T16:45:29.000000Z","updated_at":"2025-02-10T16:45:51.000000Z"}  
[2025-02-11 16:55:58] local.INFO: Vai iniciar a consulta do CEP  
[2025-02-11 16:55:59] local.INFO: Terminou e encerrou a consulta, vai comparar o endereço do CEP  
[2025-02-11 16:55:59] local.INFO: Endereço Rua Alexandre Lorenzetrota: https://viacep.com.br/ws/89711226/json/  
[2025-02-11 16:55:59] local.INFO: O hotel foi encontrado  
[2025-02-11 16:55:59] local.INFO: Vai conferir as configurações de CEP  
[2025-02-11 16:55:59] local.INFO: Opção ativa vai alterar o endereço  
[2025-02-11 16:55:59] local.INFO: Chamou o checkAddress com, hotel: {"id":1,"name":"Nome da Empresa","cnpj":"000000000","email":"email@empresa.com","cep":"89711226","address":"Rua Alexandre Lorenzet","number":123,"number_of_rooms":10,"number_of_employees":10,"active":1,"created_at":"2025-02-10T16:45:29.000000Z","updated_at":"2025-02-10T16:45:51.000000Z"}  
[2025-02-11 16:55:59] local.INFO: Vai iniciar a consulta do CEP  
[2025-02-11 16:55:59] local.INFO: Terminou e encerrou a consulta, vai comparar o endereço do CEP  
[2025-02-11 16:55:59] local.INFO: Endereço Rua Alexandre Lorenzetrota: https://viacep.com.br/ws/89711226/json/  
[2025-02-11 16:56:07] local.INFO: O hotel foi encontrado  
[2025-02-11 16:56:07] local.INFO: Vai conferir as configurações de CEP  
[2025-02-11 16:56:07] local.INFO: Opção ativa vai alterar o endereço  
[2025-02-11 16:56:07] local.INFO: Chamou o checkAddress com, hotel: {"id":1,"name":"Nome da Empresa","cnpj":"000000000","email":"email@empresa.com","cep":"89711226","address":"Rua Alexandre Lorenzet","number":123,"number_of_rooms":10,"number_of_employees":10,"active":1,"created_at":"2025-02-10T16:45:29.000000Z","updated_at":"2025-02-10T16:45:51.000000Z"}  
[2025-02-11 16:56:07] local.INFO: Vai iniciar a consulta do CEP  
[2025-02-11 16:56:07] local.INFO: Terminou e encerrou a consulta, vai comparar o endereço do CEP  
[2025-02-11 16:56:07] local.INFO: Endereço Rua Alexandre Lorenzetrota: https://viacep.com.br/ws/89711226/json/  
[2025-02-11 16:56:07] local.INFO: O hotel foi encontrado  
[2025-02-11 16:56:07] local.INFO: Vai conferir as configurações de CEP  
[2025-02-11 16:56:07] local.INFO: Opção ativa vai alterar o endereço  
[2025-02-11 16:56:07] local.INFO: Chamou o checkAddress com, hotel: {"id":1,"name":"Nome da Empresa","cnpj":"000000000","email":"email@empresa.com","cep":"89711226","address":"Rua Alexandre Lorenzet","number":123,"number_of_rooms":10,"number_of_employees":10,"active":1,"created_at":"2025-02-10T16:45:29.000000Z","updated_at":"2025-02-10T16:45:51.000000Z"}  
[2025-02-11 16:56:07] local.INFO: Vai iniciar a consulta do CEP  
[2025-02-11 16:56:08] local.INFO: Terminou e encerrou a consulta, vai comparar o endereço do CEP  
[2025-02-11 16:56:08] local.INFO: Endereço Rua Alexandre Lorenzetrota: https://viacep.com.br/ws/89711226/json/  
[2025-02-11 16:56:17] local.INFO: O hotel foi encontrado  
[2025-02-11 16:56:17] local.INFO: Vai conferir as configurações de CEP  
[2025-02-11 16:56:17] local.INFO: Opção ativa vai alterar o endereço  
[2025-02-11 16:56:17] local.INFO: Chamou o checkAddress com, hotel: {"id":1,"name":"Nome da Empresa","cnpj":"000000000","email":"email@empresa.com","cep":"89711226","address":"Rua Alexandre Lorenzet","number":123,"number_of_rooms":10,"number_of_employees":10,"active":1,"created_at":"2025-02-10T16:45:29.000000Z","updated_at":"2025-02-10T16:45:51.000000Z"}  
[2025-02-11 16:56:17] local.INFO: Vai iniciar a consulta do CEP  
[2025-02-11 16:56:18] local.INFO: Terminou e encerrou a consulta, vai comparar o endereço do CEP  
[2025-02-11 16:56:18] local.INFO: Endereço Rua Alexandre Lorenzetrota: https://viacep.com.br/ws/89711226/json/  
[2025-02-11 16:56:18] local.INFO: O hotel foi encontrado  
[2025-02-11 16:56:18] local.INFO: Vai conferir as configurações de CEP  
[2025-02-11 16:56:18] local.INFO: Opção ativa vai alterar o endereço  
[2025-02-11 16:56:18] local.INFO: Chamou o checkAddress com, hotel: {"id":1,"name":"Nome da Empresa","cnpj":"000000000","email":"email@empresa.com","cep":"89711226","address":"Rua Alexandre Lorenzet","number":123,"number_of_rooms":10,"number_of_employees":10,"active":1,"created_at":"2025-02-10T16:45:29.000000Z","updated_at":"2025-02-10T16:45:51.000000Z"}  
[2025-02-11 16:56:18] local.INFO: Vai iniciar a consulta do CEP  
[2025-02-11 16:56:18] local.INFO: Terminou e encerrou a consulta, vai comparar o endereço do CEP  
[2025-02-11 16:56:18] local.INFO: Endereço Rua Alexandre Lorenzetrota: https://viacep.com.br/ws/89711226/json/  
[2025-02-11 16:56:19] local.INFO: O hotel foi encontrado  
[2025-02-11 16:56:19] local.INFO: Vai conferir as configurações de CEP  
[2025-02-11 16:56:19] local.INFO: Opção ativa vai alterar o endereço  
[2025-02-11 16:56:19] local.INFO: Chamou o checkAddress com, hotel: {"id":1,"name":"Nome da Empresa","cnpj":"000000000","email":"email@empresa.com","cep":"89711226","address":"Rua Alexandre Lorenzet","number":123,"number_of_rooms":10,"number_of_employees":10,"active":1,"created_at":"2025-02-10T16:45:29.000000Z","updated_at":"2025-02-10T16:45:51.000000Z"}  
[2025-02-11 16:56:19] local.INFO: Vai iniciar a consulta do CEP  
[2025-02-11 16:56:19] local.INFO: Terminou e encerrou a consulta, vai comparar o endereço do CEP  
[2025-02-11 16:56:19] local.INFO: Endereço Rua Alexandre Lorenzetrota: https://viacep.com.br/ws/89711226/json/  
[2025-02-11 16:56:19] local.INFO: O hotel foi encontrado  
[2025-02-11 16:56:19] local.INFO: Vai conferir as configurações de CEP  
[2025-02-11 16:56:19] local.INFO: Opção ativa vai alterar o endereço  
[2025-02-11 16:56:19] local.INFO: Chamou o checkAddress com, hotel: {"id":1,"name":"Nome da Empresa","cnpj":"000000000","email":"email@empresa.com","cep":"89711226","address":"Rua Alexandre Lorenzet","number":123,"number_of_rooms":10,"number_of_employees":10,"active":1,"created_at":"2025-02-10T16:45:29.000000Z","updated_at":"2025-02-10T16:45:51.000000Z"}  
[2025-02-11 16:56:19] local.INFO: Vai iniciar a consulta do CEP  
[2025-02-11 16:56:20] local.INFO: Terminou e encerrou a consulta, vai comparar o endereço do CEP  
[2025-02-11 16:56:20] local.INFO: Endereço Rua Alexandre Lorenzetrota: https://viacep.com.br/ws/89711226/json/  
[2025-02-11 16:56:25] local.INFO: O hotel foi encontrado  
[2025-02-11 16:56:25] local.INFO: Vai conferir as configurações de CEP  
[2025-02-11 16:56:25] local.INFO: Opção ativa vai alterar o endereço  
[2025-02-11 16:56:25] local.INFO: Chamou o checkAddress com, hotel: {"id":1,"name":"Nome da Empresa","cnpj":"000000000","email":"email@empresa.com","cep":"89711226","address":"Rua Alexandre Lorenzet","number":123,"number_of_rooms":10,"number_of_employees":10,"active":1,"created_at":"2025-02-10T16:45:29.000000Z","updated_at":"2025-02-10T16:45:51.000000Z"}  
[2025-02-11 16:56:25] local.INFO: Vai iniciar a consulta do CEP  
[2025-02-11 16:56:26] local.INFO: Terminou e encerrou a consulta, vai comparar o endereço do CEP  
[2025-02-11 16:56:26] local.INFO: Endereço Rua Alexandre Lorenzetrota: https://viacep.com.br/ws/89711226/json/  
[2025-02-11 16:56:26] local.INFO: O hotel foi encontrado  
[2025-02-11 16:56:26] local.INFO: Vai conferir as configurações de CEP  
[2025-02-11 16:56:26] local.INFO: Opção ativa vai alterar o endereço  
[2025-02-11 16:56:26] local.INFO: Chamou o checkAddress com, hotel: {"id":1,"name":"Nome da Empresa","cnpj":"000000000","email":"email@empresa.com","cep":"89711226","address":"Rua Alexandre Lorenzet","number":123,"number_of_rooms":10,"number_of_employees":10,"active":1,"created_at":"2025-02-10T16:45:29.000000Z","updated_at":"2025-02-10T16:45:51.000000Z"}  
[2025-02-11 16:56:26] local.INFO: Vai iniciar a consulta do CEP  
[2025-02-11 16:56:26] local.INFO: Terminou e encerrou a consulta, vai comparar o endereço do CEP  
[2025-02-11 16:56:26] local.INFO: Endereço Rua Alexandre Lorenzetrota: https://viacep.com.br/ws/89711226/json/  
[2025-02-11 16:56:27] local.INFO: O hotel foi encontrado  
[2025-02-11 16:56:27] local.INFO: Vai conferir as configurações de CEP  
[2025-02-11 16:56:27] local.INFO: Opção ativa vai alterar o endereço  
[2025-02-11 16:56:27] local.INFO: Chamou o checkAddress com, hotel: {"id":1,"name":"Nome da Empresa","cnpj":"000000000","email":"email@empresa.com","cep":"89711226","address":"Rua Alexandre Lorenzet","number":123,"number_of_rooms":10,"number_of_employees":10,"active":1,"created_at":"2025-02-10T16:45:29.000000Z","updated_at":"2025-02-10T16:45:51.000000Z"}  
[2025-02-11 16:56:27] local.INFO: Vai iniciar a consulta do CEP  
[2025-02-11 16:56:27] local.INFO: Terminou e encerrou a consulta, vai comparar o endereço do CEP  
[2025-02-11 16:56:27] local.INFO: Endereço Rua Alexandre Lorenzetrota: https://viacep.com.br/ws/89711226/json/  
[2025-02-11 16:56:27] local.INFO: O hotel foi encontrado  
[2025-02-11 16:56:27] local.INFO: Vai conferir as configurações de CEP  
[2025-02-11 16:56:27] local.INFO: Opção ativa vai alterar o endereço  
[2025-02-11 16:56:27] local.INFO: Chamou o checkAddress com, hotel: {"id":1,"name":"Nome da Empresa","cnpj":"000000000","email":"email@empresa.com","cep":"89711226","address":"Rua Alexandre Lorenzet","number":123,"number_of_rooms":10,"number_of_employees":10,"active":1,"created_at":"2025-02-10T16:45:29.000000Z","updated_at":"2025-02-10T16:45:51.000000Z"}  
[2025-02-11 16:56:27] local.INFO: Vai iniciar a consulta do CEP  
[2025-02-11 16:56:28] local.INFO: Terminou e encerrou a consulta, vai comparar o endereço do CEP  
[2025-02-11 16:56:28] local.INFO: Endereço Rua Alexandre Lorenzetrota: https://viacep.com.br/ws/89711226/json/  
[2025-02-11 17:01:30] local.ERROR: include(C:\Gabriel\Codes\Hotel\apiHotel\vendor\composer/../../app/Http/Controllers/HotelController.php): Failed to open stream: No such file or directory {"exception":"[object] (ErrorException(code: 0): include(C:\\Gabriel\\Codes\\Hotel\\apiHotel\\vendor\\composer/../../app/Http/Controllers/HotelController.php): Failed to open stream: No such file or directory at C:\\Gabriel\\Codes\\Hotel\\apiHotel\\vendor\\composer\\ClassLoader.php:576)
[stacktrace]
#0 C:\\Gabriel\\Codes\\Hotel\\apiHotel\\vendor\\laravel\\framework\\src\\Illuminate\\Foundation\\Bootstrap\\HandleExceptions.php(290): Illuminate\\Foundation\\Bootstrap\\HandleExceptions->handleError()
#1 C:\\Gabriel\\Codes\\Hotel\\apiHotel\\vendor\\composer\\ClassLoader.php(576): Illuminate\\Foundation\\Bootstrap\\HandleExceptions->Illuminate\\Foundation\\Bootstrap\\{closure}()
#2 C:\\Gabriel\\Codes\\Hotel\\apiHotel\\vendor\\composer\\ClassLoader.php(576): include('...')
#3 C:\\Gabriel\\Codes\\Hotel\\apiHotel\\vendor\\composer\\ClassLoader.php(427): Composer\\Autoload\\{closure}()
#4 [internal function]: Composer\\Autoload\\ClassLoader->loadClass()
#5 C:\\Gabriel\\Codes\\Hotel\\apiHotel\\vendor\\laravel\\framework\\src\\Illuminate\\Routing\\Route.php(1117): is_a()
#6 C:\\Gabriel\\Codes\\Hotel\\apiHotel\\vendor\\laravel\\framework\\src\\Illuminate\\Routing\\Route.php(1054): Illuminate\\Routing\\Route->controllerMiddleware()
#7 C:\\Gabriel\\Codes\\Hotel\\apiHotel\\vendor\\laravel\\framework\\src\\Illuminate\\Routing\\Router.php(820): Illuminate\\Routing\\Route->gatherMiddleware()
#8 C:\\Gabriel\\Codes\\Hotel\\apiHotel\\vendor\\laravel\\framework\\src\\Illuminate\\Routing\\Router.php(802): Illuminate\\Routing\\Router->gatherRouteMiddleware()
#9 C:\\Gabriel\\Codes\\Hotel\\apiHotel\\vendor\\laravel\\framework\\src\\Illuminate\\Routing\\Router.php(786): Illuminate\\Routing\\Router->runRouteWithinStack()
#10 C:\\Gabriel\\Codes\\Hotel\\apiHotel\\vendor\\laravel\\framework\\src\\Illuminate\\Routing\\Router.php(750): Illuminate\\Routing\\Router->runRoute()
#11 C:\\Gabriel\\Codes\\Hotel\\apiHotel\\vendor\\laravel\\framework\\src\\Illuminate\\Routing\\Router.php(739): Illuminate\\Routing\\Router->dispatchToRoute()
#12 C:\\Gabriel\\Codes\\Hotel\\apiHotel\\vendor\\laravel\\framework\\src\\Illuminate\\Foundation\\Http\\Kernel.php(201): Illuminate\\Routing\\Router->dispatch()
#13 C:\\Gabriel\\Codes\\Hotel\\apiHotel\\vendor\\laravel\\framework\\src\\Illuminate\\Pipeline\\Pipeline.php(170): Illuminate\\Foundation\\Http\\Kernel->Illuminate\\Foundation\\Http\\{closure}()
#14 C:\\Gabriel\\Codes\\Hotel\\apiHotel\\vendor\\laravel\\framework\\src\\Illuminate\\Foundation\\Http\\Middleware\\TransformsRequest.php(21): Illuminate\\Pipeline\\Pipeline->Illuminate\\Pipeline\\{closure}()
#15 C:\\Gabriel\\Codes\\Hotel\\apiHotel\\vendor\\laravel\\framework\\src\\Illuminate\\Foundation\\Http\\Middleware\\ConvertEmptyStringsToNull.php(31): Illuminate\\Foundation\\Http\\Middleware\\TransformsRequest->handle()
#16 C:\\Gabriel\\Codes\\Hotel\\apiHotel\\vendor\\laravel\\framework\\src\\Illuminate\\Pipeline\\Pipeline.php(209): Illuminate\\Foundation\\Http\\Middleware\\ConvertEmptyStringsToNull->handle()
#17 C:\\Gabriel\\Codes\\Hotel\\apiHotel\\vendor\\laravel\\framework\\src\\Illuminate\\Foundation\\Http\\Middleware\\TransformsRequest.php(21): Illuminate\\Pipeline\\Pipeline->Illuminate\\Pipeline\\{closure}()
#18 C:\\Gabriel\\Codes\\Hotel\\apiHotel\\vendor\\laravel\\framework\\src\\Illuminate\\Foundation\\Http\\Middleware\\TrimStrings.php(51): Illuminate\\Foundation\\Http\\Middleware\\TransformsRequest->handle()
#19 C:\\Gabriel\\Codes\\Hotel\\apiHotel\\vendor\\laravel\\framework\\src\\Illuminate\\Pipeline\\Pipeline.php(209): Illuminate\\Foundation\\Http\\Middleware\\TrimStrings->handle()
#20 C:\\Gabriel\\Codes\\Hotel\\apiHotel\\vendor\\laravel\\framework\\src\\Illuminate\\Http\\Middleware\\ValidatePostSize.php(27): Illuminate\\Pipeline\\Pipeline->Illuminate\\Pipeline\\{closure}()
#21 C:\\Gabriel\\Codes\\Hotel\\apiHotel\\vendor\\laravel\\framework\\src\\Illuminate\\Pipeline\\Pipeline.php(209): Illuminate\\Http\\Middleware\\ValidatePostSize->handle()
#22 C:\\Gabriel\\Codes\\Hotel\\apiHotel\\vendor\\laravel\\framework\\src\\Illuminate\\Foundation\\Http\\Middleware\\PreventRequestsDuringMaintenance.php(110): Illuminate\\Pipeline\\Pipeline->Illuminate\\Pipeline\\{closure}()
#23 C:\\Gabriel\\Codes\\Hotel\\apiHotel\\vendor\\laravel\\framework\\src\\Illuminate\\Pipeline\\Pipeline.php(209): Illuminate\\Foundation\\Http\\Middleware\\PreventRequestsDuringMaintenance->handle()
#24 C:\\Gabriel\\Codes\\Hotel\\apiHotel\\vendor\\laravel\\framework\\src\\Illuminate\\Http\\Middleware\\HandleCors.php(62): Illuminate\\Pipeline\\Pipeline->Illuminate\\Pipeline\\{closure}()
#25 C:\\Gabriel\\Codes\\Hotel\\apiHotel\\vendor\\laravel\\framework\\src\\Illuminate\\Pipeline\\Pipeline.php(209): Illuminate\\Http\\Middleware\\HandleCors->handle()
#26 C:\\Gabriel\\Codes\\Hotel\\apiHotel\\vendor\\laravel\\framework\\src\\Illuminate\\Http\\Middleware\\TrustProxies.php(58): Illuminate\\Pipeline\\Pipeline->Illuminate\\Pipeline\\{closure}()
#27 C:\\Gabriel\\Codes\\Hotel\\apiHotel\\vendor\\laravel\\framework\\src\\Illuminate\\Pipeline\\Pipeline.php(209): Illuminate\\Http\\Middleware\\TrustProxies->handle()
#28 C:\\Gabriel\\Codes\\Hotel\\apiHotel\\vendor\\laravel\\framework\\src\\Illuminate\\Foundation\\Http\\Middleware\\InvokeDeferredCallbacks.php(22): Illuminate\\Pipeline\\Pipeline->Illuminate\\Pipeline\\{closure}()
#29 C:\\Gabriel\\Codes\\Hotel\\apiHotel\\vendor\\laravel\\framework\\src\\Illuminate\\Pipeline\\Pipeline.php(209): Illuminate\\Foundation\\Http\\Middleware\\InvokeDeferredCallbacks->handle()
#30 C:\\Gabriel\\Codes\\Hotel\\apiHotel\\vendor\\laravel\\framework\\src\\Illuminate\\Pipeline\\Pipeline.php(127): Illuminate\\Pipeline\\Pipeline->Illuminate\\Pipeline\\{closure}()
#31 C:\\Gabriel\\Codes\\Hotel\\apiHotel\\vendor\\laravel\\framework\\src\\Illuminate\\Foundation\\Http\\Kernel.php(176): Illuminate\\Pipeline\\Pipeline->then()
#32 C:\\Gabriel\\Codes\\Hotel\\apiHotel\\vendor\\laravel\\framework\\src\\Illuminate\\Foundation\\Http\\Kernel.php(145): Illuminate\\Foundation\\Http\\Kernel->sendRequestThroughRouter()
#33 C:\\Gabriel\\Codes\\Hotel\\apiHotel\\vendor\\laravel\\framework\\src\\Illuminate\\Foundation\\Application.php(1193): Illuminate\\Foundation\\Http\\Kernel->handle()
#34 C:\\Gabriel\\Codes\\Hotel\\apiHotel\\public\\index.php(17): Illuminate\\Foundation\\Application->handleRequest()
#35 C:\\Gabriel\\Codes\\Hotel\\apiHotel\\vendor\\laravel\\framework\\src\\Illuminate\\Foundation\\resources\\server.php(23): require_once('...')
#36 {main}
"} 
