[2025-02-19 13:19:18] local.INFO: Vai buscar o hotel e as configurações  
[2025-02-19 13:19:20] local.INFO: O hotel foi encontrado  
[2025-02-19 13:19:20] local.INFO: Vai conferir as configurações ( se houver ) de CEP  
[2025-02-19 13:19:20] local.INFO: Opção desativada, não vai alterar o endereço  
[2025-02-19 13:19:21] local.INFO: Vai buscar o hotel e as configurações  
[2025-02-19 13:19:21] local.INFO: O hotel foi encontrado  
[2025-02-19 13:19:21] local.INFO: Vai conferir as configurações ( se houver ) de CEP  
[2025-02-19 13:19:21] local.INFO: Opção desativada, não vai alterar o endereço  
[2025-02-19 13:19:23] local.INFO: Vai buscar o hotel e as configurações  
[2025-02-19 13:19:23] local.INFO: O hotel foi encontrado  
[2025-02-19 13:19:23] local.INFO: Vai conferir as configurações ( se houver ) de CEP  
[2025-02-19 13:19:23] local.INFO: Opção desativada, não vai alterar o endereço  
[2025-02-19 13:19:23] local.INFO: Vai buscar o hotel e as configurações  
[2025-02-19 13:19:23] local.INFO: O hotel foi encontrado  
[2025-02-19 13:19:23] local.INFO: Vai conferir as configurações ( se houver ) de CEP  
[2025-02-19 13:19:23] local.INFO: Opção desativada, não vai alterar o endereço  
[2025-02-19 16:40:58] local.INFO: Vai buscar o hotel e as configurações  
[2025-02-19 16:40:59] local.INFO: O hotel foi encontrado  
[2025-02-19 16:40:59] local.INFO: Vai conferir as configurações ( se houver ) de CEP  
[2025-02-19 16:40:59] local.INFO: Opção desativada, não vai alterar o endereço  
[2025-02-19 16:40:59] local.INFO: Vai buscar o hotel e as configurações  
[2025-02-19 16:40:59] local.INFO: O hotel foi encontrado  
[2025-02-19 16:40:59] local.INFO: Vai conferir as configurações ( se houver ) de CEP  
[2025-02-19 16:40:59] local.INFO: Opção desativada, não vai alterar o endereço  
[2025-02-19 16:41:08] local.INFO: Vai buscar o hotel e as configurações  
[2025-02-19 16:41:08] local.INFO: O hotel foi encontrado  
[2025-02-19 16:41:08] local.INFO: Vai conferir as configurações ( se houver ) de CEP  
[2025-02-19 16:41:08] local.INFO: Opção desativada, não vai alterar o endereço  
[2025-02-19 16:41:08] local.INFO: Vai buscar o hotel e as configurações  
[2025-02-19 16:41:08] local.INFO: O hotel foi encontrado  
[2025-02-19 16:41:08] local.INFO: Vai conferir as configurações ( se houver ) de CEP  
[2025-02-19 16:41:08] local.INFO: Opção desativada, não vai alterar o endereço  
[2025-02-19 16:44:50] local.INFO: Vai buscar o hotel e as configurações  
[2025-02-19 16:44:50] local.INFO: O hotel foi encontrado  
[2025-02-19 16:44:50] local.INFO: Vai conferir as configurações ( se houver ) de CEP  
[2025-02-19 16:44:50] local.INFO: Opção desativada, não vai alterar o endereço  
[2025-02-19 16:44:50] local.INFO: Vai buscar o hotel e as configurações  
[2025-02-19 16:44:50] local.INFO: O hotel foi encontrado  
[2025-02-19 16:44:50] local.INFO: Vai conferir as configurações ( se houver ) de CEP  
[2025-02-19 16:44:50] local.INFO: Opção desativada, não vai alterar o endereço  
[2025-02-19 16:51:57] local.ERROR: Call to undefined method App\Services\ConfigService::get() {"exception":"[object] (Error(code: 0): Call to undefined method App\\Services\\ConfigService::get() at C:\\Gabriel\\Codes\\Projeto_3_Hotel - Ecommerce\\api-Hotel\\app\\Http\\Controllers\\ConfigController.php:21)
[stacktrace]
#0 C:\\Gabriel\\Codes\\Projeto_3_Hotel - Ecommerce\\api-Hotel\\vendor\\laravel\\framework\\src\\Illuminate\\Routing\\ControllerDispatcher.php(47): App\\Http\\Controllers\\ConfigController->get()
#1 C:\\Gabriel\\Codes\\Projeto_3_Hotel - Ecommerce\\api-Hotel\\vendor\\laravel\\framework\\src\\Illuminate\\Routing\\Route.php(266): Illuminate\\Routing\\ControllerDispatcher->dispatch()
#2 C:\\Gabriel\\Codes\\Projeto_3_Hotel - Ecommerce\\api-Hotel\\vendor\\laravel\\framework\\src\\Illuminate\\Routing\\Route.php(212): Illuminate\\Routing\\Route->runController()
#3 C:\\Gabriel\\Codes\\Projeto_3_Hotel - Ecommerce\\api-Hotel\\vendor\\laravel\\framework\\src\\Illuminate\\Routing\\Router.php(808): Illuminate\\Routing\\Route->run()
#4 C:\\Gabriel\\Codes\\Projeto_3_Hotel - Ecommerce\\api-Hotel\\vendor\\laravel\\framework\\src\\Illuminate\\Pipeline\\Pipeline.php(170): Illuminate\\Routing\\Router->Illuminate\\Routing\\{closure}()
#5 C:\\Gabriel\\Codes\\Projeto_3_Hotel - Ecommerce\\api-Hotel\\vendor\\laravel\\framework\\src\\Illuminate\\Routing\\Middleware\\SubstituteBindings.php(51): Illuminate\\Pipeline\\Pipeline->Illuminate\\Pipeline\\{closure}()
#6 C:\\Gabriel\\Codes\\Projeto_3_Hotel - Ecommerce\\api-Hotel\\vendor\\laravel\\framework\\src\\Illuminate\\Pipeline\\Pipeline.php(209): Illuminate\\Routing\\Middleware\\SubstituteBindings->handle()
#7 C:\\Gabriel\\Codes\\Projeto_3_Hotel - Ecommerce\\api-Hotel\\vendor\\laravel\\framework\\src\\Illuminate\\Pipeline\\Pipeline.php(127): Illuminate\\Pipeline\\Pipeline->Illuminate\\Pipeline\\{closure}()
#8 C:\\Gabriel\\Codes\\Projeto_3_Hotel - Ecommerce\\api-Hotel\\vendor\\laravel\\framework\\src\\Illuminate\\Routing\\Router.php(807): Illuminate\\Pipeline\\Pipeline->then()
#9 C:\\Gabriel\\Codes\\Projeto_3_Hotel - Ecommerce\\api-Hotel\\vendor\\laravel\\framework\\src\\Illuminate\\Routing\\Router.php(786): Illuminate\\Routing\\Router->runRouteWithinStack()
#10 C:\\Gabriel\\Codes\\Projeto_3_Hotel - Ecommerce\\api-Hotel\\vendor\\laravel\\framework\\src\\Illuminate\\Routing\\Router.php(750): Illuminate\\Routing\\Router->runRoute()
#11 C:\\Gabriel\\Codes\\Projeto_3_Hotel - Ecommerce\\api-Hotel\\vendor\\laravel\\framework\\src\\Illuminate\\Routing\\Router.php(739): Illuminate\\Routing\\Router->dispatchToRoute()
#12 C:\\Gabriel\\Codes\\Projeto_3_Hotel - Ecommerce\\api-Hotel\\vendor\\laravel\\framework\\src\\Illuminate\\Foundation\\Http\\Kernel.php(201): Illuminate\\Routing\\Router->dispatch()
#13 C:\\Gabriel\\Codes\\Projeto_3_Hotel - Ecommerce\\api-Hotel\\vendor\\laravel\\framework\\src\\Illuminate\\Pipeline\\Pipeline.php(170): Illuminate\\Foundation\\Http\\Kernel->Illuminate\\Foundation\\Http\\{closure}()
#14 C:\\Gabriel\\Codes\\Projeto_3_Hotel - Ecommerce\\api-Hotel\\vendor\\laravel\\framework\\src\\Illuminate\\Foundation\\Http\\Middleware\\TransformsRequest.php(21): Illuminate\\Pipeline\\Pipeline->Illuminate\\Pipeline\\{closure}()
#15 C:\\Gabriel\\Codes\\Projeto_3_Hotel - Ecommerce\\api-Hotel\\vendor\\laravel\\framework\\src\\Illuminate\\Foundation\\Http\\Middleware\\ConvertEmptyStringsToNull.php(31): Illuminate\\Foundation\\Http\\Middleware\\TransformsRequest->handle()
#16 C:\\Gabriel\\Codes\\Projeto_3_Hotel - Ecommerce\\api-Hotel\\vendor\\laravel\\framework\\src\\Illuminate\\Pipeline\\Pipeline.php(209): Illuminate\\Foundation\\Http\\Middleware\\ConvertEmptyStringsToNull->handle()
#17 C:\\Gabriel\\Codes\\Projeto_3_Hotel - Ecommerce\\api-Hotel\\vendor\\laravel\\framework\\src\\Illuminate\\Foundation\\Http\\Middleware\\TransformsRequest.php(21): Illuminate\\Pipeline\\Pipeline->Illuminate\\Pipeline\\{closure}()
#18 C:\\Gabriel\\Codes\\Projeto_3_Hotel - Ecommerce\\api-Hotel\\vendor\\laravel\\framework\\src\\Illuminate\\Foundation\\Http\\Middleware\\TrimStrings.php(51): Illuminate\\Foundation\\Http\\Middleware\\TransformsRequest->handle()
#19 C:\\Gabriel\\Codes\\Projeto_3_Hotel - Ecommerce\\api-Hotel\\vendor\\laravel\\framework\\src\\Illuminate\\Pipeline\\Pipeline.php(209): Illuminate\\Foundation\\Http\\Middleware\\TrimStrings->handle()
#20 C:\\Gabriel\\Codes\\Projeto_3_Hotel - Ecommerce\\api-Hotel\\vendor\\laravel\\framework\\src\\Illuminate\\Http\\Middleware\\ValidatePostSize.php(27): Illuminate\\Pipeline\\Pipeline->Illuminate\\Pipeline\\{closure}()
#21 C:\\Gabriel\\Codes\\Projeto_3_Hotel - Ecommerce\\api-Hotel\\vendor\\laravel\\framework\\src\\Illuminate\\Pipeline\\Pipeline.php(209): Illuminate\\Http\\Middleware\\ValidatePostSize->handle()
#22 C:\\Gabriel\\Codes\\Projeto_3_Hotel - Ecommerce\\api-Hotel\\vendor\\laravel\\framework\\src\\Illuminate\\Foundation\\Http\\Middleware\\PreventRequestsDuringMaintenance.php(110): Illuminate\\Pipeline\\Pipeline->Illuminate\\Pipeline\\{closure}()
#23 C:\\Gabriel\\Codes\\Projeto_3_Hotel - Ecommerce\\api-Hotel\\vendor\\laravel\\framework\\src\\Illuminate\\Pipeline\\Pipeline.php(209): Illuminate\\Foundation\\Http\\Middleware\\PreventRequestsDuringMaintenance->handle()
#24 C:\\Gabriel\\Codes\\Projeto_3_Hotel - Ecommerce\\api-Hotel\\vendor\\laravel\\framework\\src\\Illuminate\\Http\\Middleware\\HandleCors.php(62): Illuminate\\Pipeline\\Pipeline->Illuminate\\Pipeline\\{closure}()
#25 C:\\Gabriel\\Codes\\Projeto_3_Hotel - Ecommerce\\api-Hotel\\vendor\\laravel\\framework\\src\\Illuminate\\Pipeline\\Pipeline.php(209): Illuminate\\Http\\Middleware\\HandleCors->handle()
#26 C:\\Gabriel\\Codes\\Projeto_3_Hotel - Ecommerce\\api-Hotel\\vendor\\laravel\\framework\\src\\Illuminate\\Http\\Middleware\\TrustProxies.php(58): Illuminate\\Pipeline\\Pipeline->Illuminate\\Pipeline\\{closure}()
#27 C:\\Gabriel\\Codes\\Projeto_3_Hotel - Ecommerce\\api-Hotel\\vendor\\laravel\\framework\\src\\Illuminate\\Pipeline\\Pipeline.php(209): Illuminate\\Http\\Middleware\\TrustProxies->handle()
#28 C:\\Gabriel\\Codes\\Projeto_3_Hotel - Ecommerce\\api-Hotel\\vendor\\laravel\\framework\\src\\Illuminate\\Foundation\\Http\\Middleware\\InvokeDeferredCallbacks.php(22): Illuminate\\Pipeline\\Pipeline->Illuminate\\Pipeline\\{closure}()
#29 C:\\Gabriel\\Codes\\Projeto_3_Hotel - Ecommerce\\api-Hotel\\vendor\\laravel\\framework\\src\\Illuminate\\Pipeline\\Pipeline.php(209): Illuminate\\Foundation\\Http\\Middleware\\InvokeDeferredCallbacks->handle()
#30 C:\\Gabriel\\Codes\\Projeto_3_Hotel - Ecommerce\\api-Hotel\\vendor\\laravel\\framework\\src\\Illuminate\\Pipeline\\Pipeline.php(127): Illuminate\\Pipeline\\Pipeline->Illuminate\\Pipeline\\{closure}()
#31 C:\\Gabriel\\Codes\\Projeto_3_Hotel - Ecommerce\\api-Hotel\\vendor\\laravel\\framework\\src\\Illuminate\\Foundation\\Http\\Kernel.php(176): Illuminate\\Pipeline\\Pipeline->then()
#32 C:\\Gabriel\\Codes\\Projeto_3_Hotel - Ecommerce\\api-Hotel\\vendor\\laravel\\framework\\src\\Illuminate\\Foundation\\Http\\Kernel.php(145): Illuminate\\Foundation\\Http\\Kernel->sendRequestThroughRouter()
#33 C:\\Gabriel\\Codes\\Projeto_3_Hotel - Ecommerce\\api-Hotel\\vendor\\laravel\\framework\\src\\Illuminate\\Foundation\\Application.php(1216): Illuminate\\Foundation\\Http\\Kernel->handle()
#34 C:\\Gabriel\\Codes\\Projeto_3_Hotel - Ecommerce\\api-Hotel\\public\\index.php(17): Illuminate\\Foundation\\Application->handleRequest()
#35 C:\\Gabriel\\Codes\\Projeto_3_Hotel - Ecommerce\\api-Hotel\\vendor\\laravel\\framework\\src\\Illuminate\\Foundation\\resources\\server.php(23): require_once('...')
#36 {main}
"} 
[2025-02-19 17:05:18] local.INFO: Vai buscar o hotel e as configurações  
[2025-02-19 17:05:18] local.INFO: O hotel foi encontrado  
[2025-02-19 17:05:18] local.INFO: Vai conferir as configurações ( se houver ) de CEP  
[2025-02-19 17:05:18] local.INFO: Opção desativada, não vai alterar o endereço  
[2025-02-19 17:05:18] local.INFO: Vai buscar o hotel e as configurações  
[2025-02-19 17:05:18] local.INFO: O hotel foi encontrado  
[2025-02-19 17:05:18] local.INFO: Vai conferir as configurações ( se houver ) de CEP  
[2025-02-19 17:05:18] local.INFO: Opção desativada, não vai alterar o endereço  
[2025-02-19 17:05:33] local.INFO: Vai buscar o hotel e as configurações  
[2025-02-19 17:05:33] local.INFO: O hotel foi encontrado  
[2025-02-19 17:05:33] local.INFO: Vai conferir as configurações ( se houver ) de CEP  
[2025-02-19 17:05:33] local.INFO: Opção desativada, não vai alterar o endereço  
[2025-02-19 17:05:33] local.INFO: Vai buscar o hotel e as configurações  
[2025-02-19 17:05:33] local.INFO: O hotel foi encontrado  
[2025-02-19 17:05:33] local.INFO: Vai conferir as configurações ( se houver ) de CEP  
[2025-02-19 17:05:33] local.INFO: Opção desativada, não vai alterar o endereço  
[2025-02-19 17:06:00] local.INFO: Vai buscar o hotel e as configurações  
[2025-02-19 17:06:00] local.INFO: O hotel foi encontrado  
[2025-02-19 17:06:00] local.INFO: Vai conferir as configurações ( se houver ) de CEP  
[2025-02-19 17:06:00] local.INFO: Opção desativada, não vai alterar o endereço  
[2025-02-19 17:06:00] local.INFO: Vai buscar o hotel e as configurações  
[2025-02-19 17:06:00] local.INFO: O hotel foi encontrado  
[2025-02-19 17:06:00] local.INFO: Vai conferir as configurações ( se houver ) de CEP  
[2025-02-19 17:06:00] local.INFO: Opção desativada, não vai alterar o endereço  
[2025-02-19 17:07:12] local.INFO: Vai buscar o hotel e as configurações  
[2025-02-19 17:07:12] local.INFO: O hotel foi encontrado  
[2025-02-19 17:07:12] local.INFO: Vai conferir as configurações ( se houver ) de CEP  
[2025-02-19 17:07:12] local.INFO: Opção desativada, não vai alterar o endereço  
[2025-02-19 17:07:12] local.INFO: Vai buscar o hotel e as configurações  
[2025-02-19 17:07:12] local.INFO: O hotel foi encontrado  
[2025-02-19 17:07:12] local.INFO: Vai conferir as configurações ( se houver ) de CEP  
[2025-02-19 17:07:12] local.INFO: Opção desativada, não vai alterar o endereço  
[2025-02-19 17:09:28] local.INFO: Vai buscar o hotel e as configurações  
[2025-02-19 17:09:28] local.INFO: O hotel foi encontrado  
[2025-02-19 17:09:28] local.INFO: Vai conferir as configurações ( se houver ) de CEP  
[2025-02-19 17:09:28] local.INFO: Opção desativada, não vai alterar o endereço  
[2025-02-19 17:09:28] local.INFO: Vai buscar o hotel e as configurações  
[2025-02-19 17:09:28] local.INFO: O hotel foi encontrado  
[2025-02-19 17:09:28] local.INFO: Vai conferir as configurações ( se houver ) de CEP  
[2025-02-19 17:09:28] local.INFO: Opção desativada, não vai alterar o endereço  
[2025-02-19 17:12:03] local.INFO: Vai buscar o hotel e as configurações  
[2025-02-19 17:12:03] local.INFO: O hotel foi encontrado  
[2025-02-19 17:12:03] local.INFO: Vai conferir as configurações ( se houver ) de CEP  
[2025-02-19 17:12:03] local.INFO: Opção desativada, não vai alterar o endereço  
[2025-02-19 17:12:03] local.INFO: Vai buscar o hotel e as configurações  
[2025-02-19 17:12:03] local.INFO: O hotel foi encontrado  
[2025-02-19 17:12:03] local.INFO: Vai conferir as configurações ( se houver ) de CEP  
[2025-02-19 17:12:03] local.INFO: Opção desativada, não vai alterar o endereço  
[2025-02-19 17:12:34] local.INFO: Vai buscar o hotel e as configurações  
[2025-02-19 17:12:34] local.INFO: O hotel foi encontrado  
[2025-02-19 17:12:34] local.INFO: Vai conferir as configurações ( se houver ) de CEP  
[2025-02-19 17:12:34] local.INFO: Opção desativada, não vai alterar o endereço  
[2025-02-19 17:12:34] local.INFO: Vai buscar o hotel e as configurações  
[2025-02-19 17:12:34] local.INFO: O hotel foi encontrado  
[2025-02-19 17:12:34] local.INFO: Vai conferir as configurações ( se houver ) de CEP  
[2025-02-19 17:12:34] local.INFO: Opção desativada, não vai alterar o endereço  
[2025-02-19 17:13:45] local.INFO: Vai buscar o hotel e as configurações  
[2025-02-19 17:13:45] local.INFO: O hotel foi encontrado  
[2025-02-19 17:13:45] local.INFO: Vai conferir as configurações ( se houver ) de CEP  
[2025-02-19 17:13:45] local.INFO: Opção desativada, não vai alterar o endereço  
[2025-02-19 17:13:45] local.INFO: Vai buscar o hotel e as configurações  
[2025-02-19 17:13:45] local.INFO: O hotel foi encontrado  
[2025-02-19 17:13:45] local.INFO: Vai conferir as configurações ( se houver ) de CEP  
[2025-02-19 17:13:45] local.INFO: Opção desativada, não vai alterar o endereço  
[2025-02-19 17:13:51] local.INFO: Vai buscar o hotel e as configurações  
[2025-02-19 17:13:51] local.INFO: O hotel foi encontrado  
[2025-02-19 17:13:51] local.INFO: Vai conferir as configurações ( se houver ) de CEP  
[2025-02-19 17:13:51] local.INFO: Opção desativada, não vai alterar o endereço  
[2025-02-19 17:13:51] local.INFO: Vai buscar o hotel e as configurações  
[2025-02-19 17:13:51] local.INFO: O hotel foi encontrado  
[2025-02-19 17:13:51] local.INFO: Vai conferir as configurações ( se houver ) de CEP  
[2025-02-19 17:13:51] local.INFO: Opção desativada, não vai alterar o endereço  
[2025-02-19 17:14:04] local.INFO: Vai buscar o hotel e as configurações  
[2025-02-19 17:14:04] local.INFO: O hotel foi encontrado  
[2025-02-19 17:14:04] local.INFO: Vai conferir as configurações ( se houver ) de CEP  
[2025-02-19 17:14:04] local.INFO: Opção desativada, não vai alterar o endereço  
[2025-02-19 17:14:04] local.INFO: Vai buscar o hotel e as configurações  
[2025-02-19 17:14:04] local.INFO: O hotel foi encontrado  
[2025-02-19 17:14:04] local.INFO: Vai conferir as configurações ( se houver ) de CEP  
[2025-02-19 17:14:04] local.INFO: Opção desativada, não vai alterar o endereço  
[2025-02-19 17:17:52] local.INFO: Vai buscar o hotel e as configurações  
[2025-02-19 17:17:52] local.INFO: O hotel foi encontrado  
[2025-02-19 17:17:52] local.INFO: Vai conferir as configurações ( se houver ) de CEP  
[2025-02-19 17:17:52] local.INFO: Opção desativada, não vai alterar o endereço  
[2025-02-19 17:17:52] local.INFO: Vai buscar o hotel e as configurações  
[2025-02-19 17:17:52] local.INFO: O hotel foi encontrado  
[2025-02-19 17:17:52] local.INFO: Vai conferir as configurações ( se houver ) de CEP  
[2025-02-19 17:17:52] local.INFO: Opção desativada, não vai alterar o endereço  
[2025-02-19 17:18:04] local.INFO: Vai buscar o hotel e as configurações  
[2025-02-19 17:18:04] local.INFO: O hotel foi encontrado  
[2025-02-19 17:18:04] local.INFO: Vai conferir as configurações ( se houver ) de CEP  
[2025-02-19 17:18:04] local.INFO: Opção desativada, não vai alterar o endereço  
[2025-02-19 17:18:04] local.INFO: Vai buscar o hotel e as configurações  
[2025-02-19 17:18:04] local.INFO: O hotel foi encontrado  
[2025-02-19 17:18:04] local.INFO: Vai conferir as configurações ( se houver ) de CEP  
[2025-02-19 17:18:04] local.INFO: Opção desativada, não vai alterar o endereço  
[2025-02-19 17:18:28] local.INFO: Vai buscar o hotel e as configurações  
[2025-02-19 17:18:28] local.INFO: O hotel foi encontrado  
[2025-02-19 17:18:28] local.INFO: Vai conferir as configurações ( se houver ) de CEP  
[2025-02-19 17:18:28] local.INFO: Opção desativada, não vai alterar o endereço  
[2025-02-19 17:18:28] local.INFO: Vai buscar o hotel e as configurações  
[2025-02-19 17:18:28] local.INFO: O hotel foi encontrado  
[2025-02-19 17:18:28] local.INFO: Vai conferir as configurações ( se houver ) de CEP  
[2025-02-19 17:18:28] local.INFO: Opção desativada, não vai alterar o endereço  
[2025-02-19 17:19:06] local.INFO: Vai buscar o hotel e as configurações  
[2025-02-19 17:19:06] local.INFO: O hotel foi encontrado  
[2025-02-19 17:19:06] local.INFO: Vai conferir as configurações ( se houver ) de CEP  
[2025-02-19 17:19:06] local.INFO: Opção desativada, não vai alterar o endereço  
[2025-02-19 17:19:06] local.INFO: Vai buscar o hotel e as configurações  
[2025-02-19 17:19:06] local.INFO: O hotel foi encontrado  
[2025-02-19 17:19:06] local.INFO: Vai conferir as configurações ( se houver ) de CEP  
[2025-02-19 17:19:06] local.INFO: Opção desativada, não vai alterar o endereço  
[2025-02-19 17:21:02] local.INFO: Vai buscar o hotel e as configurações  
[2025-02-19 17:21:02] local.INFO: O hotel foi encontrado  
[2025-02-19 17:21:02] local.INFO: Vai conferir as configurações ( se houver ) de CEP  
[2025-02-19 17:21:02] local.INFO: Opção desativada, não vai alterar o endereço  
[2025-02-19 17:21:02] local.INFO: Vai buscar o hotel e as configurações  
[2025-02-19 17:21:02] local.INFO: O hotel foi encontrado  
[2025-02-19 17:21:02] local.INFO: Vai conferir as configurações ( se houver ) de CEP  
[2025-02-19 17:21:02] local.INFO: Opção desativada, não vai alterar o endereço  
[2025-02-19 17:21:28] local.INFO: Vai buscar o hotel e as configurações  
[2025-02-19 17:21:28] local.INFO: O hotel foi encontrado  
[2025-02-19 17:21:28] local.INFO: Vai conferir as configurações ( se houver ) de CEP  
[2025-02-19 17:21:28] local.INFO: Opção desativada, não vai alterar o endereço  
[2025-02-19 17:21:28] local.INFO: Vai buscar o hotel e as configurações  
[2025-02-19 17:21:28] local.INFO: O hotel foi encontrado  
[2025-02-19 17:21:28] local.INFO: Vai conferir as configurações ( se houver ) de CEP  
[2025-02-19 17:21:28] local.INFO: Opção desativada, não vai alterar o endereço  
[2025-02-19 17:21:42] local.INFO: Vai buscar o hotel e as configurações  
[2025-02-19 17:21:42] local.INFO: O hotel foi encontrado  
[2025-02-19 17:21:42] local.INFO: Vai conferir as configurações ( se houver ) de CEP  
[2025-02-19 17:21:42] local.INFO: Opção desativada, não vai alterar o endereço  
[2025-02-19 17:21:42] local.INFO: Vai buscar o hotel e as configurações  
[2025-02-19 17:21:42] local.INFO: O hotel foi encontrado  
[2025-02-19 17:21:42] local.INFO: Vai conferir as configurações ( se houver ) de CEP  
[2025-02-19 17:21:42] local.INFO: Opção desativada, não vai alterar o endereço  
[2025-02-19 17:24:23] local.INFO: Vai buscar o hotel e as configurações  
[2025-02-19 17:24:23] local.INFO: O hotel foi encontrado  
[2025-02-19 17:24:23] local.INFO: Vai conferir as configurações ( se houver ) de CEP  
[2025-02-19 17:24:23] local.INFO: Opção ativa vai alterar o endereço  
[2025-02-19 17:24:23] local.INFO: Chamou o checkAddress com, hotel: {"id":1,"name":"SGBR SISTEMAS LTDA","cnpj":"17089484000190","email":"sgbr.financeiro@gmail.com","cep":"89710300","address":"Estrada Primo Daniele Chiossi","number":180,"number_of_rooms":12,"number_of_employees":1,"active":1,"end_date":null,"created_at":"2025-02-19T10:34:07.000000Z","updated_at":"2025-02-19T10:34:07.000000Z"}  
[2025-02-19 17:24:23] local.INFO: Vai checar o status do CNPJ 17089484000190  
[2025-02-19 17:24:23] local.INFO: Vai iniciar a consulta do CEP  
[2025-02-19 17:24:24] local.INFO: Terminou e encerrou a consulta, vai comparar o endereço do CEP  
[2025-02-19 17:24:24] local.INFO: Endereço Estrada Primo Daniele Chiossirota: https://viacep.com.br/ws/89710300/json/  
[2025-02-19 17:24:24] local.INFO: Vai buscar o hotel e as configurações  
[2025-02-19 17:24:24] local.INFO: O hotel foi encontrado  
[2025-02-19 17:24:24] local.INFO: Vai conferir as configurações ( se houver ) de CEP  
[2025-02-19 17:24:24] local.INFO: Opção ativa vai alterar o endereço  
[2025-02-19 17:24:24] local.INFO: Chamou o checkAddress com, hotel: {"id":1,"name":"SGBR SISTEMAS LTDA","cnpj":"17089484000190","email":"sgbr.financeiro@gmail.com","cep":"89710300","address":"Estrada Primo Daniele Chiossi","number":180,"number_of_rooms":12,"number_of_employees":1,"active":1,"end_date":null,"created_at":"2025-02-19T10:34:07.000000Z","updated_at":"2025-02-19T10:34:07.000000Z"}  
[2025-02-19 17:24:24] local.INFO: Vai checar o status do CNPJ 17089484000190  
[2025-02-19 17:24:24] local.INFO: Vai iniciar a consulta do CEP  
[2025-02-19 17:24:24] local.INFO: Terminou e encerrou a consulta, vai comparar o endereço do CEP  
[2025-02-19 17:24:24] local.INFO: Endereço Estrada Primo Daniele Chiossirota: https://viacep.com.br/ws/89710300/json/  
[2025-02-19 17:24:25] local.INFO: Vai buscar o hotel e as configurações  
[2025-02-19 17:24:25] local.INFO: O hotel foi encontrado  
[2025-02-19 17:24:25] local.INFO: Vai conferir as configurações ( se houver ) de CEP  
[2025-02-19 17:24:25] local.INFO: Opção ativa vai alterar o endereço  
[2025-02-19 17:24:25] local.INFO: Chamou o checkAddress com, hotel: {"id":1,"name":"SGBR SISTEMAS LTDA","cnpj":"17089484000190","email":"sgbr.financeiro@gmail.com","cep":"89710300","address":"Estrada Primo Daniele Chiossi","number":180,"number_of_rooms":12,"number_of_employees":1,"active":1,"end_date":null,"created_at":"2025-02-19T10:34:07.000000Z","updated_at":"2025-02-19T10:34:07.000000Z"}  
[2025-02-19 17:24:25] local.INFO: Vai checar o status do CNPJ 17089484000190  
[2025-02-19 17:24:25] local.INFO: Vai iniciar a consulta do CEP  
[2025-02-19 17:24:25] local.INFO: Terminou e encerrou a consulta, vai comparar o endereço do CEP  
[2025-02-19 17:24:25] local.INFO: Endereço Estrada Primo Daniele Chiossirota: https://viacep.com.br/ws/89710300/json/  
[2025-02-19 17:24:25] local.INFO: Vai buscar o hotel e as configurações  
[2025-02-19 17:24:25] local.INFO: O hotel foi encontrado  
[2025-02-19 17:24:25] local.INFO: Vai conferir as configurações ( se houver ) de CEP  
[2025-02-19 17:24:25] local.INFO: Opção ativa vai alterar o endereço  
[2025-02-19 17:24:25] local.INFO: Chamou o checkAddress com, hotel: {"id":1,"name":"SGBR SISTEMAS LTDA","cnpj":"17089484000190","email":"sgbr.financeiro@gmail.com","cep":"89710300","address":"Estrada Primo Daniele Chiossi","number":180,"number_of_rooms":12,"number_of_employees":1,"active":1,"end_date":null,"created_at":"2025-02-19T10:34:07.000000Z","updated_at":"2025-02-19T10:34:07.000000Z"}  
[2025-02-19 17:24:25] local.INFO: Vai checar o status do CNPJ 17089484000190  
[2025-02-19 17:24:25] local.INFO: Vai iniciar a consulta do CEP  
[2025-02-19 17:24:25] local.INFO: Terminou e encerrou a consulta, vai comparar o endereço do CEP  
[2025-02-19 17:24:25] local.INFO: Endereço Estrada Primo Daniele Chiossirota: https://viacep.com.br/ws/89710300/json/  
[2025-02-19 17:24:31] local.INFO: Vai buscar o hotel e as configurações  
[2025-02-19 17:24:31] local.INFO: O hotel foi encontrado  
[2025-02-19 17:24:31] local.INFO: Vai conferir as configurações ( se houver ) de CEP  
[2025-02-19 17:24:31] local.INFO: Opção ativa vai alterar o endereço  
[2025-02-19 17:24:31] local.INFO: Chamou o checkAddress com, hotel: {"id":1,"name":"SGBR SISTEMAS LTDA","cnpj":"17089484000190","email":"sgbr.financeiro@gmail.com","cep":"89710300","address":"Estrada Primo Daniele Chiossi","number":180,"number_of_rooms":12,"number_of_employees":1,"active":1,"end_date":null,"created_at":"2025-02-19T10:34:07.000000Z","updated_at":"2025-02-19T10:34:07.000000Z"}  
[2025-02-19 17:24:31] local.INFO: Vai checar o status do CNPJ 17089484000190  
[2025-02-19 17:24:31] local.INFO: Vai iniciar a consulta do CEP  
[2025-02-19 17:24:31] local.INFO: Terminou e encerrou a consulta, vai comparar o endereço do CEP  
[2025-02-19 17:24:31] local.INFO: Endereço Estrada Primo Daniele Chiossirota: https://viacep.com.br/ws/89710300/json/  
[2025-02-19 17:24:31] local.INFO: Vai buscar o hotel e as configurações  
[2025-02-19 17:24:31] local.INFO: O hotel foi encontrado  
[2025-02-19 17:24:31] local.INFO: Vai conferir as configurações ( se houver ) de CEP  
[2025-02-19 17:24:31] local.INFO: Opção ativa vai alterar o endereço  
[2025-02-19 17:24:31] local.INFO: Chamou o checkAddress com, hotel: {"id":1,"name":"SGBR SISTEMAS LTDA","cnpj":"17089484000190","email":"sgbr.financeiro@gmail.com","cep":"89710300","address":"Estrada Primo Daniele Chiossi","number":180,"number_of_rooms":12,"number_of_employees":1,"active":1,"end_date":null,"created_at":"2025-02-19T10:34:07.000000Z","updated_at":"2025-02-19T10:34:07.000000Z"}  
[2025-02-19 17:24:31] local.INFO: Vai checar o status do CNPJ 17089484000190  
[2025-02-19 17:24:31] local.INFO: Vai iniciar a consulta do CEP  
[2025-02-19 17:24:32] local.INFO: Terminou e encerrou a consulta, vai comparar o endereço do CEP  
[2025-02-19 17:24:32] local.INFO: Endereço Estrada Primo Daniele Chiossirota: https://viacep.com.br/ws/89710300/json/  
[2025-02-19 17:24:41] local.INFO: Vai buscar o hotel e as configurações  
[2025-02-19 17:24:41] local.INFO: O hotel foi encontrado  
[2025-02-19 17:24:41] local.INFO: Vai conferir as configurações ( se houver ) de CEP  
[2025-02-19 17:24:41] local.INFO: Opção ativa vai alterar o endereço  
[2025-02-19 17:24:41] local.INFO: Chamou o checkAddress com, hotel: {"id":1,"name":"SGBR SISTEMAS LTDA","cnpj":"17089484000190","email":"sgbr.financeiro@gmail.com","cep":"89710300","address":"Estrada Primo Daniele Chiossi","number":180,"number_of_rooms":12,"number_of_employees":1,"active":1,"end_date":null,"created_at":"2025-02-19T10:34:07.000000Z","updated_at":"2025-02-19T10:34:07.000000Z"}  
[2025-02-19 17:24:41] local.INFO: Vai checar o status do CNPJ 17089484000190  
[2025-02-19 17:24:41] local.INFO: Vai iniciar a consulta do CEP  
[2025-02-19 17:24:42] local.INFO: Terminou e encerrou a consulta, vai comparar o endereço do CEP  
[2025-02-19 17:24:42] local.INFO: Endereço Estrada Primo Daniele Chiossirota: https://viacep.com.br/ws/89710300/json/  
[2025-02-19 17:24:42] local.INFO: Vai buscar o hotel e as configurações  
[2025-02-19 17:24:42] local.INFO: O hotel foi encontrado  
[2025-02-19 17:24:42] local.INFO: Vai conferir as configurações ( se houver ) de CEP  
[2025-02-19 17:24:42] local.INFO: Opção ativa vai alterar o endereço  
[2025-02-19 17:24:42] local.INFO: Chamou o checkAddress com, hotel: {"id":1,"name":"SGBR SISTEMAS LTDA","cnpj":"17089484000190","email":"sgbr.financeiro@gmail.com","cep":"89710300","address":"Estrada Primo Daniele Chiossi","number":180,"number_of_rooms":12,"number_of_employees":1,"active":1,"end_date":null,"created_at":"2025-02-19T10:34:07.000000Z","updated_at":"2025-02-19T10:34:07.000000Z"}  
[2025-02-19 17:24:42] local.INFO: Vai checar o status do CNPJ 17089484000190  
[2025-02-19 17:24:42] local.INFO: Vai iniciar a consulta do CEP  
[2025-02-19 17:24:42] local.INFO: Terminou e encerrou a consulta, vai comparar o endereço do CEP  
[2025-02-19 17:24:42] local.INFO: Endereço Estrada Primo Daniele Chiossirota: https://viacep.com.br/ws/89710300/json/  
[2025-02-19 17:24:44] local.INFO: Vai buscar o hotel e as configurações  
[2025-02-19 17:24:44] local.INFO: O hotel foi encontrado  
[2025-02-19 17:24:44] local.INFO: Vai conferir as configurações ( se houver ) de CEP  
[2025-02-19 17:24:44] local.INFO: Opção ativa vai alterar o endereço  
[2025-02-19 17:24:44] local.INFO: Chamou o checkAddress com, hotel: {"id":1,"name":"SGBR SISTEMAS LTDA","cnpj":"17089484000190","email":"sgbr.financeiro@gmail.com","cep":"89710300","address":"Estrada Primo Daniele Chiossi","number":180,"number_of_rooms":12,"number_of_employees":1,"active":1,"end_date":null,"created_at":"2025-02-19T10:34:07.000000Z","updated_at":"2025-02-19T10:34:07.000000Z"}  
[2025-02-19 17:24:44] local.INFO: Vai checar o status do CNPJ 17089484000190  
[2025-02-19 17:24:44] local.INFO: Vai iniciar a consulta do CEP  
[2025-02-19 17:24:44] local.INFO: Terminou e encerrou a consulta, vai comparar o endereço do CEP  
[2025-02-19 17:24:44] local.INFO: Endereço Estrada Primo Daniele Chiossirota: https://viacep.com.br/ws/89710300/json/  
[2025-02-19 17:24:44] local.INFO: Vai buscar o hotel e as configurações  
[2025-02-19 17:24:44] local.INFO: O hotel foi encontrado  
[2025-02-19 17:24:44] local.INFO: Vai conferir as configurações ( se houver ) de CEP  
[2025-02-19 17:24:44] local.INFO: Opção ativa vai alterar o endereço  
[2025-02-19 17:24:44] local.INFO: Chamou o checkAddress com, hotel: {"id":1,"name":"SGBR SISTEMAS LTDA","cnpj":"17089484000190","email":"sgbr.financeiro@gmail.com","cep":"89710300","address":"Estrada Primo Daniele Chiossi","number":180,"number_of_rooms":12,"number_of_employees":1,"active":1,"end_date":null,"created_at":"2025-02-19T10:34:07.000000Z","updated_at":"2025-02-19T10:34:07.000000Z"}  
[2025-02-19 17:24:44] local.INFO: Vai checar o status do CNPJ 17089484000190  
[2025-02-19 17:24:44] local.INFO: Vai iniciar a consulta do CEP  
[2025-02-19 17:24:45] local.INFO: Terminou e encerrou a consulta, vai comparar o endereço do CEP  
[2025-02-19 17:24:45] local.INFO: Endereço Estrada Primo Daniele Chiossirota: https://viacep.com.br/ws/89710300/json/  
[2025-02-19 17:24:55] local.INFO: Vai buscar o hotel e as configurações  
[2025-02-19 17:24:55] local.INFO: O hotel foi encontrado  
[2025-02-19 17:24:55] local.INFO: Vai conferir as configurações ( se houver ) de CEP  
[2025-02-19 17:24:55] local.INFO: Opção ativa vai alterar o endereço  
[2025-02-19 17:24:55] local.INFO: Chamou o checkAddress com, hotel: {"id":1,"name":"SGBR SISTEMAS LTDA","cnpj":"17089484000190","email":"sgbr.financeiro@gmail.com","cep":"89710300","address":"Estrada Primo Daniele Chiossi","number":180,"number_of_rooms":12,"number_of_employees":1,"active":1,"end_date":null,"created_at":"2025-02-19T10:34:07.000000Z","updated_at":"2025-02-19T10:34:07.000000Z"}  
[2025-02-19 17:24:55] local.INFO: Vai checar o status do CNPJ 17089484000190  
[2025-02-19 17:24:55] local.INFO: Vai iniciar a consulta do CEP  
[2025-02-19 17:24:55] local.INFO: Terminou e encerrou a consulta, vai comparar o endereço do CEP  
[2025-02-19 17:24:55] local.INFO: Endereço Estrada Primo Daniele Chiossirota: https://viacep.com.br/ws/89710300/json/  
[2025-02-19 17:24:55] local.INFO: Vai buscar o hotel e as configurações  
[2025-02-19 17:24:55] local.INFO: O hotel foi encontrado  
[2025-02-19 17:24:55] local.INFO: Vai conferir as configurações ( se houver ) de CEP  
[2025-02-19 17:24:55] local.INFO: Opção ativa vai alterar o endereço  
[2025-02-19 17:24:55] local.INFO: Chamou o checkAddress com, hotel: {"id":1,"name":"SGBR SISTEMAS LTDA","cnpj":"17089484000190","email":"sgbr.financeiro@gmail.com","cep":"89710300","address":"Estrada Primo Daniele Chiossi","number":180,"number_of_rooms":12,"number_of_employees":1,"active":1,"end_date":null,"created_at":"2025-02-19T10:34:07.000000Z","updated_at":"2025-02-19T10:34:07.000000Z"}  
[2025-02-19 17:24:55] local.INFO: Vai checar o status do CNPJ 17089484000190  
[2025-02-19 17:24:55] local.INFO: Vai iniciar a consulta do CEP  
[2025-02-19 17:24:56] local.INFO: Terminou e encerrou a consulta, vai comparar o endereço do CEP  
[2025-02-19 17:24:56] local.INFO: Endereço Estrada Primo Daniele Chiossirota: https://viacep.com.br/ws/89710300/json/  
[2025-02-19 17:25:03] local.INFO: Vai buscar o hotel e as configurações  
[2025-02-19 17:25:03] local.INFO: O hotel foi encontrado  
[2025-02-19 17:25:03] local.INFO: Vai conferir as configurações ( se houver ) de CEP  
[2025-02-19 17:25:03] local.INFO: Opção ativa vai alterar o endereço  
[2025-02-19 17:25:03] local.INFO: Chamou o checkAddress com, hotel: {"id":1,"name":"SGBR SISTEMAS LTDA","cnpj":"17089484000190","email":"sgbr.financeiro@gmail.com","cep":"89710300","address":"Estrada Primo Daniele Chiossi","number":180,"number_of_rooms":12,"number_of_employees":1,"active":1,"end_date":null,"created_at":"2025-02-19T10:34:07.000000Z","updated_at":"2025-02-19T10:34:07.000000Z"}  
[2025-02-19 17:25:03] local.INFO: Vai checar o status do CNPJ 17089484000190  
[2025-02-19 17:25:03] local.INFO: Vai iniciar a consulta do CEP  
[2025-02-19 17:25:04] local.INFO: Terminou e encerrou a consulta, vai comparar o endereço do CEP  
[2025-02-19 17:25:04] local.INFO: Endereço Estrada Primo Daniele Chiossirota: https://viacep.com.br/ws/89710300/json/  
[2025-02-19 17:25:04] local.INFO: Vai buscar o hotel e as configurações  
[2025-02-19 17:25:04] local.INFO: O hotel foi encontrado  
[2025-02-19 17:25:04] local.INFO: Vai conferir as configurações ( se houver ) de CEP  
[2025-02-19 17:25:04] local.INFO: Opção ativa vai alterar o endereço  
[2025-02-19 17:25:04] local.INFO: Chamou o checkAddress com, hotel: {"id":1,"name":"SGBR SISTEMAS LTDA","cnpj":"17089484000190","email":"sgbr.financeiro@gmail.com","cep":"89710300","address":"Estrada Primo Daniele Chiossi","number":180,"number_of_rooms":12,"number_of_employees":1,"active":1,"end_date":null,"created_at":"2025-02-19T10:34:07.000000Z","updated_at":"2025-02-19T10:34:07.000000Z"}  
[2025-02-19 17:25:04] local.INFO: Vai checar o status do CNPJ 17089484000190  
[2025-02-19 17:25:04] local.INFO: Vai iniciar a consulta do CEP  
[2025-02-19 17:25:06] local.INFO: Terminou e encerrou a consulta, vai comparar o endereço do CEP  
[2025-02-19 17:25:06] local.INFO: Endereço Estrada Primo Daniele Chiossirota: https://viacep.com.br/ws/89710300/json/  
[2025-02-19 17:25:07] local.INFO: Vai buscar o hotel e as configurações  
[2025-02-19 17:25:07] local.INFO: O hotel foi encontrado  
[2025-02-19 17:25:07] local.INFO: Vai conferir as configurações ( se houver ) de CEP  
[2025-02-19 17:25:07] local.INFO: Opção ativa vai alterar o endereço  
[2025-02-19 17:25:07] local.INFO: Chamou o checkAddress com, hotel: {"id":1,"name":"SGBR SISTEMAS LTDA","cnpj":"17089484000190","email":"sgbr.financeiro@gmail.com","cep":"89710300","address":"Estrada Primo Daniele Chiossi","number":180,"number_of_rooms":12,"number_of_employees":1,"active":1,"end_date":null,"created_at":"2025-02-19T10:34:07.000000Z","updated_at":"2025-02-19T10:34:07.000000Z"}  
[2025-02-19 17:25:07] local.INFO: Vai checar o status do CNPJ 17089484000190  
[2025-02-19 17:25:07] local.INFO: Vai iniciar a consulta do CEP  
[2025-02-19 17:25:09] local.INFO: Terminou e encerrou a consulta, vai comparar o endereço do CEP  
[2025-02-19 17:25:09] local.INFO: Endereço Estrada Primo Daniele Chiossirota: https://viacep.com.br/ws/89710300/json/  
[2025-02-19 17:25:09] local.INFO: Vai buscar o hotel e as configurações  
[2025-02-19 17:25:09] local.INFO: O hotel foi encontrado  
[2025-02-19 17:25:09] local.INFO: Vai conferir as configurações ( se houver ) de CEP  
[2025-02-19 17:25:09] local.INFO: Opção ativa vai alterar o endereço  
[2025-02-19 17:25:09] local.INFO: Chamou o checkAddress com, hotel: {"id":1,"name":"SGBR SISTEMAS LTDA","cnpj":"17089484000190","email":"sgbr.financeiro@gmail.com","cep":"89710300","address":"Estrada Primo Daniele Chiossi","number":180,"number_of_rooms":12,"number_of_employees":1,"active":1,"end_date":null,"created_at":"2025-02-19T10:34:07.000000Z","updated_at":"2025-02-19T10:34:07.000000Z"}  
[2025-02-19 17:25:09] local.INFO: Vai checar o status do CNPJ 17089484000190  
[2025-02-19 17:25:09] local.INFO: Vai iniciar a consulta do CEP  
[2025-02-19 17:25:11] local.INFO: Terminou e encerrou a consulta, vai comparar o endereço do CEP  
[2025-02-19 17:25:11] local.INFO: Endereço Estrada Primo Daniele Chiossirota: https://viacep.com.br/ws/89710300/json/  
[2025-02-19 17:27:33] local.INFO: Vai buscar o hotel e as configurações  
[2025-02-19 17:27:33] local.INFO: O hotel foi encontrado  
[2025-02-19 17:27:33] local.INFO: Vai conferir as configurações ( se houver ) de CEP  
[2025-02-19 17:27:33] local.INFO: Opção ativa vai alterar o endereço  
[2025-02-19 17:27:33] local.INFO: Chamou o checkAddress com, hotel: {"id":1,"name":"SGBR SISTEMAS LTDA","cnpj":"17089484000190","email":"sgbr.financeiro@gmail.com","cep":"89710300","address":"Estrada Primo Daniele Chiossi","number":180,"number_of_rooms":12,"number_of_employees":1,"active":1,"end_date":null,"created_at":"2025-02-19T10:34:07.000000Z","updated_at":"2025-02-19T10:34:07.000000Z"}  
[2025-02-19 17:27:33] local.INFO: Vai checar o status do CNPJ 17089484000190  
[2025-02-19 17:27:33] local.INFO: Vai iniciar a consulta do CEP  
[2025-02-19 17:27:34] local.INFO: Terminou e encerrou a consulta, vai comparar o endereço do CEP  
[2025-02-19 17:27:34] local.INFO: Endereço Estrada Primo Daniele Chiossirota: https://viacep.com.br/ws/89710300/json/  
[2025-02-19 17:27:34] local.INFO: Vai buscar o hotel e as configurações  
[2025-02-19 17:27:34] local.INFO: O hotel foi encontrado  
[2025-02-19 17:27:34] local.INFO: Vai conferir as configurações ( se houver ) de CEP  
[2025-02-19 17:27:34] local.INFO: Opção ativa vai alterar o endereço  
[2025-02-19 17:27:34] local.INFO: Chamou o checkAddress com, hotel: {"id":1,"name":"SGBR SISTEMAS LTDA","cnpj":"17089484000190","email":"sgbr.financeiro@gmail.com","cep":"89710300","address":"Estrada Primo Daniele Chiossi","number":180,"number_of_rooms":12,"number_of_employees":1,"active":1,"end_date":null,"created_at":"2025-02-19T10:34:07.000000Z","updated_at":"2025-02-19T10:34:07.000000Z"}  
[2025-02-19 17:27:34] local.INFO: Vai checar o status do CNPJ 17089484000190  
[2025-02-19 17:27:34] local.INFO: Vai iniciar a consulta do CEP  
[2025-02-19 17:27:34] local.INFO: Terminou e encerrou a consulta, vai comparar o endereço do CEP  
[2025-02-19 17:27:34] local.INFO: Endereço Estrada Primo Daniele Chiossirota: https://viacep.com.br/ws/89710300/json/  
[2025-02-19 17:29:16] local.INFO: Vai buscar o hotel e as configurações  
[2025-02-19 17:29:16] local.INFO: O hotel foi encontrado  
[2025-02-19 17:29:16] local.INFO: Vai conferir as configurações ( se houver ) de CEP  
[2025-02-19 17:29:16] local.INFO: Opção ativa vai alterar o endereço  
[2025-02-19 17:29:16] local.INFO: Chamou o checkAddress com, hotel: {"id":1,"name":"SGBR SISTEMAS LTDA","cnpj":"17089484000190","email":"sgbr.financeiro@gmail.com","cep":"89710300","address":"Estrada Primo Daniele Chiossi","number":180,"number_of_rooms":12,"number_of_employees":1,"active":1,"end_date":null,"created_at":"2025-02-19T10:34:07.000000Z","updated_at":"2025-02-19T10:34:07.000000Z"}  
[2025-02-19 17:29:16] local.INFO: Vai checar o status do CNPJ 17089484000190  
[2025-02-19 17:29:16] local.INFO: Vai iniciar a consulta do CEP  
[2025-02-19 17:29:16] local.INFO: Terminou e encerrou a consulta, vai comparar o endereço do CEP  
[2025-02-19 17:29:16] local.INFO: Endereço Estrada Primo Daniele Chiossirota: https://viacep.com.br/ws/89710300/json/  
[2025-02-19 17:29:16] local.INFO: Vai buscar o hotel e as configurações  
[2025-02-19 17:29:16] local.INFO: O hotel foi encontrado  
[2025-02-19 17:29:16] local.INFO: Vai conferir as configurações ( se houver ) de CEP  
[2025-02-19 17:29:16] local.INFO: Opção ativa vai alterar o endereço  
[2025-02-19 17:29:16] local.INFO: Chamou o checkAddress com, hotel: {"id":1,"name":"SGBR SISTEMAS LTDA","cnpj":"17089484000190","email":"sgbr.financeiro@gmail.com","cep":"89710300","address":"Estrada Primo Daniele Chiossi","number":180,"number_of_rooms":12,"number_of_employees":1,"active":1,"end_date":null,"created_at":"2025-02-19T10:34:07.000000Z","updated_at":"2025-02-19T10:34:07.000000Z"}  
[2025-02-19 17:29:16] local.INFO: Vai checar o status do CNPJ 17089484000190  
[2025-02-19 17:29:16] local.INFO: Vai iniciar a consulta do CEP  
[2025-02-19 17:29:17] local.INFO: Terminou e encerrou a consulta, vai comparar o endereço do CEP  
[2025-02-19 17:29:17] local.INFO: Endereço Estrada Primo Daniele Chiossirota: https://viacep.com.br/ws/89710300/json/  
[2025-02-19 17:54:20] local.INFO: Vai buscar o hotel e as configurações  
[2025-02-19 17:54:20] local.INFO: O hotel foi encontrado  
[2025-02-19 17:54:20] local.INFO: Vai conferir as configurações ( se houver ) de CEP  
[2025-02-19 17:54:20] local.INFO: Opção ativa vai alterar o endereço  
[2025-02-19 17:54:20] local.INFO: Chamou o checkAddress com, hotel: {"id":1,"name":"SGBR SISTEMAS LTDA","cnpj":"17089484000190","email":"sgbr.financeiro@gmail.com","cep":"89710300","address":"Estrada Primo Daniele Chiossi","number":180,"number_of_rooms":12,"number_of_employees":1,"active":1,"end_date":null,"created_at":"2025-02-19T10:34:07.000000Z","updated_at":"2025-02-19T10:34:07.000000Z"}  
[2025-02-19 17:54:20] local.INFO: Vai checar o status do CNPJ 17089484000190  
[2025-02-19 17:54:20] local.INFO: Vai iniciar a consulta do CEP  
[2025-02-19 17:54:20] local.INFO: Terminou e encerrou a consulta, vai comparar o endereço do CEP  
[2025-02-19 17:54:20] local.INFO: Endereço Estrada Primo Daniele Chiossirota: https://viacep.com.br/ws/89710300/json/  
[2025-02-19 17:54:20] local.INFO: Vai buscar o hotel e as configurações  
[2025-02-19 17:54:20] local.INFO: O hotel foi encontrado  
[2025-02-19 17:54:20] local.INFO: Vai conferir as configurações ( se houver ) de CEP  
[2025-02-19 17:54:20] local.INFO: Opção ativa vai alterar o endereço  
[2025-02-19 17:54:20] local.INFO: Chamou o checkAddress com, hotel: {"id":1,"name":"SGBR SISTEMAS LTDA","cnpj":"17089484000190","email":"sgbr.financeiro@gmail.com","cep":"89710300","address":"Estrada Primo Daniele Chiossi","number":180,"number_of_rooms":12,"number_of_employees":1,"active":1,"end_date":null,"created_at":"2025-02-19T10:34:07.000000Z","updated_at":"2025-02-19T10:34:07.000000Z"}  
[2025-02-19 17:54:20] local.INFO: Vai checar o status do CNPJ 17089484000190  
[2025-02-19 17:54:20] local.INFO: Vai iniciar a consulta do CEP  
[2025-02-19 17:54:20] local.INFO: Terminou e encerrou a consulta, vai comparar o endereço do CEP  
[2025-02-19 17:54:20] local.INFO: Endereço Estrada Primo Daniele Chiossirota: https://viacep.com.br/ws/89710300/json/  
[2025-02-19 19:33:42] local.INFO: Vai buscar o hotel e as configurações  
[2025-02-19 19:33:42] local.INFO: O hotel foi encontrado  
[2025-02-19 19:33:42] local.INFO: Vai conferir as configurações ( se houver ) de CEP  
[2025-02-19 19:33:42] local.INFO: Opção desativada, não vai alterar o endereço  
[2025-02-19 19:33:42] local.INFO: Vai buscar o hotel e as configurações  
[2025-02-19 19:33:42] local.INFO: O hotel foi encontrado  
[2025-02-19 19:33:42] local.INFO: Vai conferir as configurações ( se houver ) de CEP  
[2025-02-19 19:33:42] local.INFO: Opção desativada, não vai alterar o endereço  
[2025-02-20 00:14:28] local.INFO: Vai buscar o hotel e as configurações  
[2025-02-20 00:14:29] local.INFO: O hotel foi encontrado  
[2025-02-20 00:14:29] local.INFO: Vai conferir as configurações ( se houver ) de CEP  
[2025-02-20 00:14:37] local.INFO: Vai buscar o hotel e as configurações  
[2025-02-20 00:14:37] local.INFO: O hotel foi encontrado  
[2025-02-20 00:14:37] local.INFO: Vai conferir as configurações ( se houver ) de CEP  
[2025-02-20 00:16:03] local.INFO: Vai buscar o hotel e as configurações  
[2025-02-20 00:16:03] local.INFO: O hotel foi encontrado  
[2025-02-20 00:16:03] local.INFO: Vai conferir as configurações ( se houver ) de CEP  
[2025-02-20 00:16:03] local.INFO: Opção desativada, não vai alterar o endereço  
[2025-02-20 00:16:03] local.INFO: Vai buscar o hotel e as configurações  
[2025-02-20 00:16:03] local.INFO: O hotel foi encontrado  
[2025-02-20 00:16:03] local.INFO: Vai conferir as configurações ( se houver ) de CEP  
[2025-02-20 00:16:03] local.INFO: Opção desativada, não vai alterar o endereço  
[2025-02-20 00:16:41] local.INFO: Vai buscar o hotel e as configurações  
[2025-02-20 00:16:41] local.INFO: O hotel foi encontrado  
[2025-02-20 00:16:41] local.INFO: Vai conferir as configurações ( se houver ) de CEP  
[2025-02-20 00:16:41] local.INFO: Opção desativada, não vai alterar o endereço  
[2025-02-20 00:16:41] local.INFO: Vai buscar o hotel e as configurações  
[2025-02-20 00:16:41] local.INFO: O hotel foi encontrado  
[2025-02-20 00:16:41] local.INFO: Vai conferir as configurações ( se houver ) de CEP  
[2025-02-20 00:16:41] local.INFO: Opção desativada, não vai alterar o endereço  
[2025-02-20 00:16:55] local.INFO: Vai buscar o hotel e as configurações  
[2025-02-20 00:16:55] local.INFO: O hotel foi encontrado  
[2025-02-20 00:16:55] local.INFO: Vai conferir as configurações ( se houver ) de CEP  
[2025-02-20 00:16:55] local.INFO: Opção desativada, não vai alterar o endereço  
[2025-02-20 00:16:55] local.INFO: Vai buscar o hotel e as configurações  
[2025-02-20 00:16:55] local.INFO: O hotel foi encontrado  
[2025-02-20 00:16:55] local.INFO: Vai conferir as configurações ( se houver ) de CEP  
[2025-02-20 00:16:55] local.INFO: Opção desativada, não vai alterar o endereço  
[2025-02-20 00:16:57] local.INFO: Vai buscar o hotel e as configurações  
[2025-02-20 00:16:57] local.INFO: O hotel foi encontrado  
[2025-02-20 00:16:57] local.INFO: Vai conferir as configurações ( se houver ) de CEP  
[2025-02-20 00:16:57] local.INFO: Opção desativada, não vai alterar o endereço  
[2025-02-20 00:16:57] local.INFO: Vai buscar o hotel e as configurações  
[2025-02-20 00:16:57] local.INFO: O hotel foi encontrado  
[2025-02-20 00:16:57] local.INFO: Vai conferir as configurações ( se houver ) de CEP  
[2025-02-20 00:16:57] local.INFO: Opção desativada, não vai alterar o endereço  
[2025-02-20 00:17:11] local.INFO: Vai buscar o hotel e as configurações  
[2025-02-20 00:17:11] local.INFO: O hotel foi encontrado  
[2025-02-20 00:17:11] local.INFO: Vai conferir as configurações ( se houver ) de CEP  
[2025-02-20 00:17:11] local.INFO: Opção desativada, não vai alterar o endereço  
[2025-02-20 00:17:11] local.INFO: Vai buscar o hotel e as configurações  
[2025-02-20 00:17:11] local.INFO: O hotel foi encontrado  
[2025-02-20 00:17:11] local.INFO: Vai conferir as configurações ( se houver ) de CEP  
[2025-02-20 00:17:11] local.INFO: Opção desativada, não vai alterar o endereço  
[2025-02-20 00:17:11] local.INFO: Vai buscar o hotel e as configurações  
[2025-02-20 00:17:11] local.INFO: O hotel foi encontrado  
[2025-02-20 00:17:11] local.INFO: Vai conferir as configurações ( se houver ) de CEP  
[2025-02-20 00:17:11] local.INFO: Opção desativada, não vai alterar o endereço  
[2025-02-20 00:17:11] local.INFO: Vai buscar o hotel e as configurações  
[2025-02-20 00:17:11] local.INFO: O hotel foi encontrado  
[2025-02-20 00:17:11] local.INFO: Vai conferir as configurações ( se houver ) de CEP  
[2025-02-20 00:17:11] local.INFO: Opção desativada, não vai alterar o endereço  
[2025-02-20 00:17:39] local.INFO: Vai buscar o hotel e as configurações  
[2025-02-20 00:17:40] local.INFO: O hotel foi encontrado  
[2025-02-20 00:17:40] local.INFO: Vai conferir as configurações ( se houver ) de CEP  
[2025-02-20 00:17:40] local.INFO: Opção desativada, não vai alterar o endereço  
[2025-02-20 00:17:40] local.INFO: Vai buscar o hotel e as configurações  
[2025-02-20 00:17:40] local.INFO: O hotel foi encontrado  
[2025-02-20 00:17:40] local.INFO: Vai conferir as configurações ( se houver ) de CEP  
[2025-02-20 00:17:40] local.INFO: Opção desativada, não vai alterar o endereço  
[2025-02-20 00:17:44] local.INFO: Vai buscar o hotel e as configurações  
[2025-02-20 00:17:44] local.INFO: O hotel foi encontrado  
[2025-02-20 00:17:44] local.INFO: Vai conferir as configurações ( se houver ) de CEP  
[2025-02-20 00:17:44] local.INFO: Opção desativada, não vai alterar o endereço  
[2025-02-20 00:17:44] local.INFO: Vai buscar o hotel e as configurações  
[2025-02-20 00:17:44] local.INFO: O hotel foi encontrado  
[2025-02-20 00:17:44] local.INFO: Vai conferir as configurações ( se houver ) de CEP  
[2025-02-20 00:17:44] local.INFO: Opção desativada, não vai alterar o endereço  
[2025-02-20 00:17:53] local.INFO: Vai buscar o hotel e as configurações  
[2025-02-20 00:17:53] local.INFO: O hotel foi encontrado  
[2025-02-20 00:17:53] local.INFO: Vai conferir as configurações ( se houver ) de CEP  
[2025-02-20 00:17:53] local.INFO: Opção desativada, não vai alterar o endereço  
[2025-02-20 00:17:53] local.INFO: Vai buscar o hotel e as configurações  
[2025-02-20 00:17:53] local.INFO: O hotel foi encontrado  
[2025-02-20 00:17:53] local.INFO: Vai conferir as configurações ( se houver ) de CEP  
[2025-02-20 00:17:53] local.INFO: Opção desativada, não vai alterar o endereço  
[2025-02-20 00:17:54] local.INFO: Vai buscar o hotel e as configurações  
[2025-02-20 00:17:54] local.INFO: O hotel foi encontrado  
[2025-02-20 00:17:54] local.INFO: Vai conferir as configurações ( se houver ) de CEP  
[2025-02-20 00:17:54] local.INFO: Opção desativada, não vai alterar o endereço  
[2025-02-20 00:17:54] local.INFO: Vai buscar o hotel e as configurações  
[2025-02-20 00:17:54] local.INFO: O hotel foi encontrado  
[2025-02-20 00:17:54] local.INFO: Vai conferir as configurações ( se houver ) de CEP  
[2025-02-20 00:17:54] local.INFO: Opção desativada, não vai alterar o endereço  
[2025-02-20 00:17:57] local.INFO: Vai buscar o hotel e as configurações  
[2025-02-20 00:17:57] local.INFO: O hotel foi encontrado  
[2025-02-20 00:17:57] local.INFO: Vai conferir as configurações ( se houver ) de CEP  
[2025-02-20 00:17:57] local.INFO: Opção desativada, não vai alterar o endereço  
[2025-02-20 00:17:57] local.INFO: Vai buscar o hotel e as configurações  
[2025-02-20 00:17:57] local.INFO: O hotel foi encontrado  
[2025-02-20 00:17:57] local.INFO: Vai conferir as configurações ( se houver ) de CEP  
[2025-02-20 00:17:57] local.INFO: Opção desativada, não vai alterar o endereço  
[2025-02-20 00:17:59] local.INFO: Vai buscar o hotel e as configurações  
[2025-02-20 00:17:59] local.INFO: O hotel foi encontrado  
[2025-02-20 00:17:59] local.INFO: Vai conferir as configurações ( se houver ) de CEP  
[2025-02-20 00:17:59] local.INFO: Opção desativada, não vai alterar o endereço  
[2025-02-20 00:17:59] local.INFO: Vai buscar o hotel e as configurações  
[2025-02-20 00:17:59] local.INFO: O hotel foi encontrado  
[2025-02-20 00:17:59] local.INFO: Vai conferir as configurações ( se houver ) de CEP  
[2025-02-20 00:17:59] local.INFO: Opção desativada, não vai alterar o endereço  
[2025-02-20 00:18:00] local.INFO: Vai buscar o hotel e as configurações  
[2025-02-20 00:18:00] local.INFO: O hotel foi encontrado  
[2025-02-20 00:18:00] local.INFO: Vai conferir as configurações ( se houver ) de CEP  
[2025-02-20 00:18:00] local.INFO: Opção desativada, não vai alterar o endereço  
[2025-02-20 00:18:00] local.INFO: Vai buscar o hotel e as configurações  
[2025-02-20 00:18:00] local.INFO: O hotel foi encontrado  
[2025-02-20 00:18:00] local.INFO: Vai conferir as configurações ( se houver ) de CEP  
[2025-02-20 00:18:00] local.INFO: Opção desativada, não vai alterar o endereço  
[2025-02-20 00:18:09] local.INFO: Vai buscar o hotel e as configurações  
[2025-02-20 00:18:09] local.INFO: O hotel foi encontrado  
[2025-02-20 00:18:09] local.INFO: Vai conferir as configurações ( se houver ) de CEP  
[2025-02-20 00:18:09] local.INFO: Opção desativada, não vai alterar o endereço  
[2025-02-20 00:18:09] local.INFO: Vai buscar o hotel e as configurações  
[2025-02-20 00:18:09] local.INFO: O hotel foi encontrado  
[2025-02-20 00:18:09] local.INFO: Vai conferir as configurações ( se houver ) de CEP  
[2025-02-20 00:18:09] local.INFO: Opção desativada, não vai alterar o endereço  
[2025-02-20 00:18:29] local.INFO: Vai buscar o hotel e as configurações  
[2025-02-20 00:18:29] local.INFO: O hotel foi encontrado  
[2025-02-20 00:18:29] local.INFO: Vai conferir as configurações ( se houver ) de CEP  
[2025-02-20 00:18:29] local.INFO: Opção desativada, não vai alterar o endereço  
[2025-02-20 00:18:29] local.INFO: Vai buscar o hotel e as configurações  
[2025-02-20 00:18:29] local.INFO: O hotel foi encontrado  
[2025-02-20 00:18:29] local.INFO: Vai conferir as configurações ( se houver ) de CEP  
[2025-02-20 00:18:29] local.INFO: Opção desativada, não vai alterar o endereço  
[2025-02-20 00:18:32] local.INFO: Vai buscar o hotel e as configurações  
[2025-02-20 00:18:32] local.INFO: O hotel foi encontrado  
[2025-02-20 00:18:32] local.INFO: Vai conferir as configurações ( se houver ) de CEP  
[2025-02-20 00:18:32] local.INFO: Opção desativada, não vai alterar o endereço  
[2025-02-20 00:18:32] local.INFO: Vai buscar o hotel e as configurações  
[2025-02-20 00:18:32] local.INFO: O hotel foi encontrado  
[2025-02-20 00:18:32] local.INFO: Vai conferir as configurações ( se houver ) de CEP  
[2025-02-20 00:18:32] local.INFO: Opção desativada, não vai alterar o endereço  
[2025-02-20 00:18:34] local.INFO: Vai buscar o hotel e as configurações  
[2025-02-20 00:18:34] local.INFO: O hotel foi encontrado  
[2025-02-20 00:18:34] local.INFO: Vai conferir as configurações ( se houver ) de CEP  
[2025-02-20 00:18:34] local.INFO: Opção desativada, não vai alterar o endereço  
[2025-02-20 00:18:34] local.INFO: Vai buscar o hotel e as configurações  
[2025-02-20 00:18:34] local.INFO: O hotel foi encontrado  
[2025-02-20 00:18:34] local.INFO: Vai conferir as configurações ( se houver ) de CEP  
[2025-02-20 00:18:34] local.INFO: Opção desativada, não vai alterar o endereço  
[2025-02-20 00:18:35] local.INFO: Vai buscar o hotel e as configurações  
[2025-02-20 00:18:35] local.INFO: O hotel foi encontrado  
[2025-02-20 00:18:35] local.INFO: Vai conferir as configurações ( se houver ) de CEP  
[2025-02-20 00:18:35] local.INFO: Opção desativada, não vai alterar o endereço  
[2025-02-20 00:18:35] local.INFO: Vai buscar o hotel e as configurações  
[2025-02-20 00:18:35] local.INFO: O hotel foi encontrado  
[2025-02-20 00:18:35] local.INFO: Vai conferir as configurações ( se houver ) de CEP  
[2025-02-20 00:18:35] local.INFO: Opção desativada, não vai alterar o endereço  
[2025-02-20 00:18:36] local.INFO: Vai buscar o hotel e as configurações  
[2025-02-20 00:18:36] local.INFO: O hotel foi encontrado  
[2025-02-20 00:18:36] local.INFO: Vai conferir as configurações ( se houver ) de CEP  
[2025-02-20 00:18:36] local.INFO: Opção desativada, não vai alterar o endereço  
[2025-02-20 00:18:36] local.INFO: Vai buscar o hotel e as configurações  
[2025-02-20 00:18:36] local.INFO: O hotel foi encontrado  
[2025-02-20 00:18:36] local.INFO: Vai conferir as configurações ( se houver ) de CEP  
[2025-02-20 00:18:36] local.INFO: Opção desativada, não vai alterar o endereço  
[2025-02-20 00:18:41] local.INFO: Vai buscar o hotel e as configurações  
[2025-02-20 00:18:41] local.INFO: O hotel foi encontrado  
[2025-02-20 00:18:41] local.INFO: Vai conferir as configurações ( se houver ) de CEP  
[2025-02-20 00:18:41] local.INFO: Opção desativada, não vai alterar o endereço  
[2025-02-20 00:18:42] local.INFO: Vai buscar o hotel e as configurações  
[2025-02-20 00:18:42] local.INFO: O hotel foi encontrado  
[2025-02-20 00:18:42] local.INFO: Vai conferir as configurações ( se houver ) de CEP  
[2025-02-20 00:18:42] local.INFO: Opção desativada, não vai alterar o endereço  
[2025-02-20 00:18:43] local.INFO: Vai buscar o hotel e as configurações  
[2025-02-20 00:18:43] local.INFO: O hotel foi encontrado  
[2025-02-20 00:18:43] local.INFO: Vai conferir as configurações ( se houver ) de CEP  
[2025-02-20 00:18:43] local.INFO: Opção desativada, não vai alterar o endereço  
[2025-02-20 00:18:43] local.INFO: Vai buscar o hotel e as configurações  
[2025-02-20 00:18:43] local.INFO: O hotel foi encontrado  
[2025-02-20 00:18:43] local.INFO: Vai conferir as configurações ( se houver ) de CEP  
[2025-02-20 00:18:43] local.INFO: Opção desativada, não vai alterar o endereço  
[2025-02-20 00:18:46] local.INFO: Vai buscar o hotel e as configurações  
[2025-02-20 00:18:46] local.INFO: O hotel foi encontrado  
[2025-02-20 00:18:46] local.INFO: Vai conferir as configurações ( se houver ) de CEP  
[2025-02-20 00:18:46] local.INFO: Opção desativada, não vai alterar o endereço  
[2025-02-20 00:18:46] local.INFO: Vai buscar o hotel e as configurações  
[2025-02-20 00:18:46] local.INFO: O hotel foi encontrado  
[2025-02-20 00:18:46] local.INFO: Vai conferir as configurações ( se houver ) de CEP  
[2025-02-20 00:18:46] local.INFO: Opção desativada, não vai alterar o endereço  
[2025-02-20 00:18:47] local.INFO: Vai buscar o hotel e as configurações  
[2025-02-20 00:18:47] local.INFO: O hotel foi encontrado  
[2025-02-20 00:18:47] local.INFO: Vai conferir as configurações ( se houver ) de CEP  
[2025-02-20 00:18:47] local.INFO: Opção desativada, não vai alterar o endereço  
[2025-02-20 00:18:47] local.INFO: Vai buscar o hotel e as configurações  
[2025-02-20 00:18:47] local.INFO: O hotel foi encontrado  
[2025-02-20 00:18:47] local.INFO: Vai conferir as configurações ( se houver ) de CEP  
[2025-02-20 00:18:47] local.INFO: Opção desativada, não vai alterar o endereço  
[2025-02-20 00:18:56] local.INFO: Vai buscar o hotel e as configurações  
[2025-02-20 00:18:56] local.INFO: O hotel foi encontrado  
[2025-02-20 00:18:56] local.INFO: Vai conferir as configurações ( se houver ) de CEP  
[2025-02-20 00:18:56] local.INFO: Opção desativada, não vai alterar o endereço  
[2025-02-20 00:18:56] local.INFO: Vai buscar o hotel e as configurações  
[2025-02-20 00:18:56] local.INFO: O hotel foi encontrado  
[2025-02-20 00:18:56] local.INFO: Vai conferir as configurações ( se houver ) de CEP  
[2025-02-20 00:18:56] local.INFO: Opção desativada, não vai alterar o endereço  
[2025-02-20 00:18:57] local.INFO: Vai buscar o hotel e as configurações  
[2025-02-20 00:18:57] local.INFO: O hotel foi encontrado  
[2025-02-20 00:18:57] local.INFO: Vai conferir as configurações ( se houver ) de CEP  
[2025-02-20 00:18:57] local.INFO: Opção desativada, não vai alterar o endereço  
[2025-02-20 00:18:57] local.INFO: Vai buscar o hotel e as configurações  
[2025-02-20 00:18:57] local.INFO: O hotel foi encontrado  
[2025-02-20 00:18:57] local.INFO: Vai conferir as configurações ( se houver ) de CEP  
[2025-02-20 00:18:57] local.INFO: Opção desativada, não vai alterar o endereço  
[2025-02-20 00:19:04] local.INFO: Vai buscar o hotel e as configurações  
[2025-02-20 00:19:05] local.INFO: O hotel foi encontrado  
[2025-02-20 00:19:05] local.INFO: Vai conferir as configurações ( se houver ) de CEP  
[2025-02-20 00:19:05] local.INFO: Opção desativada, não vai alterar o endereço  
[2025-02-20 00:19:05] local.INFO: Vai buscar o hotel e as configurações  
[2025-02-20 00:19:05] local.INFO: O hotel foi encontrado  
[2025-02-20 00:19:05] local.INFO: Vai conferir as configurações ( se houver ) de CEP  
[2025-02-20 00:19:05] local.INFO: Opção desativada, não vai alterar o endereço  
[2025-02-20 00:19:06] local.INFO: Vai buscar o hotel e as configurações  
[2025-02-20 00:19:06] local.INFO: O hotel foi encontrado  
[2025-02-20 00:19:06] local.INFO: Vai conferir as configurações ( se houver ) de CEP  
[2025-02-20 00:19:06] local.INFO: Opção desativada, não vai alterar o endereço  
[2025-02-20 00:19:06] local.INFO: Vai buscar o hotel e as configurações  
[2025-02-20 00:19:06] local.INFO: O hotel foi encontrado  
[2025-02-20 00:19:06] local.INFO: Vai conferir as configurações ( se houver ) de CEP  
[2025-02-20 00:19:06] local.INFO: Opção desativada, não vai alterar o endereço  
[2025-02-20 00:19:10] local.INFO: Vai buscar o hotel e as configurações  
[2025-02-20 00:19:10] local.INFO: O hotel foi encontrado  
[2025-02-20 00:19:10] local.INFO: Vai conferir as configurações ( se houver ) de CEP  
[2025-02-20 00:19:10] local.INFO: Opção desativada, não vai alterar o endereço  
[2025-02-20 00:19:10] local.INFO: Vai buscar o hotel e as configurações  
[2025-02-20 00:19:10] local.INFO: O hotel foi encontrado  
[2025-02-20 00:19:10] local.INFO: Vai conferir as configurações ( se houver ) de CEP  
[2025-02-20 00:19:10] local.INFO: Opção desativada, não vai alterar o endereço  
[2025-02-20 00:19:23] local.INFO: Vai buscar o hotel e as configurações  
[2025-02-20 00:19:23] local.INFO: O hotel foi encontrado  
[2025-02-20 00:19:23] local.INFO: Vai conferir as configurações ( se houver ) de CEP  
[2025-02-20 00:19:23] local.INFO: Opção desativada, não vai alterar o endereço  
[2025-02-20 00:19:23] local.INFO: Vai buscar o hotel e as configurações  
[2025-02-20 00:19:23] local.INFO: O hotel foi encontrado  
[2025-02-20 00:19:23] local.INFO: Vai conferir as configurações ( se houver ) de CEP  
[2025-02-20 00:19:23] local.INFO: Opção desativada, não vai alterar o endereço  
[2025-02-20 00:19:26] local.INFO: Vai buscar o hotel e as configurações  
[2025-02-20 00:19:26] local.INFO: O hotel foi encontrado  
[2025-02-20 00:19:26] local.INFO: Vai conferir as configurações ( se houver ) de CEP  
[2025-02-20 00:19:26] local.INFO: Opção desativada, não vai alterar o endereço  
[2025-02-20 00:19:26] local.INFO: Vai buscar o hotel e as configurações  
[2025-02-20 00:19:26] local.INFO: O hotel foi encontrado  
[2025-02-20 00:19:26] local.INFO: Vai conferir as configurações ( se houver ) de CEP  
[2025-02-20 00:19:26] local.INFO: Opção desativada, não vai alterar o endereço  
[2025-02-20 00:19:31] local.INFO: Vai buscar o hotel e as configurações  
[2025-02-20 00:19:31] local.INFO: O hotel foi encontrado  
[2025-02-20 00:19:31] local.INFO: Vai conferir as configurações ( se houver ) de CEP  
[2025-02-20 00:19:31] local.INFO: Opção desativada, não vai alterar o endereço  
[2025-02-20 00:19:31] local.INFO: Vai buscar o hotel e as configurações  
[2025-02-20 00:19:31] local.INFO: O hotel foi encontrado  
[2025-02-20 00:19:31] local.INFO: Vai conferir as configurações ( se houver ) de CEP  
[2025-02-20 00:19:31] local.INFO: Opção desativada, não vai alterar o endereço  
[2025-02-20 00:19:57] local.INFO: Vai buscar o hotel e as configurações  
[2025-02-20 00:19:57] local.INFO: O hotel foi encontrado  
[2025-02-20 00:19:57] local.INFO: Vai conferir as configurações ( se houver ) de CEP  
[2025-02-20 00:19:57] local.INFO: Opção desativada, não vai alterar o endereço  
[2025-02-20 00:19:57] local.INFO: Vai buscar o hotel e as configurações  
[2025-02-20 00:19:57] local.INFO: O hotel foi encontrado  
[2025-02-20 00:19:57] local.INFO: Vai conferir as configurações ( se houver ) de CEP  
[2025-02-20 00:19:57] local.INFO: Opção desativada, não vai alterar o endereço  
[2025-02-20 00:20:10] local.INFO: Vai buscar o hotel e as configurações  
[2025-02-20 00:20:10] local.INFO: O hotel foi encontrado  
[2025-02-20 00:20:10] local.INFO: Vai conferir as configurações ( se houver ) de CEP  
[2025-02-20 00:20:10] local.INFO: Opção desativada, não vai alterar o endereço  
[2025-02-20 00:20:10] local.INFO: Vai buscar o hotel e as configurações  
[2025-02-20 00:20:10] local.INFO: O hotel foi encontrado  
[2025-02-20 00:20:10] local.INFO: Vai conferir as configurações ( se houver ) de CEP  
[2025-02-20 00:20:10] local.INFO: Opção desativada, não vai alterar o endereço  
[2025-02-20 00:20:10] local.INFO: Vai buscar o hotel e as configurações  
[2025-02-20 00:20:10] local.INFO: O hotel foi encontrado  
[2025-02-20 00:20:10] local.INFO: Vai conferir as configurações ( se houver ) de CEP  
[2025-02-20 00:20:10] local.INFO: Opção desativada, não vai alterar o endereço  
[2025-02-20 00:20:10] local.INFO: Vai buscar o hotel e as configurações  
[2025-02-20 00:20:10] local.INFO: O hotel foi encontrado  
[2025-02-20 00:20:10] local.INFO: Vai conferir as configurações ( se houver ) de CEP  
[2025-02-20 00:20:10] local.INFO: Opção desativada, não vai alterar o endereço  
[2025-02-20 00:20:12] local.INFO: Vai buscar o hotel e as configurações  
[2025-02-20 00:20:12] local.INFO: O hotel foi encontrado  
[2025-02-20 00:20:12] local.INFO: Vai conferir as configurações ( se houver ) de CEP  
[2025-02-20 00:20:12] local.INFO: Opção desativada, não vai alterar o endereço  
[2025-02-20 00:20:12] local.INFO: Vai buscar o hotel e as configurações  
[2025-02-20 00:20:12] local.INFO: O hotel foi encontrado  
[2025-02-20 00:20:12] local.INFO: Vai conferir as configurações ( se houver ) de CEP  
[2025-02-20 00:20:12] local.INFO: Opção desativada, não vai alterar o endereço  
[2025-02-20 00:20:18] local.INFO: Vai buscar o hotel e as configurações  
[2025-02-20 00:20:18] local.INFO: O hotel foi encontrado  
[2025-02-20 00:20:18] local.INFO: Vai conferir as configurações ( se houver ) de CEP  
[2025-02-20 00:20:18] local.INFO: Opção desativada, não vai alterar o endereço  
[2025-02-20 00:20:18] local.INFO: Vai buscar o hotel e as configurações  
[2025-02-20 00:20:18] local.INFO: O hotel foi encontrado  
[2025-02-20 00:20:18] local.INFO: Vai conferir as configurações ( se houver ) de CEP  
[2025-02-20 00:20:18] local.INFO: Opção desativada, não vai alterar o endereço  
[2025-02-20 00:20:19] local.INFO: Vai buscar o hotel e as configurações  
[2025-02-20 00:20:19] local.INFO: O hotel foi encontrado  
[2025-02-20 00:20:19] local.INFO: Vai conferir as configurações ( se houver ) de CEP  
[2025-02-20 00:20:19] local.INFO: Opção desativada, não vai alterar o endereço  
[2025-02-20 00:20:19] local.INFO: Vai buscar o hotel e as configurações  
[2025-02-20 00:20:19] local.INFO: O hotel foi encontrado  
[2025-02-20 00:20:19] local.INFO: Vai conferir as configurações ( se houver ) de CEP  
[2025-02-20 00:20:19] local.INFO: Opção desativada, não vai alterar o endereço  
[2025-02-20 00:20:24] local.INFO: Vai buscar o hotel e as configurações  
[2025-02-20 00:20:25] local.INFO: O hotel foi encontrado  
[2025-02-20 00:20:25] local.INFO: Vai conferir as configurações ( se houver ) de CEP  
[2025-02-20 00:20:25] local.INFO: Opção desativada, não vai alterar o endereço  
[2025-02-20 00:20:25] local.INFO: Vai buscar o hotel e as configurações  
[2025-02-20 00:20:25] local.INFO: O hotel foi encontrado  
[2025-02-20 00:20:25] local.INFO: Vai conferir as configurações ( se houver ) de CEP  
[2025-02-20 00:20:25] local.INFO: Opção desativada, não vai alterar o endereço  
[2025-02-20 00:20:27] local.INFO: Vai buscar o hotel e as configurações  
[2025-02-20 00:20:27] local.INFO: O hotel foi encontrado  
[2025-02-20 00:20:27] local.INFO: Vai conferir as configurações ( se houver ) de CEP  
[2025-02-20 00:20:27] local.INFO: Opção desativada, não vai alterar o endereço  
[2025-02-20 00:20:27] local.INFO: Vai buscar o hotel e as configurações  
[2025-02-20 00:20:27] local.INFO: O hotel foi encontrado  
[2025-02-20 00:20:27] local.INFO: Vai conferir as configurações ( se houver ) de CEP  
[2025-02-20 00:20:27] local.INFO: Opção desativada, não vai alterar o endereço  
[2025-02-20 00:20:29] local.INFO: Vai buscar o hotel e as configurações  
[2025-02-20 00:20:29] local.INFO: O hotel foi encontrado  
[2025-02-20 00:20:29] local.INFO: Vai conferir as configurações ( se houver ) de CEP  
[2025-02-20 00:20:29] local.INFO: Opção desativada, não vai alterar o endereço  
[2025-02-20 00:20:29] local.INFO: Vai buscar o hotel e as configurações  
[2025-02-20 00:20:29] local.INFO: O hotel foi encontrado  
[2025-02-20 00:20:29] local.INFO: Vai conferir as configurações ( se houver ) de CEP  
[2025-02-20 00:20:29] local.INFO: Opção desativada, não vai alterar o endereço  
[2025-02-20 00:20:36] local.INFO: Vai buscar o hotel e as configurações  
[2025-02-20 00:20:36] local.INFO: O hotel foi encontrado  
[2025-02-20 00:20:36] local.INFO: Vai conferir as configurações ( se houver ) de CEP  
[2025-02-20 00:20:36] local.INFO: Opção desativada, não vai alterar o endereço  
[2025-02-20 00:20:36] local.INFO: Vai buscar o hotel e as configurações  
[2025-02-20 00:20:36] local.INFO: O hotel foi encontrado  
[2025-02-20 00:20:36] local.INFO: Vai conferir as configurações ( se houver ) de CEP  
[2025-02-20 00:20:36] local.INFO: Opção desativada, não vai alterar o endereço  
[2025-02-20 00:20:37] local.INFO: Vai buscar o hotel e as configurações  
[2025-02-20 00:20:37] local.INFO: O hotel foi encontrado  
[2025-02-20 00:20:37] local.INFO: Vai conferir as configurações ( se houver ) de CEP  
[2025-02-20 00:20:37] local.INFO: Opção desativada, não vai alterar o endereço  
[2025-02-20 00:20:37] local.INFO: Vai buscar o hotel e as configurações  
[2025-02-20 00:20:37] local.INFO: O hotel foi encontrado  
[2025-02-20 00:20:37] local.INFO: Vai conferir as configurações ( se houver ) de CEP  
[2025-02-20 00:20:37] local.INFO: Opção desativada, não vai alterar o endereço  
[2025-02-20 00:20:41] local.INFO: Vai buscar o hotel e as configurações  
[2025-02-20 00:20:41] local.INFO: O hotel foi encontrado  
[2025-02-20 00:20:41] local.INFO: Vai conferir as configurações ( se houver ) de CEP  
[2025-02-20 00:20:41] local.INFO: Opção desativada, não vai alterar o endereço  
[2025-02-20 00:20:41] local.INFO: Vai buscar o hotel e as configurações  
[2025-02-20 00:20:41] local.INFO: O hotel foi encontrado  
[2025-02-20 00:20:41] local.INFO: Vai conferir as configurações ( se houver ) de CEP  
[2025-02-20 00:20:41] local.INFO: Opção desativada, não vai alterar o endereço  
[2025-02-20 00:21:07] local.INFO: Vai buscar o hotel e as configurações  
[2025-02-20 00:21:07] local.INFO: O hotel foi encontrado  
[2025-02-20 00:21:07] local.INFO: Vai conferir as configurações ( se houver ) de CEP  
[2025-02-20 00:21:07] local.INFO: Opção desativada, não vai alterar o endereço  
[2025-02-20 00:21:07] local.INFO: Vai buscar o hotel e as configurações  
[2025-02-20 00:21:07] local.INFO: O hotel foi encontrado  
[2025-02-20 00:21:07] local.INFO: Vai conferir as configurações ( se houver ) de CEP  
[2025-02-20 00:21:07] local.INFO: Opção desativada, não vai alterar o endereço  
[2025-02-20 00:21:37] local.INFO: Vai buscar o hotel e as configurações  
[2025-02-20 00:21:37] local.INFO: O hotel não foi encontrado  
